I0420 18:25:00.525014 11932 cuckoo_watch.h:44] 94ms in ProcessBatch(lect_batch\aaaabc.batch) [including 7ms in LoadMessage; 3ms in InitializeSparseNdw; 42ms in InferThetaAndUpdateNwtSparse; 36ms in CalculateScore(^^^ItemsProcessedScore^^^); ]
I0420 18:25:00.532521 11932 processor.cc:742] Processor: start processing batch 57a3605c-f749-4c76-ae3c-eed8ccccdecb into model nwt
I0420 18:25:00.571549  2132 c_interface.cc:523] Pass GetScoreValueArgs, score_name=^^^ItemsProcessedScore^^^ to MasterComponent::Request
I0420 18:25:00.571549  2132 c_interface.cc:205] ArtmCopyRequestedMessage is copying 54 bytes...
I0420 18:25:00.588560 11932 processor.cc:830] Processor: complete processing batch 57a3605c-f749-4c76-ae3c-eed8ccccdecb into model nwt
I0420 18:25:00.589061 11932 cuckoo_watch.h:44] 64ms in ProcessBatch(lect_batch\aaaabg.batch) [including 3ms in LoadMessage; 1ms in InitializeSparseNdw; 41ms in InferThetaAndUpdateNwtSparse; 12ms in CalculateScore(^^^ItemsProcessedScore^^^); ]
I0420 18:25:00.595564 11932 processor.cc:742] Processor: start processing batch 87a88801-cb0f-4cd9-8137-b93300ae9e79 into model nwt
I0420 18:25:00.613077 14860 processor.cc:830] Processor: complete processing batch c37c2ed2-a8a9-47a3-8014-2fe358010d54 into model nwt
I0420 18:25:00.615579 14860 cuckoo_watch.h:44] 107ms in ProcessBatch(lect_batch\aaaabf.batch) [including 7ms in LoadMessage; 5ms in InitializeSparseNdw; 40ms in InferThetaAndUpdateNwtSparse; 48ms in CalculateScore(^^^ItemsProcessedScore^^^); ]
I0420 18:25:00.623584 19248 processor.cc:830] Processor: complete processing batch 8384b06c-f2be-4e54-a5ce-a22324f28de9 into model nwt
I0420 18:25:00.625586 19248 cuckoo_watch.h:44] 185ms in ProcessBatch(lect_batch\aaaabd.batch) [including 11ms in LoadMessage; 10ms in InitializeSparseNdw; 66ms in InferThetaAndUpdateNwtSparse; 91ms in CalculateScore(^^^ItemsProcessedScore^^^); ]
I0420 18:25:00.627087 11932 processor.cc:830] Processor: complete processing batch 87a88801-cb0f-4cd9-8137-b93300ae9e79 into model nwt
I0420 18:25:00.627588 18788 processor.cc:830] Processor: complete processing batch 4d9f02b5-ee08-4635-aae2-2b57f1e0a8f0 into model nwt
I0420 18:25:00.627588 11932 cuckoo_watch.h:44] 38ms in ProcessBatch(lect_batch\aaaabh.batch) [including 2ms in LoadMessage; 11ms in InitializeSparseNdw; 11ms in InferThetaAndUpdateNwtSparse; 7ms in CalculateScore(^^^ItemsProcessedScore^^^); ]
I0420 18:25:00.630089 18788 cuckoo_watch.h:44] 187ms in ProcessBatch(lect_batch\aaaabe.batch) [including 11ms in LoadMessage; 7ms in InitializeSparseNdw; 83ms in InferThetaAndUpdateNwtSparse; 79ms in CalculateScore(^^^ItemsProcessedScore^^^); ]
I0420 18:25:00.631090 14860 processor.cc:742] Processor: start processing batch 32275435-e67e-4e83-aa4e-944b12405678 into model nwt
I0420 18:25:00.639596 14860 processor.cc:830] Processor: complete processing batch 32275435-e67e-4e83-aa4e-944b12405678 into model nwt
I0420 18:25:00.640096 14860 cuckoo_watch.h:44] 24ms in ProcessBatch(lect_batch\aaaabi.batch) [including 11ms in LoadMessage; 0ms in InitializeSparseNdw; 4ms in InferThetaAndUpdateNwtSparse; 3ms in CalculateScore(^^^ItemsProcessedScore^^^); ]
I0420 18:25:00.642607 13216 master_component.cc:1200] RegularizeModelArgs: rwt_target_name=rwt, pwt_source_name=pwt, nwt_source_name=nwt
I0420 18:25:00.642607 13216 master_component.cc:785] MasterComponent: start regularizing model pwt
I0420 18:25:00.658613 18788 processor.cc:659] No data in processing queue, waiting...
I0420 18:25:00.658613 19248 processor.cc:659] No data in processing queue, waiting...
I0420 18:25:00.658613 11932 processor.cc:659] No data in processing queue, waiting...
I0420 18:25:00.669118 14860 processor.cc:659] No data in processing queue, waiting...
I0420 18:25:01.315075 13216 master_component.cc:808] MasterComponent: complete regularizing model pwt
I0420 18:25:01.315075 13216 master_component.cc:1211] NormalizeModelArgs: pwt_target_name=pwt, nwt_source_name=nwt, rwt_source_name=rwt
I0420 18:25:01.315075 13216 master_component.cc:812] MasterComponent: start normalizing model nwt
I0420 18:25:01.572257  2132 c_interface.cc:523] Pass GetScoreValueArgs, score_name=^^^ItemsProcessedScore^^^ to MasterComponent::Request
I0420 18:25:01.572759  2132 c_interface.cc:205] ArtmCopyRequestedMessage is copying 54 bytes...
I0420 18:25:01.703851 13216 master_component.cc:834] MasterComponent: complete normalizing model nwt
I0420 18:25:02.573467  2132 c_interface.cc:523] Pass GetScoreValueArgs, score_name=^^^ItemsProcessedScore^^^ to MasterComponent::Request
I0420 18:25:02.573968  2132 c_interface.cc:205] ArtmCopyRequestedMessage is copying 54 bytes...
I0420 18:25:02.971750 13216 master_component.cc:1235] DisposeModel rwt
I0420 18:25:03.005774 13216 master_component.cc:858] FitOffline: ItemsProcessed, num_items=1728, num_batches=35, token_weight=808522, token_weight_in_effect=808522
I0420 18:25:03.042302  2132 c_interface.cc:523] Pass GetScoreValueArgs, score_name=^^^ItemsProcessedScore^^^ to MasterComponent::Request
I0420 18:25:03.042302  2132 c_interface.cc:205] ArtmCopyRequestedMessage is copying 54 bytes...
I0420 18:25:03.045804 13216 c_interface.cc:359] Pass FitOfflineMasterModelArgs, batch_filename_size=35, batch_weight_size=35, num_collection_passes=1 to void (__cdecl artm::core::MasterComponent::*)(class artm::FitOfflineMasterModelArgs const & __ptr64) __ptr64
I0420 18:25:03.046304 13216 master_component.cc:1162] ProcessBatchesArgs: nwt_target_name=nwt, batch_filename_size=35, batch_size=0, batch_weight_size=35, pwt_source_name=pwt, num_document_passes=1, regularizer=(name:SparsePhi, tau:100000), class=(text:1), class=(author:1), reuse_theta=yes, opt_for_avx=yes, predict_class_id=
I0420 18:25:03.273464 11932 processor.cc:666] Processing queue has data, processing started
I0420 18:25:03.274466 19248 processor.cc:666] Processing queue has data, processing started
I0420 18:25:03.276471 14860 processor.cc:666] Processing queue has data, processing started
I0420 18:25:03.281471 11932 processor.cc:742] Processor: start processing batch 89eea304-d5ab-438b-9efa-cecb2608618e into model nwt
I0420 18:25:03.282971 19248 processor.cc:742] Processor: start processing batch 3a94bd7b-574b-4c4c-8b24-25b7e58bf8e0 into model nwt
I0420 18:25:03.285473 14860 processor.cc:742] Processor: start processing batch 94d56e49-c46d-47f3-ac85-fb497313e2ad into model nwt
I0420 18:25:03.298982 11932 processor.cc:830] Processor: complete processing batch 89eea304-d5ab-438b-9efa-cecb2608618e into model nwt
I0420 18:25:03.299482 11932 cuckoo_watch.h:44] 26ms in ProcessBatch(lect_batch\aaaaaa.batch) [including 4ms in LoadMessage; 0ms in InitializeSparseNdw; 8ms in InferThetaAndUpdateNwtSparse; 7ms in CalculateScore(^^^ItemsProcessedScore^^^); ]
I0420 18:25:03.302985 18788 processor.cc:666] Processing queue has data, processing started
I0420 18:25:03.303486 19248 processor.cc:830] Processor: complete processing batch 3a94bd7b-574b-4c4c-8b24-25b7e58bf8e0 into model nwt
I0420 18:25:03.304486 19248 cuckoo_watch.h:44] 30ms in ProcessBatch(lect_batch\aaaaab.batch) [including 3ms in LoadMessage; 0ms in InitializeSparseNdw; 11ms in InferThetaAndUpdateNwtSparse; 8ms in CalculateScore(^^^ItemsProcessedScore^^^); ]
I0420 18:25:03.307988 11932 processor.cc:742] Processor: start processing batch 6c923f16-c2bd-4b09-889c-e6661382781e into model nwt
I0420 18:25:03.314493 18788 processor.cc:742] Processor: start processing batch e8f98400-6be6-4dbe-b465-399aa5c94cc8 into model nwt
I0420 18:25:03.329504 14860 processor.cc:830] Processor: complete processing batch 94d56e49-c46d-47f3-ac85-fb497313e2ad into model nwt
I0420 18:25:03.331506 14860 cuckoo_watch.h:44] 55ms in ProcessBatch(lect_batch\aaaaac.batch) [including 4ms in LoadMessage; 1ms in InitializeSparseNdw; 28ms in InferThetaAndUpdateNwtSparse; 14ms in CalculateScore(^^^ItemsProcessedScore^^^); ]
I0420 18:25:03.332506 19248 processor.cc:742] Processor: start processing batch a4b3f430-17fa-4972-9fe7-e36398e27f77 into model nwt
I0420 18:25:03.340011 14860 processor.cc:742] Processor: start processing batch 434f7b0e-7cec-4f94-a420-dd1a2b522d43 into model nwt
I0420 18:25:03.358024 11932 processor.cc:830] Processor: complete processing batch 6c923f16-c2bd-4b09-889c-e6661382781e into model nwt
I0420 18:25:03.359025 11932 cuckoo_watch.h:44] 59ms in ProcessBatch(lect_batch\aaaaad.batch) [including 4ms in LoadMessage; 8ms in InitializeSparseNdw; 19ms in InferThetaAndUpdateNwtSparse; 20ms in CalculateScore(^^^ItemsProcessedScore^^^); ]
I0420 18:25:03.359025 18788 processor.cc:830] Processor: complete processing batch e8f98400-6be6-4dbe-b465-399aa5c94cc8 into model nwt
I0420 18:25:03.360025 18788 cuckoo_watch.h:44] 57ms in ProcessBatch(lect_batch\aaaaae.batch) [including 5ms in LoadMessage; 2ms in InitializeSparseNdw; 24ms in InferThetaAndUpdateNwtSparse; 17ms in CalculateScore(^^^ItemsProcessedScore^^^); ]
I0420 18:25:03.371035 11932 processor.cc:742] Processor: start processing batch 9d9610e8-b61d-4697-afd4-9fa40ebd8442 into model nwt
I0420 18:25:03.374536 18788 processor.cc:742] Processor: start processing batch 5f8589ed-f350-4c78-bc79-d320c047188a into model nwt
I0420 18:25:03.381541 19248 processor.cc:830] Processor: complete processing batch a4b3f430-17fa-4972-9fe7-e36398e27f77 into model nwt
I0420 18:25:03.382542 19248 cuckoo_watch.h:44] 78ms in ProcessBatch(lect_batch\aaaaaf.batch) [including 4ms in LoadMessage; 2ms in InitializeSparseNdw; 20ms in InferThetaAndUpdateNwtSparse; 25ms in CalculateScore(^^^ItemsProcessedScore^^^); ]
I0420 18:25:03.390547 19248 processor.cc:742] Processor: start processing batch 44addf73-91a5-4d85-bd13-27098a37e4d8 into model nwt
I0420 18:25:03.408560 14860 processor.cc:830] Processor: complete processing batch 434f7b0e-7cec-4f94-a420-dd1a2b522d43 into model nwt
I0420 18:25:03.410061 14860 cuckoo_watch.h:44] 78ms in ProcessBatch(lect_batch\aaaaag.batch) [including 4ms in LoadMessage; 2ms in InitializeSparseNdw; 42ms in InferThetaAndUpdateNwtSparse; 24ms in CalculateScore(^^^ItemsProcessedScore^^^); ]
I0420 18:25:03.411561 18788 processor.cc:830] Processor: complete processing batch 5f8589ed-f350-4c78-bc79-d320c047188a into model nwt
I0420 18:25:03.412564 18788 cuckoo_watch.h:44] 52ms in ProcessBatch(lect_batch\aaaaai.batch) [including 4ms in LoadMessage; 1ms in InitializeSparseNdw; 17ms in InferThetaAndUpdateNwtSparse; 17ms in CalculateScore(^^^ItemsProcessedScore^^^); ]
I0420 18:25:03.417567 14860 processor.cc:742] Processor: start processing batch 306059a4-800c-455a-bcae-c707c939e80c into model nwt
I0420 18:25:03.418566 11932 processor.cc:830] Processor: complete processing batch 9d9610e8-b61d-4697-afd4-9fa40ebd8442 into model nwt
I0420 18:25:03.419567 11932 cuckoo_watch.h:44] 60ms in ProcessBatch(lect_batch\aaaaah.batch) [including 4ms in LoadMessage; 1ms in InitializeSparseNdw; 30ms in InferThetaAndUpdateNwtSparse; 14ms in CalculateScore(^^^ItemsProcessedScore^^^); ]
I0420 18:25:03.421569 18788 processor.cc:742] Processor: start processing batch e832fa18-34c3-47ab-a4a2-c598342a4cc5 into model nwt
I0420 18:25:03.427073 19248 processor.cc:830] Processor: complete processing batch 44addf73-91a5-4d85-bd13-27098a37e4d8 into model nwt
I0420 18:25:03.427574 11932 processor.cc:742] Processor: start processing batch 83756c37-96eb-4334-af0e-e28b6c2001bb into model nwt
I0420 18:25:03.428073 19248 cuckoo_watch.h:44] 45ms in ProcessBatch(lect_batch\aaaaaj.batch) [including 4ms in LoadMessage; 1ms in InitializeSparseNdw; 19ms in InferThetaAndUpdateNwtSparse; 15ms in CalculateScore(^^^ItemsProcessedScore^^^); ]
I0420 18:25:03.446086 19248 processor.cc:742] Processor: start processing batch 4d52cea1-bcd4-4e3e-9acb-13507bc04c2c into model nwt
I0420 18:25:03.463604 14860 processor.cc:830] Processor: complete processing batch 306059a4-800c-455a-bcae-c707c939e80c into model nwt
I0420 18:25:03.465101 14860 cuckoo_watch.h:44] 55ms in ProcessBatch(lect_batch\aaaaak.batch) [including 4ms in LoadMessage; 1ms in InitializeSparseNdw; 25ms in InferThetaAndUpdateNwtSparse; 18ms in CalculateScore(^^^ItemsProcessedScore^^^); ]
I0420 18:25:03.482116 18788 processor.cc:830] Processor: complete processing batch e832fa18-34c3-47ab-a4a2-c598342a4cc5 into model nwt
I0420 18:25:03.484614 14860 processor.cc:742] Processor: start processing batch c26ed093-a126-453f-9ba4-b4a8a1b2d080 into model nwt
I0420 18:25:03.495621 18788 cuckoo_watch.h:44] 82ms in ProcessBatch(lect_batch\aaaaal.batch) [including 5ms in LoadMessage; 3ms in InitializeSparseNdw; 29ms in InferThetaAndUpdateNwtSparse; 27ms in CalculateScore(^^^ItemsProcessedScore^^^); ]
I0420 18:25:03.505630 18788 processor.cc:742] Processor: start processing batch f19fae93-f841-459d-bf3e-7889d79e0ab2 into model nwt
I0420 18:25:03.520640 11932 processor.cc:830] Processor: complete processing batch 83756c37-96eb-4334-af0e-e28b6c2001bb into model nwt
I0420 18:25:03.522141 11932 cuckoo_watch.h:44] 102ms in ProcessBatch(lect_batch\aaaaam.batch) [including 4ms in LoadMessage; 12ms in InitializeSparseNdw; 47ms in InferThetaAndUpdateNwtSparse; 31ms in CalculateScore(^^^ItemsProcessedScore^^^); ]
I0420 18:25:03.532147 11932 processor.cc:742] Processor: start processing batch 43e5f07c-b707-449e-b6af-3f1a3abc4d95 into model nwt
I0420 18:25:03.546658 14860 processor.cc:830] Processor: complete processing batch c26ed093-a126-453f-9ba4-b4a8a1b2d080 into model nwt
I0420 18:25:03.548159 14860 cuckoo_watch.h:44] 82ms in ProcessBatch(lect_batch\aaaaao.batch) [including 6ms in LoadMessage; 3ms in InitializeSparseNdw; 35ms in InferThetaAndUpdateNwtSparse; 23ms in CalculateScore(^^^ItemsProcessedScore^^^); ]
I0420 18:25:03.553163 18788 processor.cc:830] Processor: complete processing batch f19fae93-f841-459d-bf3e-7889d79e0ab2 into model nwt
I0420 18:25:03.554163 18788 cuckoo_watch.h:44] 58ms in ProcessBatch(lect_batch\aaaaap.batch) [including 6ms in LoadMessage; 1ms in InitializeSparseNdw; 16ms in InferThetaAndUpdateNwtSparse; 28ms in CalculateScore(^^^ItemsProcessedScore^^^); ]
I0420 18:25:03.563170 18788 processor.cc:742] Processor: start processing batch 1cc1ce47-daf0-42f0-b58a-6ee7796456ce into model nwt
I0420 18:25:03.564671 19248 processor.cc:830] Processor: complete processing batch 4d52cea1-bcd4-4e3e-9acb-13507bc04c2c into model nwt
I0420 18:25:03.566171 19248 cuckoo_watch.h:44] 137ms in ProcessBatch(lect_batch\aaaaan.batch) [including 14ms in LoadMessage; 21ms in InitializeSparseNdw; 56ms in InferThetaAndUpdateNwtSparse; 40ms in CalculateScore(^^^ItemsProcessedScore^^^); ]
I0420 18:25:03.573678 14860 processor.cc:742] Processor: start processing batch 288a7c66-4706-409c-ab6a-44da1abfcd4e into model nwt
I0420 18:25:03.581183 19248 processor.cc:742] Processor: start processing batch d4854b82-2c49-4f4f-b4fa-c1f37d6f044c into model nwt
I0420 18:25:03.603199 11932 processor.cc:830] Processor: complete processing batch 43e5f07c-b707-449e-b6af-3f1a3abc4d95 into model nwt
I0420 18:25:03.604199 11932 cuckoo_watch.h:44] 81ms in ProcessBatch(lect_batch\aaaaaq.batch) [including 5ms in LoadMessage; 1ms in InitializeSparseNdw; 33ms in InferThetaAndUpdateNwtSparse; 34ms in CalculateScore(^^^ItemsProcessedScore^^^); ]
I0420 18:25:03.619709 11932 processor.cc:742] Processor: start processing batch df5cfc40-f3eb-4708-82d3-58c84efbe69b into model nwt
I0420 18:25:03.621711 14860 processor.cc:830] Processor: complete processing batch 288a7c66-4706-409c-ab6a-44da1abfcd4e into model nwt
I0420 18:25:03.622712 14860 cuckoo_watch.h:44] 74ms in ProcessBatch(lect_batch\aaaaar.batch) [including 3ms in LoadMessage; 2ms in InitializeSparseNdw; 19ms in InferThetaAndUpdateNwtSparse; 25ms in CalculateScore(^^^ItemsProcessedScore^^^); ]
I0420 18:25:03.639724 14860 processor.cc:742] Processor: start processing batch 242701f2-b343-4b71-8b56-53eeb3cc61fa into model nwt
I0420 18:25:03.648730 18788 processor.cc:830] Processor: complete processing batch 1cc1ce47-daf0-42f0-b58a-6ee7796456ce into model nwt
I0420 18:25:03.650231 18788 cuckoo_watch.h:44] 95ms in ProcessBatch(lect_batch\aaaaas.batch) [including 5ms in LoadMessage; 3ms in InitializeSparseNdw; 48ms in InferThetaAndUpdateNwtSparse; 32ms in CalculateScore(^^^ItemsProcessedScore^^^); ]
I0420 18:25:03.665742 18788 processor.cc:742] Processor: start processing batch 23d6cf7c-958e-4135-a9ed-a548321129f2 into model nwt
I0420 18:25:03.722282 19248 processor.cc:830] Processor: complete processing batch d4854b82-2c49-4f4f-b4fa-c1f37d6f044c into model nwt
I0420 18:25:03.724284 19248 cuckoo_watch.h:44] 158ms in ProcessBatch(lect_batch\aaaaat.batch) [including 11ms in LoadMessage; 7ms in InitializeSparseNdw; 69ms in InferThetaAndUpdateNwtSparse; 63ms in CalculateScore(^^^ItemsProcessedScore^^^); ]
I0420 18:25:03.752804 19248 processor.cc:742] Processor: start processing batch 69c23a94-e5e1-4f80-8676-7a5cff167645 into model nwt
I0420 18:25:03.829358 11932 processor.cc:830] Processor: complete processing batch df5cfc40-f3eb-4708-82d3-58c84efbe69b into model nwt
I0420 18:25:03.831861 11932 cuckoo_watch.h:44] 227ms in ProcessBatch(lect_batch\aaaaau.batch) [including 11ms in LoadMessage; 8ms in InitializeSparseNdw; 112ms in InferThetaAndUpdateNwtSparse; 88ms in CalculateScore(^^^ItemsProcessedScore^^^); ]
I0420 18:25:03.847373 11932 processor.cc:742] Processor: start processing batch 8510b034-6c47-4422-89c3-095354b2f706 into model nwt
I0420 18:25:03.849373 14860 processor.cc:830] Processor: complete processing batch 242701f2-b343-4b71-8b56-53eeb3cc61fa into model nwt
I0420 18:25:03.851374 14860 cuckoo_watch.h:44] 228ms in ProcessBatch(lect_batch\aaaaav.batch) [including 13ms in LoadMessage; 22ms in InitializeSparseNdw; 93ms in InferThetaAndUpdateNwtSparse; 92ms in CalculateScore(^^^ItemsProcessedScore^^^); ]
I0420 18:25:03.859879 18788 processor.cc:830] Processor: complete processing batch 23d6cf7c-958e-4135-a9ed-a548321129f2 into model nwt
I0420 18:25:03.861882 18788 cuckoo_watch.h:44] 211ms in ProcessBatch(lect_batch\aaaaaw.batch) [including 11ms in LoadMessage; 14ms in InitializeSparseNdw; 101ms in InferThetaAndUpdateNwtSparse; 77ms in CalculateScore(^^^ItemsProcessedScore^^^); ]
I0420 18:25:03.866385 14860 processor.cc:742] Processor: start processing batch e68e1696-9770-4e23-89ed-28c5beeaf64b into model nwt
I0420 18:25:03.877393 18788 processor.cc:742] Processor: start processing batch 97f7f6cc-a95a-4510-a7c5-57e8ebbd8cf8 into model nwt
I0420 18:25:03.926427 19248 processor.cc:830] Processor: complete processing batch 69c23a94-e5e1-4f80-8676-7a5cff167645 into model nwt
I0420 18:25:03.929930 19248 cuckoo_watch.h:44] 205ms in ProcessBatch(lect_batch\aaaaax.batch) [including 23ms in LoadMessage; 8ms in InitializeSparseNdw; 88ms in InferThetaAndUpdateNwtSparse; 75ms in CalculateScore(^^^ItemsProcessedScore^^^); ]
I0420 18:25:03.949443 19248 processor.cc:742] Processor: start processing batch 731b4771-b9ba-472c-9613-a3ef1ed6a4c3 into model nwt
I0420 18:25:04.019493 11932 processor.cc:830] Processor: complete processing batch 8510b034-6c47-4422-89c3-095354b2f706 into model nwt
I0420 18:25:04.021994 11932 cuckoo_watch.h:44] 190ms in ProcessBatch(lect_batch\aaaaay.batch) [including 12ms in LoadMessage; 10ms in InitializeSparseNdw; 80ms in InferThetaAndUpdateNwtSparse; 80ms in CalculateScore(^^^ItemsProcessedScore^^^); ]
I0420 18:25:04.033504 11932 processor.cc:742] Processor: start processing batch 8ecb0f11-dfe7-47fd-b195-6ef52282e1ec into model nwt
I0420 18:25:04.037506 14860 processor.cc:830] Processor: complete processing batch e68e1696-9770-4e23-89ed-28c5beeaf64b into model nwt
I0420 18:25:04.040509 14860 cuckoo_watch.h:44] 188ms in ProcessBatch(lect_batch\aaaaaz.batch) [including 11ms in LoadMessage; 12ms in InitializeSparseNdw; 79ms in InferThetaAndUpdateNwtSparse; 79ms in CalculateScore(^^^ItemsProcessedScore^^^); ]
I0420 18:25:04.049515  2132 c_interface.cc:523] Pass GetScoreValueArgs, score_name=^^^ItemsProcessedScore^^^ to MasterComponent::Request
I0420 18:25:04.049515  2132 c_interface.cc:205] ArtmCopyRequestedMessage is copying 54 bytes...
I0420 18:25:04.050015 18788 processor.cc:830] Processor: complete processing batch 97f7f6cc-a95a-4510-a7c5-57e8ebbd8cf8 into model nwt
I0420 18:25:04.052516 18788 cuckoo_watch.h:44] 190ms in ProcessBatch(lect_batch\aaaaba.batch) [including 11ms in LoadMessage; 14ms in InitializeSparseNdw; 81ms in InferThetaAndUpdateNwtSparse; 76ms in CalculateScore(^^^ItemsProcessedScore^^^); ]
I0420 18:25:04.063024 14860 processor.cc:742] Processor: start processing batch 8384b06c-f2be-4e54-a5ce-a22324f28de9 into model nwt
I0420 18:25:04.069528 18788 processor.cc:742] Processor: start processing batch 4d9f02b5-ee08-4635-aae2-2b57f1e0a8f0 into model nwt
I0420 18:25:04.073031 19248 processor.cc:830] Processor: complete processing batch 731b4771-b9ba-472c-9613-a3ef1ed6a4c3 into model nwt
I0420 18:25:04.075032 19248 cuckoo_watch.h:44] 145ms in ProcessBatch(lect_batch\aaaabb.batch) [including 15ms in LoadMessage; 6ms in InitializeSparseNdw; 61ms in InferThetaAndUpdateNwtSparse; 55ms in CalculateScore(^^^ItemsProcessedScore^^^); ]
I0420 18:25:04.100050 19248 processor.cc:742] Processor: start processing batch c37c2ed2-a8a9-47a3-8014-2fe358010d54 into model nwt
I0420 18:25:04.132072 11932 processor.cc:830] Processor: complete processing batch 8ecb0f11-dfe7-47fd-b195-6ef52282e1ec into model nwt
I0420 18:25:04.133575 11932 cuckoo_watch.h:44] 111ms in ProcessBatch(lect_batch\aaaabc.batch) [including 7ms in LoadMessage; 5ms in InitializeSparseNdw; 49ms in InferThetaAndUpdateNwtSparse; 43ms in CalculateScore(^^^ItemsProcessedScore^^^); ]
I0420 18:25:04.141080 11932 processor.cc:742] Processor: start processing batch 57a3605c-f749-4c76-ae3c-eed8ccccdecb into model nwt
I0420 18:25:04.171600 11932 processor.cc:830] Processor: complete processing batch 57a3605c-f749-4c76-ae3c-eed8ccccdecb into model nwt
I0420 18:25:04.172602 11932 cuckoo_watch.h:44] 38ms in ProcessBatch(lect_batch\aaaabg.batch) [including 3ms in LoadMessage; 1ms in InitializeSparseNdw; 17ms in InferThetaAndUpdateNwtSparse; 12ms in CalculateScore(^^^ItemsProcessedScore^^^); ]
I0420 18:25:04.179607 11932 processor.cc:742] Processor: start processing batch 87a88801-cb0f-4cd9-8137-b93300ae9e79 into model nwt
I0420 18:25:04.197119 19248 processor.cc:830] Processor: complete processing batch c37c2ed2-a8a9-47a3-8014-2fe358010d54 into model nwt
I0420 18:25:04.198619 19248 cuckoo_watch.h:44] 123ms in ProcessBatch(lect_batch\aaaabf.batch) [including 7ms in LoadMessage; 4ms in InitializeSparseNdw; 50ms in InferThetaAndUpdateNwtSparse; 41ms in CalculateScore(^^^ItemsProcessedScore^^^); ]
I0420 18:25:04.203624 19248 processor.cc:742] Processor: start processing batch 32275435-e67e-4e83-aa4e-944b12405678 into model nwt
I0420 18:25:04.207126 11932 processor.cc:830] Processor: complete processing batch 87a88801-cb0f-4cd9-8137-b93300ae9e79 into model nwt
I0420 18:25:04.207626 11932 cuckoo_watch.h:44] 34ms in ProcessBatch(lect_batch\aaaabh.batch) [including 3ms in LoadMessage; 1ms in InitializeSparseNdw; 17ms in InferThetaAndUpdateNwtSparse; 8ms in CalculateScore(^^^ItemsProcessedScore^^^); ]
I0420 18:25:04.209128 18788 processor.cc:830] Processor: complete processing batch 4d9f02b5-ee08-4635-aae2-2b57f1e0a8f0 into model nwt
I0420 18:25:04.211629 18788 cuckoo_watch.h:44] 159ms in ProcessBatch(lect_batch\aaaabe.batch) [including 13ms in LoadMessage; 8ms in InitializeSparseNdw; 66ms in InferThetaAndUpdateNwtSparse; 63ms in CalculateScore(^^^ItemsProcessedScore^^^); ]
I0420 18:25:04.212630 19248 processor.cc:830] Processor: complete processing batch 32275435-e67e-4e83-aa4e-944b12405678 into model nwt
I0420 18:25:04.213131 19248 cuckoo_watch.h:44] 14ms in ProcessBatch(lect_batch\aaaabi.batch) [including 1ms in LoadMessage; 0ms in InitializeSparseNdw; 4ms in InferThetaAndUpdateNwtSparse; 4ms in CalculateScore(^^^ItemsProcessedScore^^^); ]
I0420 18:25:04.214131 14860 processor.cc:830] Processor: complete processing batch 8384b06c-f2be-4e54-a5ce-a22324f28de9 into model nwt
I0420 18:25:04.216132 14860 cuckoo_watch.h:44] 175ms in ProcessBatch(lect_batch\aaaabd.batch) [including 18ms in LoadMessage; 11ms in InitializeSparseNdw; 73ms in InferThetaAndUpdateNwtSparse; 64ms in CalculateScore(^^^ItemsProcessedScore^^^); ]
I0420 18:25:04.217133 13216 master_component.cc:1200] RegularizeModelArgs: rwt_target_name=rwt, pwt_source_name=pwt, nwt_source_name=nwt
I0420 18:25:04.217133 13216 master_component.cc:785] MasterComponent: start regularizing model pwt
I0420 18:25:04.235647 11932 processor.cc:659] No data in processing queue, waiting...
I0420 18:25:04.238648 18788 processor.cc:659] No data in processing queue, waiting...
I0420 18:25:04.240150 19248 processor.cc:659] No data in processing queue, waiting...
I0420 18:25:04.245653 14860 processor.cc:659] No data in processing queue, waiting...
I0420 18:25:04.871098 13216 master_component.cc:808] MasterComponent: complete regularizing model pwt
I0420 18:25:04.871098 13216 master_component.cc:1211] NormalizeModelArgs: pwt_target_name=pwt, nwt_source_name=nwt, rwt_source_name=rwt
I0420 18:25:04.871098 13216 master_component.cc:812] MasterComponent: start normalizing model nwt
I0420 18:25:05.050225  2132 c_interface.cc:523] Pass GetScoreValueArgs, score_name=^^^ItemsProcessedScore^^^ to MasterComponent::Request
I0420 18:25:05.050225  2132 c_interface.cc:205] ArtmCopyRequestedMessage is copying 54 bytes...
I0420 18:25:05.267879 13216 master_component.cc:834] MasterComponent: complete normalizing model nwt
I0420 18:25:06.050936  2132 c_interface.cc:523] Pass GetScoreValueArgs, score_name=^^^ItemsProcessedScore^^^ to MasterComponent::Request
I0420 18:25:06.050936  2132 c_interface.cc:205] ArtmCopyRequestedMessage is copying 54 bytes...
I0420 18:25:06.547786 13216 master_component.cc:1235] DisposeModel rwt
I0420 18:25:06.578809 13216 master_component.cc:858] FitOffline: ItemsProcessed, num_items=1728, num_batches=35, token_weight=808522, token_weight_in_effect=808522
I0420 18:25:06.617836  2132 c_interface.cc:523] Pass GetScoreValueArgs, score_name=^^^ItemsProcessedScore^^^ to MasterComponent::Request
I0420 18:25:06.618337  2132 c_interface.cc:205] ArtmCopyRequestedMessage is copying 54 bytes...
I0420 18:25:06.621338 13216 c_interface.cc:359] Pass FitOfflineMasterModelArgs, batch_filename_size=35, batch_weight_size=35, num_collection_passes=1 to void (__cdecl artm::core::MasterComponent::*)(class artm::FitOfflineMasterModelArgs const & __ptr64) __ptr64
I0420 18:25:06.621338 13216 master_component.cc:1162] ProcessBatchesArgs: nwt_target_name=nwt, batch_filename_size=35, batch_size=0, batch_weight_size=35, pwt_source_name=pwt, num_document_passes=1, regularizer=(name:SparsePhi, tau:100000), class=(text:1), class=(author:1), reuse_theta=yes, opt_for_avx=yes, predict_class_id=
I0420 18:25:06.855504 11932 processor.cc:666] Processing queue has data, processing started
I0420 18:25:06.857007 19248 processor.cc:666] Processing queue has data, processing started
I0420 18:25:06.862510 11932 processor.cc:742] Processor: start processing batch 89eea304-d5ab-438b-9efa-cecb2608618e into model nwt
I0420 18:25:06.864012 14860 processor.cc:666] Processing queue has data, processing started
I0420 18:25:06.866513 18788 processor.cc:666] Processing queue has data, processing started
I0420 18:25:06.874018 19248 processor.cc:742] Processor: start processing batch 3a94bd7b-574b-4c4c-8b24-25b7e58bf8e0 into model nwt
I0420 18:25:06.877020 18788 processor.cc:742] Processor: start processing batch 6c923f16-c2bd-4b09-889c-e6661382781e into model nwt
I0420 18:25:06.884026 14860 processor.cc:742] Processor: start processing batch 94d56e49-c46d-47f3-ac85-fb497313e2ad into model nwt
I0420 18:25:06.886026 11932 processor.cc:830] Processor: complete processing batch 89eea304-d5ab-438b-9efa-cecb2608618e into model nwt
I0420 18:25:06.887027 11932 cuckoo_watch.h:44] 31ms in ProcessBatch(lect_batch\aaaaaa.batch) [including 3ms in LoadMessage; 1ms in InitializeSparseNdw; 9ms in InferThetaAndUpdateNwtSparse; 12ms in CalculateScore(^^^ItemsProcessedScore^^^); ]
I0420 18:25:06.895033 19248 processor.cc:830] Processor: complete processing batch 3a94bd7b-574b-4c4c-8b24-25b7e58bf8e0 into model nwt
I0420 18:25:06.895534 19248 cuckoo_watch.h:44] 38ms in ProcessBatch(lect_batch\aaaaab.batch) [including 4ms in LoadMessage; 0ms in InitializeSparseNdw; 10ms in InferThetaAndUpdateNwtSparse; 9ms in CalculateScore(^^^ItemsProcessedScore^^^); ]
I0420 18:25:06.897034 11932 processor.cc:742] Processor: start processing batch e8f98400-6be6-4dbe-b465-399aa5c94cc8 into model nwt
I0420 18:25:06.904040 19248 processor.cc:742] Processor: start processing batch a4b3f430-17fa-4972-9fe7-e36398e27f77 into model nwt
I0420 18:25:06.932060 14860 processor.cc:830] Processor: complete processing batch 94d56e49-c46d-47f3-ac85-fb497313e2ad into model nwt
I0420 18:25:06.933059 14860 cuckoo_watch.h:44] 68ms in ProcessBatch(lect_batch\aaaaac.batch) [including 4ms in LoadMessage; 2ms in InitializeSparseNdw; 16ms in InferThetaAndUpdateNwtSparse; 28ms in CalculateScore(^^^ItemsProcessedScore^^^); ]
I0420 18:25:06.945068 14860 processor.cc:742] Processor: start processing batch 434f7b0e-7cec-4f94-a420-dd1a2b522d43 into model nwt
I0420 18:25:06.962080 18788 processor.cc:830] Processor: complete processing batch 6c923f16-c2bd-4b09-889c-e6661382781e into model nwt
I0420 18:25:06.963081 18788 cuckoo_watch.h:44] 96ms in ProcessBatch(lect_batch\aaaaad.batch) [including 5ms in LoadMessage; 2ms in InitializeSparseNdw; 44ms in InferThetaAndUpdateNwtSparse; 37ms in CalculateScore(^^^ItemsProcessedScore^^^); ]
I0420 18:25:06.968087 11932 processor.cc:830] Processor: complete processing batch e8f98400-6be6-4dbe-b465-399aa5c94cc8 into model nwt
I0420 18:25:06.969585 19248 processor.cc:830] Processor: complete processing batch a4b3f430-17fa-4972-9fe7-e36398e27f77 into model nwt
I0420 18:25:06.969585 11932 cuckoo_watch.h:44] 82ms in ProcessBatch(lect_batch\aaaaae.batch) [including 5ms in LoadMessage; 2ms in InitializeSparseNdw; 43ms in InferThetaAndUpdateNwtSparse; 24ms in CalculateScore(^^^ItemsProcessedScore^^^); ]
I0420 18:25:06.970587 19248 cuckoo_watch.h:44] 74ms in ProcessBatch(lect_batch\aaaaaf.batch) [including 4ms in LoadMessage; 13ms in InitializeSparseNdw; 26ms in InferThetaAndUpdateNwtSparse; 24ms in CalculateScore(^^^ItemsProcessedScore^^^); ]
I0420 18:25:06.974089 18788 processor.cc:742] Processor: start processing batch 9d9610e8-b61d-4697-afd4-9fa40ebd8442 into model nwt
I0420 18:25:06.978091 11932 processor.cc:742] Processor: start processing batch 5f8589ed-f350-4c78-bc79-d320c047188a into model nwt
I0420 18:25:06.978091 19248 processor.cc:742] Processor: start processing batch 44addf73-91a5-4d85-bd13-27098a37e4d8 into model nwt
I0420 18:25:06.996104 14860 processor.cc:830] Processor: complete processing batch 434f7b0e-7cec-4f94-a420-dd1a2b522d43 into model nwt
I0420 18:25:06.997606 14860 cuckoo_watch.h:44] 64ms in ProcessBatch(lect_batch\aaaaag.batch) [including 4ms in LoadMessage; 2ms in InitializeSparseNdw; 28ms in InferThetaAndUpdateNwtSparse; 18ms in CalculateScore(^^^ItemsProcessedScore^^^); ]
I0420 18:25:07.017118 19248 processor.cc:830] Processor: complete processing batch 44addf73-91a5-4d85-bd13-27098a37e4d8 into model nwt
I0420 18:25:07.017619 19248 cuckoo_watch.h:44] 47ms in ProcessBatch(lect_batch\aaaaaj.batch) [including 4ms in LoadMessage; 1ms in InitializeSparseNdw; 21ms in InferThetaAndUpdateNwtSparse; 15ms in CalculateScore(^^^ItemsProcessedScore^^^); ]
I0420 18:25:07.028127 14860 processor.cc:742] Processor: start processing batch 306059a4-800c-455a-bcae-c707c939e80c into model nwt
I0420 18:25:07.038133 19248 processor.cc:742] Processor: start processing batch e832fa18-34c3-47ab-a4a2-c598342a4cc5 into model nwt
I0420 18:25:07.039135 11932 processor.cc:830] Processor: complete processing batch 5f8589ed-f350-4c78-bc79-d320c047188a into model nwt
I0420 18:25:07.040135 11932 cuckoo_watch.h:44] 70ms in ProcessBatch(lect_batch\aaaaai.batch) [including 4ms in LoadMessage; 12ms in InitializeSparseNdw; 27ms in InferThetaAndUpdateNwtSparse; 20ms in CalculateScore(^^^ItemsProcessedScore^^^); ]
I0420 18:25:07.040637 18788 processor.cc:830] Processor: complete processing batch 9d9610e8-b61d-4697-afd4-9fa40ebd8442 into model nwt
I0420 18:25:07.041636 18788 cuckoo_watch.h:44] 78ms in ProcessBatch(lect_batch\aaaaah.batch) [including 7ms in LoadMessage; 1ms in InitializeSparseNdw; 46ms in InferThetaAndUpdateNwtSparse; 18ms in CalculateScore(^^^ItemsProcessedScore^^^); ]
I0420 18:25:07.049142 11932 processor.cc:742] Processor: start processing batch 83756c37-96eb-4334-af0e-e28b6c2001bb into model nwt
I0420 18:25:07.055646 18788 processor.cc:742] Processor: start processing batch 4d52cea1-bcd4-4e3e-9acb-13507bc04c2c into model nwt
I0420 18:25:07.071158 14860 processor.cc:830] Processor: complete processing batch 306059a4-800c-455a-bcae-c707c939e80c into model nwt
I0420 18:25:07.072158 14860 cuckoo_watch.h:44] 74ms in ProcessBatch(lect_batch\aaaaak.batch) [including 25ms in LoadMessage; 1ms in InitializeSparseNdw; 19ms in InferThetaAndUpdateNwtSparse; 21ms in CalculateScore(^^^ItemsProcessedScore^^^); ]
I0420 18:25:07.081665 14860 processor.cc:742] Processor: start processing batch c26ed093-a126-453f-9ba4-b4a8a1b2d080 into model nwt
I0420 18:25:07.087669 19248 processor.cc:830] Processor: complete processing batch e832fa18-34c3-47ab-a4a2-c598342a4cc5 into model nwt
I0420 18:25:07.089172 19248 cuckoo_watch.h:44] 71ms in ProcessBatch(lect_batch\aaaaal.batch) [including 6ms in LoadMessage; 2ms in InitializeSparseNdw; 23ms in InferThetaAndUpdateNwtSparse; 23ms in CalculateScore(^^^ItemsProcessedScore^^^); ]
I0420 18:25:07.097177 19248 processor.cc:742] Processor: start processing batch f19fae93-f841-459d-bf3e-7889d79e0ab2 into model nwt
I0420 18:25:07.107683 11932 processor.cc:830] Processor: complete processing batch 83756c37-96eb-4334-af0e-e28b6c2001bb into model nwt
I0420 18:25:07.108685 11932 cuckoo_watch.h:44] 68ms in ProcessBatch(lect_batch\aaaaam.batch) [including 5ms in LoadMessage; 2ms in InitializeSparseNdw; 30ms in InferThetaAndUpdateNwtSparse; 25ms in CalculateScore(^^^ItemsProcessedScore^^^); ]
I0420 18:25:07.118691 11932 processor.cc:742] Processor: start processing batch 43e5f07c-b707-449e-b6af-3f1a3abc4d95 into model nwt
I0420 18:25:07.124194 18788 processor.cc:830] Processor: complete processing batch 4d52cea1-bcd4-4e3e-9acb-13507bc04c2c into model nwt
I0420 18:25:07.132200 18788 cuckoo_watch.h:44] 90ms in ProcessBatch(lect_batch\aaaaan.batch) [including 6ms in LoadMessage; 3ms in InitializeSparseNdw; 35ms in InferThetaAndUpdateNwtSparse; 29ms in CalculateScore(^^^ItemsProcessedScore^^^); ]
I0420 18:25:07.140707 18788 processor.cc:742] Processor: start processing batch 288a7c66-4706-409c-ab6a-44da1abfcd4e into model nwt
I0420 18:25:07.141707 19248 processor.cc:830] Processor: complete processing batch f19fae93-f841-459d-bf3e-7889d79e0ab2 into model nwt
I0420 18:25:07.142709 19248 cuckoo_watch.h:44] 53ms in ProcessBatch(lect_batch\aaaaap.batch) [including 4ms in LoadMessage; 2ms in InitializeSparseNdw; 23ms in InferThetaAndUpdateNwtSparse; 17ms in CalculateScore(^^^ItemsProcessedScore^^^); ]
I0420 18:25:07.149214 14860 processor.cc:830] Processor: complete processing batch c26ed093-a126-453f-9ba4-b4a8a1b2d080 into model nwt
I0420 18:25:07.150714 14860 cuckoo_watch.h:44] 78ms in ProcessBatch(lect_batch\aaaaao.batch) [including 5ms in LoadMessage; 2ms in InitializeSparseNdw; 33ms in InferThetaAndUpdateNwtSparse; 30ms in CalculateScore(^^^ItemsProcessedScore^^^); ]
I0420 18:25:07.159720 19248 processor.cc:742] Processor: start processing batch 1cc1ce47-daf0-42f0-b58a-6ee7796456ce into model nwt
I0420 18:25:07.163223 11932 processor.cc:830] Processor: complete processing batch 43e5f07c-b707-449e-b6af-3f1a3abc4d95 into model nwt
I0420 18:25:07.164723 11932 cuckoo_watch.h:44] 55ms in ProcessBatch(lect_batch\aaaaaq.batch) [including 6ms in LoadMessage; 1ms in InitializeSparseNdw; 23ms in InferThetaAndUpdateNwtSparse; 19ms in CalculateScore(^^^ItemsProcessedScore^^^); ]
I0420 18:25:07.165724 14860 processor.cc:742] Processor: start processing batch d4854b82-2c49-4f4f-b4fa-c1f37d6f044c into model nwt
I0420 18:25:07.181236 18788 processor.cc:830] Processor: complete processing batch 288a7c66-4706-409c-ab6a-44da1abfcd4e into model nwt
I0420 18:25:07.182236 18788 cuckoo_watch.h:44] 50ms in ProcessBatch(lect_batch\aaaaar.batch) [including 5ms in LoadMessage; 1ms in InitializeSparseNdw; 17ms in InferThetaAndUpdateNwtSparse; 20ms in CalculateScore(^^^ItemsProcessedScore^^^); ]
I0420 18:25:07.193744 11932 processor.cc:742] Processor: start processing batch df5cfc40-f3eb-4708-82d3-58c84efbe69b into model nwt
I0420 18:25:07.204252 18788 processor.cc:742] Processor: start processing batch 242701f2-b343-4b71-8b56-53eeb3cc61fa into model nwt
I0420 18:25:07.227768 19248 processor.cc:830] Processor: complete processing batch 1cc1ce47-daf0-42f0-b58a-6ee7796456ce into model nwt
I0420 18:25:07.229270 19248 cuckoo_watch.h:44] 86ms in ProcessBatch(lect_batch\aaaaas.batch) [including 13ms in LoadMessage; 2ms in InitializeSparseNdw; 25ms in InferThetaAndUpdateNwtSparse; 39ms in CalculateScore(^^^ItemsProcessedScore^^^); ]
I0420 18:25:07.247783 19248 processor.cc:742] Processor: start processing batch 23d6cf7c-958e-4135-a9ed-a548321129f2 into model nwt
I0420 18:25:07.312328 14860 processor.cc:830] Processor: complete processing batch d4854b82-2c49-4f4f-b4fa-c1f37d6f044c into model nwt
I0420 18:25:07.315330 14860 cuckoo_watch.h:44] 164ms in ProcessBatch(lect_batch\aaaaat.batch) [including 10ms in LoadMessage; 11ms in InitializeSparseNdw; 68ms in InferThetaAndUpdateNwtSparse; 65ms in CalculateScore(^^^ItemsProcessedScore^^^); ]
I0420 18:25:07.334844 14860 processor.cc:742] Processor: start processing batch 69c23a94-e5e1-4f80-8676-7a5cff167645 into model nwt
I0420 18:25:07.382378 11932 processor.cc:830] Processor: complete processing batch df5cfc40-f3eb-4708-82d3-58c84efbe69b into model nwt
I0420 18:25:07.386381 11932 cuckoo_watch.h:44] 221ms in ProcessBatch(lect_batch\aaaaau.batch) [including 25ms in LoadMessage; 12ms in InitializeSparseNdw; 89ms in InferThetaAndUpdateNwtSparse; 86ms in CalculateScore(^^^ItemsProcessedScore^^^); ]
I0420 18:25:07.387882 18788 processor.cc:830] Processor: complete processing batch 242701f2-b343-4b71-8b56-53eeb3cc61fa into model nwt
I0420 18:25:07.390885 18788 cuckoo_watch.h:44] 208ms in ProcessBatch(lect_batch\aaaaav.batch) [including 12ms in LoadMessage; 15ms in InitializeSparseNdw; 78ms in InferThetaAndUpdateNwtSparse; 89ms in CalculateScore(^^^ItemsProcessedScore^^^); ]
I0420 18:25:07.403393 11932 processor.cc:742] Processor: start processing batch 8510b034-6c47-4422-89c3-095354b2f706 into model nwt
I0420 18:25:07.409898 18788 processor.cc:742] Processor: start processing batch e68e1696-9770-4e23-89ed-28c5beeaf64b into model nwt
I0420 18:25:07.413902 19248 processor.cc:830] Processor: complete processing batch 23d6cf7c-958e-4135-a9ed-a548321129f2 into model nwt
I0420 18:25:07.417903 19248 cuckoo_watch.h:44] 188ms in ProcessBatch(lect_batch\aaaaaw.batch) [including 15ms in LoadMessage; 8ms in InitializeSparseNdw; 77ms in InferThetaAndUpdateNwtSparse; 78ms in CalculateScore(^^^ItemsProcessedScore^^^); ]
I0420 18:25:07.438918 19248 processor.cc:742] Processor: start processing batch 97f7f6cc-a95a-4510-a7c5-57e8ebbd8cf8 into model nwt
I0420 18:25:07.509968 14860 processor.cc:830] Processor: complete processing batch 69c23a94-e5e1-4f80-8676-7a5cff167645 into model nwt
I0420 18:25:07.512470 14860 cuckoo_watch.h:44] 196ms in ProcessBatch(lect_batch\aaaaax.batch) [including 12ms in LoadMessage; 9ms in InitializeSparseNdw; 85ms in InferThetaAndUpdateNwtSparse; 79ms in CalculateScore(^^^ItemsProcessedScore^^^); ]
I0420 18:25:07.532985 14860 processor.cc:742] Processor: start processing batch 731b4771-b9ba-472c-9613-a3ef1ed6a4c3 into model nwt
I0420 18:25:07.582520 11932 processor.cc:830] Processor: complete processing batch 8510b034-6c47-4422-89c3-095354b2f706 into model nwt
I0420 18:25:07.586022 11932 cuckoo_watch.h:44] 199ms in ProcessBatch(lect_batch\aaaaay.batch) [including 13ms in LoadMessage; 10ms in InitializeSparseNdw; 82ms in InferThetaAndUpdateNwtSparse; 79ms in CalculateScore(^^^ItemsProcessedScore^^^); ]
I0420 18:25:07.587023 18788 processor.cc:830] Processor: complete processing batch e68e1696-9770-4e23-89ed-28c5beeaf64b into model nwt
I0420 18:25:07.589524 18788 cuckoo_watch.h:44] 198ms in ProcessBatch(lect_batch\aaaaaz.batch) [including 14ms in LoadMessage; 10ms in InitializeSparseNdw; 92ms in InferThetaAndUpdateNwtSparse; 73ms in CalculateScore(^^^ItemsProcessedScore^^^); ]
I0420 18:25:07.598031 11932 processor.cc:742] Processor: start processing batch 8ecb0f11-dfe7-47fd-b195-6ef52282e1ec into model nwt
I0420 18:25:07.608038 18788 processor.cc:742] Processor: start processing batch 8384b06c-f2be-4e54-a5ce-a22324f28de9 into model nwt
I0420 18:25:07.619045 19248 processor.cc:830] Processor: complete processing batch 97f7f6cc-a95a-4510-a7c5-57e8ebbd8cf8 into model nwt
I0420 18:25:07.629053  2132 c_interface.cc:523] Pass GetScoreValueArgs, score_name=^^^ItemsProcessedScore^^^ to MasterComponent::Request
I0420 18:25:07.629053  2132 c_interface.cc:205] ArtmCopyRequestedMessage is copying 54 bytes...
I0420 18:25:07.631054 19248 cuckoo_watch.h:44] 212ms in ProcessBatch(lect_batch\aaaaba.batch) [including 15ms in LoadMessage; 9ms in InitializeSparseNdw; 85ms in InferThetaAndUpdateNwtSparse; 84ms in CalculateScore(^^^ItemsProcessedScore^^^); ]
I0420 18:25:07.649070 19248 processor.cc:742] Processor: start processing batch 4d9f02b5-ee08-4635-aae2-2b57f1e0a8f0 into model nwt
I0420 18:25:07.651069 14860 processor.cc:830] Processor: complete processing batch 731b4771-b9ba-472c-9613-a3ef1ed6a4c3 into model nwt
I0420 18:25:07.653571 14860 cuckoo_watch.h:44] 141ms in ProcessBatch(lect_batch\aaaabb.batch) [including 16ms in LoadMessage; 5ms in InitializeSparseNdw; 53ms in InferThetaAndUpdateNwtSparse; 58ms in CalculateScore(^^^ItemsProcessedScore^^^); ]
I0420 18:25:07.665580 14860 processor.cc:742] Processor: start processing batch c37c2ed2-a8a9-47a3-8014-2fe358010d54 into model nwt
I0420 18:25:07.711112 11932 processor.cc:830] Processor: complete processing batch 8ecb0f11-dfe7-47fd-b195-6ef52282e1ec into model nwt
I0420 18:25:07.712612 11932 cuckoo_watch.h:44] 126ms in ProcessBatch(lect_batch\aaaabc.batch) [including 7ms in LoadMessage; 11ms in InitializeSparseNdw; 52ms in InferThetaAndUpdateNwtSparse; 47ms in CalculateScore(^^^ItemsProcessedScore^^^); ]
I0420 18:25:07.720618 11932 processor.cc:742] Processor: start processing batch 57a3605c-f749-4c76-ae3c-eed8ccccdecb into model nwt
I0420 18:25:07.750139 14860 processor.cc:830] Processor: complete processing batch c37c2ed2-a8a9-47a3-8014-2fe358010d54 into model nwt
I0420 18:25:07.751641 11932 processor.cc:830] Processor: complete processing batch 57a3605c-f749-4c76-ae3c-eed8ccccdecb into model nwt
I0420 18:25:07.752640 11932 cuckoo_watch.h:44] 39ms in ProcessBatch(lect_batch\aaaabg.batch) [including 4ms in LoadMessage; 1ms in InitializeSparseNdw; 18ms in InferThetaAndUpdateNwtSparse; 11ms in CalculateScore(^^^ItemsProcessedScore^^^); ]
I0420 18:25:07.753141 14860 cuckoo_watch.h:44] 99ms in ProcessBatch(lect_batch\aaaabf.batch) [including 7ms in LoadMessage; 6ms in InitializeSparseNdw; 42ms in InferThetaAndUpdateNwtSparse; 35ms in CalculateScore(^^^ItemsProcessedScore^^^); ]
I0420 18:25:07.758144 14860 processor.cc:742] Processor: start processing batch 32275435-e67e-4e83-aa4e-944b12405678 into model nwt
I0420 18:25:07.758144 11932 processor.cc:742] Processor: start processing batch 87a88801-cb0f-4cd9-8137-b93300ae9e79 into model nwt
I0420 18:25:07.760646 18788 processor.cc:830] Processor: complete processing batch 8384b06c-f2be-4e54-a5ce-a22324f28de9 into model nwt
I0420 18:25:07.763149 18788 cuckoo_watch.h:44] 173ms in ProcessBatch(lect_batch\aaaabd.batch) [including 15ms in LoadMessage; 8ms in InitializeSparseNdw; 74ms in InferThetaAndUpdateNwtSparse; 69ms in CalculateScore(^^^ItemsProcessedScore^^^); ]
I0420 18:25:07.766650 14860 processor.cc:830] Processor: complete processing batch 32275435-e67e-4e83-aa4e-944b12405678 into model nwt
I0420 18:25:07.767151 14860 cuckoo_watch.h:44] 13ms in ProcessBatch(lect_batch\aaaabi.batch) [including 1ms in LoadMessage; 0ms in InitializeSparseNdw; 4ms in InferThetaAndUpdateNwtSparse; 3ms in CalculateScore(^^^ItemsProcessedScore^^^); ]
I0420 18:25:07.785164 11932 processor.cc:830] Processor: complete processing batch 87a88801-cb0f-4cd9-8137-b93300ae9e79 into model nwt
I0420 18:25:07.785663 11932 cuckoo_watch.h:44] 33ms in ProcessBatch(lect_batch\aaaabh.batch) [including 2ms in LoadMessage; 0ms in InitializeSparseNdw; 10ms in InferThetaAndUpdateNwtSparse; 15ms in CalculateScore(^^^ItemsProcessedScore^^^); ]
I0420 18:25:07.789166 19248 processor.cc:830] Processor: complete processing batch 4d9f02b5-ee08-4635-aae2-2b57f1e0a8f0 into model nwt
I0420 18:25:07.796171 19248 cuckoo_watch.h:44] 165ms in ProcessBatch(lect_batch\aaaabe.batch) [including 13ms in LoadMessage; 8ms in InitializeSparseNdw; 66ms in InferThetaAndUpdateNwtSparse; 64ms in CalculateScore(^^^ItemsProcessedScore^^^); ]
I0420 18:25:07.796672 13216 master_component.cc:1200] RegularizeModelArgs: rwt_target_name=rwt, pwt_source_name=pwt, nwt_source_name=nwt
I0420 18:25:07.796672 13216 master_component.cc:785] MasterComponent: start regularizing model pwt
I0420 18:25:07.804178 18788 processor.cc:659] No data in processing queue, waiting...
I0420 18:25:07.804178 14860 processor.cc:659] No data in processing queue, waiting...
I0420 18:25:07.813184 11932 processor.cc:659] No data in processing queue, waiting...
I0420 18:25:07.822690 19248 processor.cc:659] No data in processing queue, waiting...
I0420 18:25:08.463145 13216 master_component.cc:808] MasterComponent: complete regularizing model pwt
I0420 18:25:08.463145 13216 master_component.cc:1211] NormalizeModelArgs: pwt_target_name=pwt, nwt_source_name=nwt, rwt_source_name=rwt
I0420 18:25:08.463145 13216 master_component.cc:812] MasterComponent: start normalizing model nwt
I0420 18:25:08.629263  2132 c_interface.cc:523] Pass GetScoreValueArgs, score_name=^^^ItemsProcessedScore^^^ to MasterComponent::Request
I0420 18:25:08.629763  2132 c_interface.cc:205] ArtmCopyRequestedMessage is copying 54 bytes...
I0420 18:25:08.848428 13216 master_component.cc:834] MasterComponent: complete normalizing model nwt
I0420 18:25:09.635601  2132 c_interface.cc:523] Pass GetScoreValueArgs, score_name=^^^ItemsProcessedScore^^^ to MasterComponent::Request
I0420 18:25:09.635601  2132 c_interface.cc:205] ArtmCopyRequestedMessage is copying 54 bytes...
I0420 18:25:10.274554 13216 master_component.cc:1235] DisposeModel rwt
I0420 18:25:10.309579 13216 master_component.cc:858] FitOffline: ItemsProcessed, num_items=1728, num_batches=35, token_weight=808522, token_weight_in_effect=808522
I0420 18:25:10.352609  2132 c_interface.cc:523] Pass GetScoreValueArgs, score_name=^^^ItemsProcessedScore^^^ to MasterComponent::Request
I0420 18:25:10.353111  2132 c_interface.cc:205] ArtmCopyRequestedMessage is copying 54 bytes...
I0420 18:25:10.355612 13216 c_interface.cc:359] Pass FitOfflineMasterModelArgs, batch_filename_size=35, batch_weight_size=35, num_collection_passes=1 to void (__cdecl artm::core::MasterComponent::*)(class artm::FitOfflineMasterModelArgs const & __ptr64) __ptr64
I0420 18:25:10.355612 13216 master_component.cc:1162] ProcessBatchesArgs: nwt_target_name=nwt, batch_filename_size=35, batch_size=0, batch_weight_size=35, pwt_source_name=pwt, num_document_passes=1, regularizer=(name:SparsePhi, tau:100000), class=(text:1), class=(author:1), reuse_theta=yes, opt_for_avx=yes, predict_class_id=
I0420 18:25:10.602787 19248 processor.cc:666] Processing queue has data, processing started
I0420 18:25:10.610792 19248 processor.cc:742] Processor: start processing batch 89eea304-d5ab-438b-9efa-cecb2608618e into model nwt
I0420 18:25:10.615296 14860 processor.cc:666] Processing queue has data, processing started
I0420 18:25:10.619798 18788 processor.cc:666] Processing queue has data, processing started
I0420 18:25:10.622802 14860 processor.cc:742] Processor: start processing batch 3a94bd7b-574b-4c4c-8b24-25b7e58bf8e0 into model nwt
I0420 18:25:10.627305 11932 processor.cc:666] Processing queue has data, processing started
I0420 18:25:10.627305 18788 processor.cc:742] Processor: start processing batch 94d56e49-c46d-47f3-ac85-fb497313e2ad into model nwt
I0420 18:25:10.629806 19248 processor.cc:830] Processor: complete processing batch 89eea304-d5ab-438b-9efa-cecb2608618e into model nwt
I0420 18:25:10.630806 19248 cuckoo_watch.h:44] 27ms in ProcessBatch(lect_batch\aaaaaa.batch) [including 4ms in LoadMessage; 0ms in InitializeSparseNdw; 10ms in InferThetaAndUpdateNwtSparse; 7ms in CalculateScore(^^^ItemsProcessedScore^^^); ]
I0420 18:25:10.636811 11932 processor.cc:742] Processor: start processing batch 6c923f16-c2bd-4b09-889c-e6661382781e into model nwt
I0420 18:25:10.665331 19248 processor.cc:742] Processor: start processing batch e8f98400-6be6-4dbe-b465-399aa5c94cc8 into model nwt
I0420 18:25:10.676839 14860 processor.cc:830] Processor: complete processing batch 3a94bd7b-574b-4c4c-8b24-25b7e58bf8e0 into model nwt
I0420 18:25:10.677340 14860 cuckoo_watch.h:44] 61ms in ProcessBatch(lect_batch\aaaaab.batch) [including 3ms in LoadMessage; 0ms in InitializeSparseNdw; 10ms in InferThetaAndUpdateNwtSparse; 42ms in CalculateScore(^^^ItemsProcessedScore^^^); ]
I0420 18:25:10.685345 14860 processor.cc:742] Processor: start processing batch a4b3f430-17fa-4972-9fe7-e36398e27f77 into model nwt
I0420 18:25:10.690347 18788 processor.cc:830] Processor: complete processing batch 94d56e49-c46d-47f3-ac85-fb497313e2ad into model nwt
