Log file created at: 2017/04/20 18:22:52
Running on machine: MININT-RCBK2JF
Log line format: [IWEF]mmdd hh:mm:ss.uuuuuu threadid file:line] msg
I0420 18:22:52.294831  2132 c_interface.cc:102] Logging enabled to .
I0420 18:22:52.296831  2132 instance.cc:380] MasterModelConfig.processors_count is automatically set to 4
I0420 18:22:52.297832  2132 c_interface.cc:246] Creating MasterModel (id=1)...
I0420 18:22:52.298832 17952 processor.cc:643] Processor thread started
I0420 18:22:52.298832 17952 processor.cc:651] Processor thread stopped
I0420 18:22:52.298832 17952 processor.cc:652] Total number of processed batches: 0
I0420 18:22:52.299834 17944 processor.cc:643] Processor thread started
I0420 18:22:52.299834  7444 processor.cc:643] Processor thread started
I0420 18:22:52.299834 16912 processor.cc:643] Processor thread started
I0420 18:22:52.306838 17944 processor.cc:651] Processor thread stopped
I0420 18:22:52.306838 17944 processor.cc:652] Total number of processed batches: 0
I0420 18:22:52.307839  7444 processor.cc:651] Processor thread stopped
I0420 18:22:52.307839  7444 processor.cc:652] Total number of processed batches: 0
I0420 18:22:52.308840 16912 processor.cc:651] Processor thread stopped
I0420 18:22:52.308840 16912 processor.cc:652] Total number of processed batches: 0
I0420 18:22:52.308840  2132 c_interface.cc:309] Disposing MasterComponent (id=1)...
I0420 18:22:52.335865  2132 c_interface.cc:246] Creating MasterModel (id=2)...
E0420 18:22:52.338873  2132 c_interface.cc:59] DiskReadException :  File Week4/lectures.txt does not exist.
I0420 18:23:23.642956  2132 instance.cc:380] MasterModelConfig.processors_count is automatically set to 4
I0420 18:23:23.643957  2132 c_interface.cc:246] Creating MasterModel (id=3)...
I0420 18:23:23.645961 17776 processor.cc:643] Processor thread started
I0420 18:23:23.645961 17776 processor.cc:651] Processor thread stopped
I0420 18:23:23.645961 17776 processor.cc:652] Total number of processed batches: 0
I0420 18:23:23.646960 15936 processor.cc:643] Processor thread started
I0420 18:23:23.647960 19484 processor.cc:643] Processor thread started
I0420 18:23:23.648461 13252 processor.cc:643] Processor thread started
I0420 18:23:23.649461 15936 processor.cc:651] Processor thread stopped
I0420 18:23:23.649461 15936 processor.cc:652] Total number of processed batches: 0
I0420 18:23:23.650463 19484 processor.cc:651] Processor thread stopped
I0420 18:23:23.650463 19484 processor.cc:652] Total number of processed batches: 0
I0420 18:23:23.651963 13252 processor.cc:651] Processor thread stopped
I0420 18:23:23.651963 13252 processor.cc:652] Total number of processed batches: 0
I0420 18:23:23.652464  2132 c_interface.cc:309] Disposing MasterComponent (id=3)...
I0420 18:23:23.664971  2132 c_interface.cc:246] Creating MasterModel (id=4)...
E0420 18:23:23.667475  2132 c_interface.cc:59] DiskReadException :  File Week4/lectures.txt does not exist.
I0420 18:23:23.668475  2132 c_interface.cc:345] Pass b079b806-3d2c-44ae-931c-d4dc59e8f118 to void (__cdecl artm::core::MasterComponent::*)(class std::basic_string<char,struct std::char_traits<char>,class std::allocator<char> > const & __ptr64) __ptr64
I0420 18:23:23.668975  2132 c_interface.cc:309] Disposing MasterComponent (id=2)...
I0420 18:23:41.476225  2132 instance.cc:380] MasterModelConfig.processors_count is automatically set to 4
I0420 18:23:41.477226  2132 c_interface.cc:246] Creating MasterModel (id=5)...
I0420 18:23:41.477226 15424 processor.cc:643] Processor thread started
I0420 18:23:41.477226 15424 processor.cc:651] Processor thread stopped
I0420 18:23:41.477226 15424 processor.cc:652] Total number of processed batches: 0
I0420 18:23:41.478226 17984 processor.cc:643] Processor thread started
I0420 18:23:41.478226 12460 processor.cc:643] Processor thread started
I0420 18:23:41.478226 11348 processor.cc:643] Processor thread started
I0420 18:23:41.480228 17984 processor.cc:651] Processor thread stopped
I0420 18:23:41.480228 17984 processor.cc:652] Total number of processed batches: 0
I0420 18:23:41.481228 12460 processor.cc:651] Processor thread stopped
I0420 18:23:41.481228 12460 processor.cc:652] Total number of processed batches: 0
I0420 18:23:41.482230 11348 processor.cc:651] Processor thread stopped
I0420 18:23:41.482230 11348 processor.cc:652] Total number of processed batches: 0
I0420 18:23:41.482230  2132 c_interface.cc:309] Disposing MasterComponent (id=5)...
I0420 18:23:41.496239  2132 c_interface.cc:246] Creating MasterModel (id=6)...
I0420 18:23:41.500241  2132 collection_parser.cc:534] CollectionParserConfig.num_threads is automatically set to 4
I0420 18:23:45.133831  2132 c_interface.cc:345] Pass 31f5318b-e109-4f1b-947d-513eac44cb4c to void (__cdecl artm::core::MasterComponent::*)(class std::basic_string<char,struct std::char_traits<char>,class std::allocator<char> > const & __ptr64) __ptr64
I0420 18:23:45.134832  2132 c_interface.cc:359] Pass GatherDictionaryArgs: dictionary_target_name=31f5318b-e109-4f1b-947d-513eac44cb4c, data_path=lect_batch, symmetric_cooc_values=0 to void (__cdecl artm::core::MasterComponent::*)(class artm::GatherDictionaryArgs const & __ptr64) __ptr64
I0420 18:23:45.155346  2132 dictionary_operations.cc:235] Found 35 batches in 'lect_batch' folder
I0420 18:23:46.131039  2132 dictionary_operations.cc:292] Find 26866 unique tokens in 1728 items
I0420 18:23:56.107033  2132 instance.cc:380] MasterModelConfig.processors_count is automatically set to 4
I0420 18:23:56.108033  2132 c_interface.cc:246] Creating MasterModel (id=7)...
I0420 18:23:56.124552 18788 processor.cc:643] Processor thread started
I0420 18:23:56.125052 11932 processor.cc:643] Processor thread started
I0420 18:23:56.125551 19248 processor.cc:643] Processor thread started
I0420 18:23:56.126052 14860 processor.cc:643] Processor thread started
I0420 18:23:56.150171 11932 processor.cc:659] No data in processing queue, waiting...
I0420 18:23:56.150171 18788 processor.cc:659] No data in processing queue, waiting...
I0420 18:23:56.151172 14860 processor.cc:659] No data in processing queue, waiting...
I0420 18:23:56.151172 19248 processor.cc:659] No data in processing queue, waiting...
I0420 18:24:00.165145  2132 c_interface.cc:246] Creating MasterModel (id=8)...
I0420 18:24:00.165145  2132 c_interface.cc:345] Pass dictionary to void (__cdecl artm::core::MasterComponent::*)(class std::basic_string<char,struct std::char_traits<char>,class std::allocator<char> > const & __ptr64) __ptr64
I0420 18:24:00.166146  2132 c_interface.cc:359] Pass GatherDictionaryArgs: dictionary_target_name=dictionary, data_path=lect_batch, symmetric_cooc_values=0 to void (__cdecl artm::core::MasterComponent::*)(class artm::GatherDictionaryArgs const & __ptr64) __ptr64
I0420 18:24:00.180161  2132 dictionary_operations.cc:235] Found 35 batches in 'lect_batch' folder
I0420 18:24:00.842721  2132 dictionary_operations.cc:292] Find 26866 unique tokens in 1728 items
I0420 18:24:01.021502  2132 c_interface.cc:345] Pass pwt to void (__cdecl artm::core::MasterComponent::*)(class std::basic_string<char,struct std::char_traits<char>,class std::allocator<char> > const & __ptr64) __ptr64
I0420 18:24:01.021502  2132 c_interface.cc:345] Pass nwt to void (__cdecl artm::core::MasterComponent::*)(class std::basic_string<char,struct std::char_traits<char>,class std::allocator<char> > const & __ptr64) __ptr64
I0420 18:24:01.022502  2132 c_interface.cc:359] Pass InitializeModelArgs: model_name=pwt, dictionary_name=dictionary, topic_name_size=30 to void (__cdecl artm::core::MasterComponent::*)(class artm::InitializeModelArgs const & __ptr64) __ptr64
I0420 18:24:01.612170  2132 master_component.cc:502] InitializeModel() created matrix pwt with 30 topics and 26866 tokens; 
I0420 18:24:01.613171  2132 c_interface.cc:359] Pass InitializeModelArgs: model_name=nwt, dictionary_name=dictionary, topic_name_size=30 to void (__cdecl artm::core::MasterComponent::*)(class artm::InitializeModelArgs const & __ptr64) __ptr64
I0420 18:24:02.241773  2132 master_component.cc:502] InitializeModel() created matrix nwt with 30 topics and 26866 tokens; 
I0420 18:24:02.243777  2132 phi_matrix_operations.cc:82] RetrieveExternalTopicModel() with 30 topics, 26866 tokens
I0420 18:24:02.326652  2132 c_interface.cc:205] ArtmCopyRequestedMessage is copying 825334 bytes...
I0420 18:24:05.610829  2132 c_interface.cc:359] Pass MasterModelConfig: topic_name_size=30, class=(text:1), class=(author:1), score_config_size=2, num_processors=0, pwt_name=pwt, nwt_name=nwt, num_document_passes=1, reuse_theta=yes, cache_theta=yes, opt_for_avx=yes, disk_cache_path to void (__cdecl artm::core::MasterComponent::*)(class artm::MasterModelConfig const & __ptr64) __ptr64
I0420 18:24:05.611827  2132 instance.cc:380] MasterModelConfig.processors_count is automatically set to 4
I0420 18:24:05.615826  2132 c_interface.cc:359] Pass MasterModelConfig: topic_name_size=30, class=(text:1), class=(author:1), score_config_size=3, num_processors=0, pwt_name=pwt, nwt_name=nwt, num_document_passes=1, reuse_theta=yes, cache_theta=yes, opt_for_avx=yes, disk_cache_path to void (__cdecl artm::core::MasterComponent::*)(class artm::MasterModelConfig const & __ptr64) __ptr64
I0420 18:24:05.615826  2132 instance.cc:380] MasterModelConfig.processors_count is automatically set to 4
I0420 18:24:09.827251  2132 c_interface.cc:359] Pass MasterModelConfig: topic_name_size=30, class=(text:1), class=(author:1), score_config_size=3, num_processors=0, pwt_name=pwt, nwt_name=nwt, num_document_passes=1, regularizer=(SparsePhi:100000), reuse_theta=yes, cache_theta=yes, opt_for_avx=yes, disk_cache_path to void (__cdecl artm::core::MasterComponent::*)(class artm::MasterModelConfig const & __ptr64) __ptr64
I0420 18:24:09.827251  2132 instance.cc:380] MasterModelConfig.processors_count is automatically set to 4
I0420 18:24:09.828254  2132 instance.cc:223] Regularizer 'SparsePhi' was cold-reconfigured
I0420 18:24:14.393347 13216 c_interface.cc:359] Pass FitOfflineMasterModelArgs, batch_filename_size=35, batch_weight_size=35, num_collection_passes=1 to void (__cdecl artm::core::MasterComponent::*)(class artm::FitOfflineMasterModelArgs const & __ptr64) __ptr64
I0420 18:24:14.393347 13216 master_component.cc:1162] ProcessBatchesArgs: nwt_target_name=nwt, batch_filename_size=35, batch_size=0, batch_weight_size=35, pwt_source_name=pwt, num_document_passes=1, regularizer=(name:SparsePhi, tau:100000), class=(text:1), class=(author:1), reuse_theta=yes, opt_for_avx=yes, predict_class_id=
I0420 18:24:14.709095 18788 processor.cc:666] Processing queue has data, processing started
I0420 18:24:14.718101 18788 processor.cc:742] Processor: start processing batch 89eea304-d5ab-438b-9efa-cecb2608618e into model nwt
I0420 18:24:14.719101 19248 processor.cc:666] Processing queue has data, processing started
I0420 18:24:14.720603 11932 processor.cc:666] Processing queue has data, processing started
I0420 18:24:14.726106 19248 processor.cc:742] Processor: start processing batch 3a94bd7b-574b-4c4c-8b24-25b7e58bf8e0 into model nwt
I0420 18:24:14.728108 14860 processor.cc:666] Processing queue has data, processing started
I0420 18:24:14.741117 14860 processor.cc:742] Processor: start processing batch 6c923f16-c2bd-4b09-889c-e6661382781e into model nwt
I0420 18:24:14.742617 11932 processor.cc:742] Processor: start processing batch 94d56e49-c46d-47f3-ac85-fb497313e2ad into model nwt
I0420 18:24:14.748622 18788 processor.cc:830] Processor: complete processing batch 89eea304-d5ab-438b-9efa-cecb2608618e into model nwt
I0420 18:24:14.749122 18788 cuckoo_watch.h:44] 39ms in ProcessBatch(lect_batch\aaaaaa.batch) [including 3ms in LoadMessage; 2ms in InitializeSparseNdw; 19ms in InferThetaAndUpdateNwtSparse; 8ms in CalculateScore(^^^ItemsProcessedScore^^^); ]
I0420 18:24:14.759630 18788 processor.cc:742] Processor: start processing batch e8f98400-6be6-4dbe-b465-399aa5c94cc8 into model nwt
I0420 18:24:14.766135 19248 processor.cc:830] Processor: complete processing batch 3a94bd7b-574b-4c4c-8b24-25b7e58bf8e0 into model nwt
I0420 18:24:14.766635 19248 cuckoo_watch.h:44] 47ms in ProcessBatch(lect_batch\aaaaab.batch) [including 3ms in LoadMessage; 10ms in InitializeSparseNdw; 12ms in InferThetaAndUpdateNwtSparse; 17ms in CalculateScore(^^^ItemsProcessedScore^^^); ]
I0420 18:24:14.775141 11932 processor.cc:830] Processor: complete processing batch 94d56e49-c46d-47f3-ac85-fb497313e2ad into model nwt
I0420 18:24:14.776142 19248 processor.cc:742] Processor: start processing batch a4b3f430-17fa-4972-9fe7-e36398e27f77 into model nwt
I0420 18:24:14.785147 11932 cuckoo_watch.h:44] 64ms in ProcessBatch(lect_batch\aaaaac.batch) [including 4ms in LoadMessage; 1ms in InitializeSparseNdw; 16ms in InferThetaAndUpdateNwtSparse; 14ms in CalculateScore(^^^ItemsProcessedScore^^^); ]
I0420 18:24:14.794154 11932 processor.cc:742] Processor: start processing batch 434f7b0e-7cec-4f94-a420-dd1a2b522d43 into model nwt
I0420 18:24:14.799659 14860 processor.cc:830] Processor: complete processing batch 6c923f16-c2bd-4b09-889c-e6661382781e into model nwt
I0420 18:24:14.800659 14860 cuckoo_watch.h:44] 72ms in ProcessBatch(lect_batch\aaaaad.batch) [including 8ms in LoadMessage; 2ms in InitializeSparseNdw; 36ms in InferThetaAndUpdateNwtSparse; 18ms in CalculateScore(^^^ItemsProcessedScore^^^); ]
I0420 18:24:14.808665 14860 processor.cc:742] Processor: start processing batch 9d9610e8-b61d-4697-afd4-9fa40ebd8442 into model nwt
I0420 18:24:14.827178 18788 processor.cc:830] Processor: complete processing batch e8f98400-6be6-4dbe-b465-399aa5c94cc8 into model nwt
I0420 18:24:14.828678 18788 cuckoo_watch.h:44] 79ms in ProcessBatch(lect_batch\aaaaae.batch) [including 5ms in LoadMessage; 2ms in InitializeSparseNdw; 39ms in InferThetaAndUpdateNwtSparse; 26ms in CalculateScore(^^^ItemsProcessedScore^^^); ]
I0420 18:24:14.836684 18788 processor.cc:742] Processor: start processing batch 5f8589ed-f350-4c78-bc79-d320c047188a into model nwt
I0420 18:24:14.838687 11932 processor.cc:830] Processor: complete processing batch 434f7b0e-7cec-4f94-a420-dd1a2b522d43 into model nwt
I0420 18:24:14.840188 11932 cuckoo_watch.h:44] 54ms in ProcessBatch(lect_batch\aaaaag.batch) [including 5ms in LoadMessage; 1ms in InitializeSparseNdw; 19ms in InferThetaAndUpdateNwtSparse; 22ms in CalculateScore(^^^ItemsProcessedScore^^^); ]
I0420 18:24:14.849194 14860 processor.cc:830] Processor: complete processing batch 9d9610e8-b61d-4697-afd4-9fa40ebd8442 into model nwt
I0420 18:24:14.850193 11932 processor.cc:742] Processor: start processing batch 44addf73-91a5-4d85-bd13-27098a37e4d8 into model nwt
I0420 18:24:14.850694 14860 cuckoo_watch.h:44] 49ms in ProcessBatch(lect_batch\aaaaah.batch) [including 4ms in LoadMessage; 1ms in InitializeSparseNdw; 23ms in InferThetaAndUpdateNwtSparse; 15ms in CalculateScore(^^^ItemsProcessedScore^^^); ]
I0420 18:24:14.850694 19248 processor.cc:830] Processor: complete processing batch a4b3f430-17fa-4972-9fe7-e36398e27f77 into model nwt
I0420 18:24:14.851696 19248 cuckoo_watch.h:44] 84ms in ProcessBatch(lect_batch\aaaaaf.batch) [including 5ms in LoadMessage; 29ms in InitializeSparseNdw; 17ms in InferThetaAndUpdateNwtSparse; 28ms in CalculateScore(^^^ItemsProcessedScore^^^); ]
I0420 18:24:14.860200 19248 processor.cc:742] Processor: start processing batch e832fa18-34c3-47ab-a4a2-c598342a4cc5 into model nwt
I0420 18:24:14.862202 14860 processor.cc:742] Processor: start processing batch 306059a4-800c-455a-bcae-c707c939e80c into model nwt
I0420 18:24:14.870708 18788 processor.cc:830] Processor: complete processing batch 5f8589ed-f350-4c78-bc79-d320c047188a into model nwt
I0420 18:24:14.871709 18788 cuckoo_watch.h:44] 43ms in ProcessBatch(lect_batch\aaaaai.batch) [including 4ms in LoadMessage; 1ms in InitializeSparseNdw; 15ms in InferThetaAndUpdateNwtSparse; 16ms in CalculateScore(^^^ItemsProcessedScore^^^); ]
I0420 18:24:14.880215 18788 processor.cc:742] Processor: start processing batch 83756c37-96eb-4334-af0e-e28b6c2001bb into model nwt
I0420 18:24:14.883219 11932 processor.cc:830] Processor: complete processing batch 44addf73-91a5-4d85-bd13-27098a37e4d8 into model nwt
I0420 18:24:14.884218 11932 cuckoo_watch.h:44] 43ms in ProcessBatch(lect_batch\aaaaaj.batch) [including 6ms in LoadMessage; 1ms in InitializeSparseNdw; 16ms in InferThetaAndUpdateNwtSparse; 14ms in CalculateScore(^^^ItemsProcessedScore^^^); ]
I0420 18:24:14.896227 11932 processor.cc:742] Processor: start processing batch 4d52cea1-bcd4-4e3e-9acb-13507bc04c2c into model nwt
I0420 18:24:14.909736 14860 processor.cc:830] Processor: complete processing batch 306059a4-800c-455a-bcae-c707c939e80c into model nwt
I0420 18:24:14.910737 14860 cuckoo_watch.h:44] 60ms in ProcessBatch(lect_batch\aaaaak.batch) [including 8ms in LoadMessage; 1ms in InitializeSparseNdw; 19ms in InferThetaAndUpdateNwtSparse; 26ms in CalculateScore(^^^ItemsProcessedScore^^^); ]
I0420 18:24:14.911737 19248 processor.cc:830] Processor: complete processing batch e832fa18-34c3-47ab-a4a2-c598342a4cc5 into model nwt
I0420 18:24:14.912737 19248 cuckoo_watch.h:44] 61ms in ProcessBatch(lect_batch\aaaaal.batch) [including 5ms in LoadMessage; 2ms in InitializeSparseNdw; 27ms in InferThetaAndUpdateNwtSparse; 21ms in CalculateScore(^^^ItemsProcessedScore^^^); ]
I0420 18:24:14.920743 19248 processor.cc:742] Processor: start processing batch f19fae93-f841-459d-bf3e-7889d79e0ab2 into model nwt
I0420 18:24:14.920743 14860 processor.cc:742] Processor: start processing batch c26ed093-a126-453f-9ba4-b4a8a1b2d080 into model nwt
I0420 18:24:14.936254 18788 processor.cc:830] Processor: complete processing batch 83756c37-96eb-4334-af0e-e28b6c2001bb into model nwt
I0420 18:24:14.937757 18788 cuckoo_watch.h:44] 65ms in ProcessBatch(lect_batch\aaaaam.batch) [including 4ms in LoadMessage; 2ms in InitializeSparseNdw; 26ms in InferThetaAndUpdateNwtSparse; 27ms in CalculateScore(^^^ItemsProcessedScore^^^); ]
I0420 18:24:14.949265 18788 processor.cc:742] Processor: start processing batch 43e5f07c-b707-449e-b6af-3f1a3abc4d95 into model nwt
I0420 18:24:14.984789 19248 processor.cc:830] Processor: complete processing batch f19fae93-f841-459d-bf3e-7889d79e0ab2 into model nwt
I0420 18:24:14.985290 19248 cuckoo_watch.h:44] 72ms in ProcessBatch(lect_batch\aaaaap.batch) [including 4ms in LoadMessage; 1ms in InitializeSparseNdw; 41ms in InferThetaAndUpdateNwtSparse; 20ms in CalculateScore(^^^ItemsProcessedScore^^^); ]
I0420 18:24:14.987792 11932 processor.cc:830] Processor: complete processing batch 4d52cea1-bcd4-4e3e-9acb-13507bc04c2c into model nwt
I0420 18:24:14.989293 11932 cuckoo_watch.h:44] 105ms in ProcessBatch(lect_batch\aaaaan.batch) [including 8ms in LoadMessage; 4ms in InitializeSparseNdw; 34ms in InferThetaAndUpdateNwtSparse; 52ms in CalculateScore(^^^ItemsProcessedScore^^^); ]
I0420 18:24:14.997798 11932 processor.cc:742] Processor: start processing batch 288a7c66-4706-409c-ab6a-44da1abfcd4e into model nwt
I0420 18:24:14.997798 18788 processor.cc:830] Processor: complete processing batch 43e5f07c-b707-449e-b6af-3f1a3abc4d95 into model nwt
I0420 18:24:14.998800 18788 cuckoo_watch.h:44] 61ms in ProcessBatch(lect_batch\aaaaaq.batch) [including 4ms in LoadMessage; 1ms in InitializeSparseNdw; 19ms in InferThetaAndUpdateNwtSparse; 26ms in CalculateScore(^^^ItemsProcessedScore^^^); ]
I0420 18:24:15.007807 18788 processor.cc:742] Processor: start processing batch 1cc1ce47-daf0-42f0-b58a-6ee7796456ce into model nwt
I0420 18:24:15.028820 14860 processor.cc:830] Processor: complete processing batch c26ed093-a126-453f-9ba4-b4a8a1b2d080 into model nwt
I0420 18:24:15.030321 14860 cuckoo_watch.h:44] 119ms in ProcessBatch(lect_batch\aaaaao.batch) [including 6ms in LoadMessage; 2ms in InitializeSparseNdw; 65ms in InferThetaAndUpdateNwtSparse; 39ms in CalculateScore(^^^ItemsProcessedScore^^^); ]
I0420 18:24:15.032323 19248 processor.cc:742] Processor: start processing batch d4854b82-2c49-4f4f-b4fa-c1f37d6f044c into model nwt
I0420 18:24:15.047835 14860 processor.cc:742] Processor: start processing batch df5cfc40-f3eb-4708-82d3-58c84efbe69b into model nwt
I0420 18:24:15.073352 11932 processor.cc:830] Processor: complete processing batch 288a7c66-4706-409c-ab6a-44da1abfcd4e into model nwt
I0420 18:24:15.074352 11932 cuckoo_watch.h:44] 84ms in ProcessBatch(lect_batch\aaaaar.batch) [including 4ms in LoadMessage; 2ms in InitializeSparseNdw; 20ms in InferThetaAndUpdateNwtSparse; 52ms in CalculateScore(^^^ItemsProcessedScore^^^); ]
I0420 18:24:15.080857 18788 processor.cc:830] Processor: complete processing batch 1cc1ce47-daf0-42f0-b58a-6ee7796456ce into model nwt
I0420 18:24:15.081858 18788 cuckoo_watch.h:44] 83ms in ProcessBatch(lect_batch\aaaaas.batch) [including 5ms in LoadMessage; 2ms in InitializeSparseNdw; 37ms in InferThetaAndUpdateNwtSparse; 32ms in CalculateScore(^^^ItemsProcessedScore^^^); ]
I0420 18:24:15.089363 11932 processor.cc:742] Processor: start processing batch 242701f2-b343-4b71-8b56-53eeb3cc61fa into model nwt
I0420 18:24:15.096869 18788 processor.cc:742] Processor: start processing batch 23d6cf7c-958e-4135-a9ed-a548321129f2 into model nwt
I0420 18:24:15.162415 19248 processor.cc:830] Processor: complete processing batch d4854b82-2c49-4f4f-b4fa-c1f37d6f044c into model nwt
I0420 18:24:15.165918 19248 cuckoo_watch.h:44] 149ms in ProcessBatch(lect_batch\aaaaat.batch) [including 12ms in LoadMessage; 6ms in InitializeSparseNdw; 68ms in InferThetaAndUpdateNwtSparse; 55ms in CalculateScore(^^^ItemsProcessedScore^^^); ]
I0420 18:24:15.185431 19248 processor.cc:742] Processor: start processing batch 69c23a94-e5e1-4f80-8676-7a5cff167645 into model nwt
I0420 18:24:15.254981 14860 processor.cc:830] Processor: complete processing batch df5cfc40-f3eb-4708-82d3-58c84efbe69b into model nwt
I0420 18:24:15.257483 14860 cuckoo_watch.h:44] 227ms in ProcessBatch(lect_batch\aaaaau.batch) [including 12ms in LoadMessage; 44ms in InitializeSparseNdw; 84ms in InferThetaAndUpdateNwtSparse; 77ms in CalculateScore(^^^ItemsProcessedScore^^^); ]
I0420 18:24:15.273994 11932 processor.cc:830] Processor: complete processing batch 242701f2-b343-4b71-8b56-53eeb3cc61fa into model nwt
I0420 18:24:15.276496 11932 cuckoo_watch.h:44] 202ms in ProcessBatch(lect_batch\aaaaav.batch) [including 11ms in LoadMessage; 18ms in InitializeSparseNdw; 79ms in InferThetaAndUpdateNwtSparse; 86ms in CalculateScore(^^^ItemsProcessedScore^^^); ]
I0420 18:24:15.276496 14860 processor.cc:742] Processor: start processing batch 8510b034-6c47-4422-89c3-095354b2f706 into model nwt
I0420 18:24:15.287504 18788 processor.cc:830] Processor: complete processing batch 23d6cf7c-958e-4135-a9ed-a548321129f2 into model nwt
I0420 18:24:15.290006 18788 cuckoo_watch.h:44] 207ms in ProcessBatch(lect_batch\aaaaaw.batch) [including 11ms in LoadMessage; 34ms in InitializeSparseNdw; 77ms in InferThetaAndUpdateNwtSparse; 79ms in CalculateScore(^^^ItemsProcessedScore^^^); ]
I0420 18:24:15.291507 11932 processor.cc:742] Processor: start processing batch e68e1696-9770-4e23-89ed-28c5beeaf64b into model nwt
I0420 18:24:15.305517 18788 processor.cc:742] Processor: start processing batch 97f7f6cc-a95a-4510-a7c5-57e8ebbd8cf8 into model nwt
I0420 18:24:15.374065 19248 processor.cc:830] Processor: complete processing batch 69c23a94-e5e1-4f80-8676-7a5cff167645 into model nwt
I0420 18:24:15.376567 19248 cuckoo_watch.h:44] 210ms in ProcessBatch(lect_batch\aaaaax.batch) [including 16ms in LoadMessage; 18ms in InitializeSparseNdw; 86ms in InferThetaAndUpdateNwtSparse; 82ms in CalculateScore(^^^ItemsProcessedScore^^^); ]
I0420 18:24:15.393579  2132 c_interface.cc:523] Pass GetScoreValueArgs, score_name=^^^ItemsProcessedScore^^^ to MasterComponent::Request
I0420 18:24:15.393579  2132 c_interface.cc:205] ArtmCopyRequestedMessage is copying 54 bytes...
I0420 18:24:15.396581 19248 processor.cc:742] Processor: start processing batch 731b4771-b9ba-472c-9613-a3ef1ed6a4c3 into model nwt
I0420 18:24:15.481142 11932 processor.cc:830] Processor: complete processing batch e68e1696-9770-4e23-89ed-28c5beeaf64b into model nwt
I0420 18:24:15.482142 14860 processor.cc:830] Processor: complete processing batch 8510b034-6c47-4422-89c3-095354b2f706 into model nwt
I0420 18:24:15.483644 11932 cuckoo_watch.h:44] 206ms in ProcessBatch(lect_batch\aaaaaz.batch) [including 11ms in LoadMessage; 9ms in InitializeSparseNdw; 93ms in InferThetaAndUpdateNwtSparse; 86ms in CalculateScore(^^^ItemsProcessedScore^^^); ]
I0420 18:24:15.484643 14860 cuckoo_watch.h:44] 227ms in ProcessBatch(lect_batch\aaaaay.batch) [including 15ms in LoadMessage; 16ms in InitializeSparseNdw; 99ms in InferThetaAndUpdateNwtSparse; 89ms in CalculateScore(^^^ItemsProcessedScore^^^); ]
I0420 18:24:15.493650 11932 processor.cc:742] Processor: start processing batch 8ecb0f11-dfe7-47fd-b195-6ef52282e1ec into model nwt
I0420 18:24:15.499155 18788 processor.cc:830] Processor: complete processing batch 97f7f6cc-a95a-4510-a7c5-57e8ebbd8cf8 into model nwt
I0420 18:24:15.501655 18788 cuckoo_watch.h:44] 211ms in ProcessBatch(lect_batch\aaaaba.batch) [including 12ms in LoadMessage; 13ms in InitializeSparseNdw; 100ms in InferThetaAndUpdateNwtSparse; 79ms in CalculateScore(^^^ItemsProcessedScore^^^); ]
I0420 18:24:15.508661 14860 processor.cc:742] Processor: start processing batch 8384b06c-f2be-4e54-a5ce-a22324f28de9 into model nwt
I0420 18:24:15.517668 18788 processor.cc:742] Processor: start processing batch 4d9f02b5-ee08-4635-aae2-2b57f1e0a8f0 into model nwt
I0420 18:24:15.536181 19248 processor.cc:830] Processor: complete processing batch 731b4771-b9ba-472c-9613-a3ef1ed6a4c3 into model nwt
I0420 18:24:15.538182 19248 cuckoo_watch.h:44] 161ms in ProcessBatch(lect_batch\aaaabb.batch) [including 10ms in LoadMessage; 6ms in InitializeSparseNdw; 73ms in InferThetaAndUpdateNwtSparse; 59ms in CalculateScore(^^^ItemsProcessedScore^^^); ]
I0420 18:24:15.549190 19248 processor.cc:742] Processor: start processing batch c37c2ed2-a8a9-47a3-8014-2fe358010d54 into model nwt
I0420 18:24:15.583214 11932 processor.cc:830] Processor: complete processing batch 8ecb0f11-dfe7-47fd-b195-6ef52282e1ec into model nwt
I0420 18:24:15.593721 11932 cuckoo_watch.h:44] 110ms in ProcessBatch(lect_batch\aaaabc.batch) [including 6ms in LoadMessage; 3ms in InitializeSparseNdw; 40ms in InferThetaAndUpdateNwtSparse; 44ms in CalculateScore(^^^ItemsProcessedScore^^^); ]
I0420 18:24:15.601727 11932 processor.cc:742] Processor: start processing batch 57a3605c-f749-4c76-ae3c-eed8ccccdecb into model nwt
I0420 18:24:15.635751 11932 processor.cc:830] Processor: complete processing batch 57a3605c-f749-4c76-ae3c-eed8ccccdecb into model nwt
I0420 18:24:15.636750 11932 cuckoo_watch.h:44] 43ms in ProcessBatch(lect_batch\aaaabg.batch) [including 4ms in LoadMessage; 1ms in InitializeSparseNdw; 14ms in InferThetaAndUpdateNwtSparse; 17ms in CalculateScore(^^^ItemsProcessedScore^^^); ]
I0420 18:24:15.643757 11932 processor.cc:742] Processor: start processing batch 87a88801-cb0f-4cd9-8137-b93300ae9e79 into model nwt
I0420 18:24:15.650261 19248 processor.cc:830] Processor: complete processing batch c37c2ed2-a8a9-47a3-8014-2fe358010d54 into model nwt
I0420 18:24:15.651762 19248 cuckoo_watch.h:44] 113ms in ProcessBatch(lect_batch\aaaabf.batch) [including 7ms in LoadMessage; 3ms in InitializeSparseNdw; 56ms in InferThetaAndUpdateNwtSparse; 40ms in CalculateScore(^^^ItemsProcessedScore^^^); ]
I0420 18:24:15.659268 19248 processor.cc:742] Processor: start processing batch 32275435-e67e-4e83-aa4e-944b12405678 into model nwt
I0420 18:24:15.664772 14860 processor.cc:830] Processor: complete processing batch 8384b06c-f2be-4e54-a5ce-a22324f28de9 into model nwt
I0420 18:24:15.666774 11932 processor.cc:830] Processor: complete processing batch 87a88801-cb0f-4cd9-8137-b93300ae9e79 into model nwt
I0420 18:24:15.667773 11932 cuckoo_watch.h:44] 30ms in ProcessBatch(lect_batch\aaaabh.batch) [including 3ms in LoadMessage; 0ms in InitializeSparseNdw; 11ms in InferThetaAndUpdateNwtSparse; 10ms in CalculateScore(^^^ItemsProcessedScore^^^); ]
I0420 18:24:15.669775 14860 cuckoo_watch.h:44] 184ms in ProcessBatch(lect_batch\aaaabd.batch) [including 19ms in LoadMessage; 7ms in InitializeSparseNdw; 79ms in InferThetaAndUpdateNwtSparse; 68ms in CalculateScore(^^^ItemsProcessedScore^^^); ]
I0420 18:24:15.670776 19248 processor.cc:830] Processor: complete processing batch 32275435-e67e-4e83-aa4e-944b12405678 into model nwt
I0420 18:24:15.671277 19248 cuckoo_watch.h:44] 19ms in ProcessBatch(lect_batch\aaaabi.batch) [including 2ms in LoadMessage; 0ms in InitializeSparseNdw; 5ms in InferThetaAndUpdateNwtSparse; 5ms in CalculateScore(^^^ItemsProcessedScore^^^); ]
I0420 18:24:15.674779 18788 processor.cc:830] Processor: complete processing batch 4d9f02b5-ee08-4635-aae2-2b57f1e0a8f0 into model nwt
I0420 18:24:15.678282 18788 cuckoo_watch.h:44] 176ms in ProcessBatch(lect_batch\aaaabe.batch) [including 12ms in LoadMessage; 13ms in InitializeSparseNdw; 75ms in InferThetaAndUpdateNwtSparse; 67ms in CalculateScore(^^^ItemsProcessedScore^^^); ]
I0420 18:24:15.679282 13216 master_component.cc:1200] RegularizeModelArgs: rwt_target_name=rwt, pwt_source_name=pwt, nwt_source_name=nwt
I0420 18:24:15.679282 13216 master_component.cc:785] MasterComponent: start regularizing model pwt
I0420 18:24:15.691792 11932 processor.cc:659] No data in processing queue, waiting...
I0420 18:24:15.695293 19248 processor.cc:659] No data in processing queue, waiting...
I0420 18:24:15.695293 14860 processor.cc:659] No data in processing queue, waiting...
I0420 18:24:15.706302 18788 processor.cc:659] No data in processing queue, waiting...
I0420 18:24:16.219851 13216 master_component.cc:808] MasterComponent: complete regularizing model pwt
I0420 18:24:16.219851 13216 master_component.cc:1211] NormalizeModelArgs: pwt_target_name=pwt, nwt_source_name=nwt, rwt_source_name=rwt
I0420 18:24:16.219851 13216 master_component.cc:812] MasterComponent: start normalizing model nwt
I0420 18:24:16.395014  2132 c_interface.cc:523] Pass GetScoreValueArgs, score_name=^^^ItemsProcessedScore^^^ to MasterComponent::Request
I0420 18:24:16.396016  2132 c_interface.cc:205] ArtmCopyRequestedMessage is copying 54 bytes...
I0420 18:24:16.635190 13216 master_component.cc:834] MasterComponent: complete normalizing model nwt
I0420 18:24:17.402676  2132 c_interface.cc:523] Pass GetScoreValueArgs, score_name=^^^ItemsProcessedScore^^^ to MasterComponent::Request
I0420 18:24:17.402676  2132 c_interface.cc:205] ArtmCopyRequestedMessage is copying 54 bytes...
I0420 18:24:18.005776 13216 master_component.cc:1235] DisposeModel rwt
I0420 18:24:18.042300 13216 master_component.cc:858] FitOffline: ItemsProcessed, num_items=1728, num_batches=35, token_weight=808522, token_weight_in_effect=808522
I0420 18:24:18.045804  2132 c_interface.cc:523] Pass GetScoreValueArgs, score_name=^^^ItemsProcessedScore^^^ to MasterComponent::Request
I0420 18:24:18.046304  2132 c_interface.cc:205] ArtmCopyRequestedMessage is copying 54 bytes...
I0420 18:24:18.050807 13216 c_interface.cc:359] Pass FitOfflineMasterModelArgs, batch_filename_size=35, batch_weight_size=35, num_collection_passes=1 to void (__cdecl artm::core::MasterComponent::*)(class artm::FitOfflineMasterModelArgs const & __ptr64) __ptr64
I0420 18:24:18.050807 13216 master_component.cc:1162] ProcessBatchesArgs: nwt_target_name=nwt, batch_filename_size=35, batch_size=0, batch_weight_size=35, pwt_source_name=pwt, num_document_passes=1, regularizer=(name:SparsePhi, tau:100000), class=(text:1), class=(author:1), reuse_theta=yes, opt_for_avx=yes, predict_class_id=
I0420 18:24:18.325001 18788 processor.cc:666] Processing queue has data, processing started
I0420 18:24:18.325502 19248 processor.cc:666] Processing queue has data, processing started
I0420 18:24:18.328003 14860 processor.cc:666] Processing queue has data, processing started
I0420 18:24:18.331506 11932 processor.cc:666] Processing queue has data, processing started
I0420 18:24:18.332506 18788 processor.cc:742] Processor: start processing batch 89eea304-d5ab-438b-9efa-cecb2608618e into model nwt
I0420 18:24:18.338011 19248 processor.cc:742] Processor: start processing batch 3a94bd7b-574b-4c4c-8b24-25b7e58bf8e0 into model nwt
I0420 18:24:18.346016 11932 processor.cc:742] Processor: start processing batch 6c923f16-c2bd-4b09-889c-e6661382781e into model nwt
I0420 18:24:18.359025 19248 processor.cc:830] Processor: complete processing batch 3a94bd7b-574b-4c4c-8b24-25b7e58bf8e0 into model nwt
I0420 18:24:18.359526 19248 cuckoo_watch.h:44] 34ms in ProcessBatch(lect_batch\aaaaab.batch) [including 8ms in LoadMessage; 0ms in InitializeSparseNdw; 10ms in InferThetaAndUpdateNwtSparse; 9ms in CalculateScore(^^^ItemsProcessedScore^^^); ]
I0420 18:24:18.361027 14860 processor.cc:742] Processor: start processing batch 94d56e49-c46d-47f3-ac85-fb497313e2ad into model nwt
I0420 18:24:18.364029 18788 processor.cc:830] Processor: complete processing batch 89eea304-d5ab-438b-9efa-cecb2608618e into model nwt
I0420 18:24:18.365031 18788 cuckoo_watch.h:44] 40ms in ProcessBatch(lect_batch\aaaaaa.batch) [including 3ms in LoadMessage; 0ms in InitializeSparseNdw; 9ms in InferThetaAndUpdateNwtSparse; 21ms in CalculateScore(^^^ItemsProcessedScore^^^); ]
I0420 18:24:18.379539 18788 processor.cc:742] Processor: start processing batch a4b3f430-17fa-4972-9fe7-e36398e27f77 into model nwt
I0420 18:24:18.399554 19248 processor.cc:742] Processor: start processing batch e8f98400-6be6-4dbe-b465-399aa5c94cc8 into model nwt
I0420 18:24:18.410562 14860 processor.cc:830] Processor: complete processing batch 94d56e49-c46d-47f3-ac85-fb497313e2ad into model nwt
I0420 18:24:18.411563 14860 cuckoo_watch.h:44] 83ms in ProcessBatch(lect_batch\aaaaac.batch) [including 27ms in LoadMessage; 2ms in InitializeSparseNdw; 17ms in InferThetaAndUpdateNwtSparse; 30ms in CalculateScore(^^^ItemsProcessedScore^^^); ]
I0420 18:24:18.427574 14860 processor.cc:742] Processor: start processing batch 434f7b0e-7cec-4f94-a420-dd1a2b522d43 into model nwt
I0420 18:24:18.435580 11932 processor.cc:830] Processor: complete processing batch 6c923f16-c2bd-4b09-889c-e6661382781e into model nwt
I0420 18:24:18.436580 11932 cuckoo_watch.h:44] 105ms in ProcessBatch(lect_batch\aaaaad.batch) [including 6ms in LoadMessage; 2ms in InitializeSparseNdw; 32ms in InferThetaAndUpdateNwtSparse; 54ms in CalculateScore(^^^ItemsProcessedScore^^^); ]
I0420 18:24:18.447588 11932 processor.cc:742] Processor: start processing batch 9d9610e8-b61d-4697-afd4-9fa40ebd8442 into model nwt
I0420 18:24:18.461097 18788 processor.cc:830] Processor: complete processing batch a4b3f430-17fa-4972-9fe7-e36398e27f77 into model nwt
I0420 18:24:18.462098 18788 cuckoo_watch.h:44] 96ms in ProcessBatch(lect_batch\aaaaaf.batch) [including 8ms in LoadMessage; 3ms in InitializeSparseNdw; 20ms in InferThetaAndUpdateNwtSparse; 57ms in CalculateScore(^^^ItemsProcessedScore^^^); ]
I0420 18:24:18.469104 19248 processor.cc:830] Processor: complete processing batch e8f98400-6be6-4dbe-b465-399aa5c94cc8 into model nwt
I0420 18:24:18.470104 18788 processor.cc:742] Processor: start processing batch 5f8589ed-f350-4c78-bc79-d320c047188a into model nwt
I0420 18:24:18.470604 19248 cuckoo_watch.h:44] 111ms in ProcessBatch(lect_batch\aaaaae.batch) [including 35ms in LoadMessage; 2ms in InitializeSparseNdw; 36ms in InferThetaAndUpdateNwtSparse; 30ms in CalculateScore(^^^ItemsProcessedScore^^^); ]
I0420 18:24:18.478610 19248 processor.cc:742] Processor: start processing batch 44addf73-91a5-4d85-bd13-27098a37e4d8 into model nwt
I0420 18:24:18.494122 14860 processor.cc:830] Processor: complete processing batch 434f7b0e-7cec-4f94-a420-dd1a2b522d43 into model nwt
I0420 18:24:18.495121 14860 cuckoo_watch.h:44] 83ms in ProcessBatch(lect_batch\aaaaag.batch) [including 5ms in LoadMessage; 1ms in InitializeSparseNdw; 46ms in InferThetaAndUpdateNwtSparse; 17ms in CalculateScore(^^^ItemsProcessedScore^^^); ]
I0420 18:24:18.496124 11932 processor.cc:830] Processor: complete processing batch 9d9610e8-b61d-4697-afd4-9fa40ebd8442 into model nwt
I0420 18:24:18.497624 11932 cuckoo_watch.h:44] 59ms in ProcessBatch(lect_batch\aaaaah.batch) [including 4ms in LoadMessage; 2ms in InitializeSparseNdw; 16ms in InferThetaAndUpdateNwtSparse; 29ms in CalculateScore(^^^ItemsProcessedScore^^^); ]
I0420 18:24:18.506630 11932 processor.cc:742] Processor: start processing batch e832fa18-34c3-47ab-a4a2-c598342a4cc5 into model nwt
I0420 18:24:18.519140 18788 processor.cc:830] Processor: complete processing batch 5f8589ed-f350-4c78-bc79-d320c047188a into model nwt
I0420 18:24:18.520139 18788 cuckoo_watch.h:44] 58ms in ProcessBatch(lect_batch\aaaaai.batch) [including 4ms in LoadMessage; 1ms in InitializeSparseNdw; 27ms in InferThetaAndUpdateNwtSparse; 19ms in CalculateScore(^^^ItemsProcessedScore^^^); ]
I0420 18:24:18.521641 14860 processor.cc:742] Processor: start processing batch 306059a4-800c-455a-bcae-c707c939e80c into model nwt
I0420 18:24:18.539152 18788 processor.cc:742] Processor: start processing batch 83756c37-96eb-4334-af0e-e28b6c2001bb into model nwt
I0420 18:24:18.545157 19248 processor.cc:830] Processor: complete processing batch 44addf73-91a5-4d85-bd13-27098a37e4d8 into model nwt
I0420 18:24:18.546157 19248 cuckoo_watch.h:44] 75ms in ProcessBatch(lect_batch\aaaaaj.batch) [including 4ms in LoadMessage; 1ms in InitializeSparseNdw; 48ms in InferThetaAndUpdateNwtSparse; 15ms in CalculateScore(^^^ItemsProcessedScore^^^); ]
I0420 18:24:18.555164 19248 processor.cc:742] Processor: start processing batch 4d52cea1-bcd4-4e3e-9acb-13507bc04c2c into model nwt
I0420 18:24:18.559166 14860 processor.cc:830] Processor: complete processing batch 306059a4-800c-455a-bcae-c707c939e80c into model nwt
I0420 18:24:18.568174 11932 processor.cc:830] Processor: complete processing batch e832fa18-34c3-47ab-a4a2-c598342a4cc5 into model nwt
I0420 18:24:18.569674 11932 cuckoo_watch.h:44] 71ms in ProcessBatch(lect_batch\aaaaal.batch) [including 5ms in LoadMessage; 2ms in InitializeSparseNdw; 33ms in InferThetaAndUpdateNwtSparse; 25ms in CalculateScore(^^^ItemsProcessedScore^^^); ]
I0420 18:24:18.560168 14860 cuckoo_watch.h:44] 65ms in ProcessBatch(lect_batch\aaaaak.batch) [including 5ms in LoadMessage; 1ms in InitializeSparseNdw; 19ms in InferThetaAndUpdateNwtSparse; 15ms in CalculateScore(^^^ItemsProcessedScore^^^); ]
I0420 18:24:18.577680 14860 processor.cc:742] Processor: start processing batch f19fae93-f841-459d-bf3e-7889d79e0ab2 into model nwt
I0420 18:24:18.578681 11932 processor.cc:742] Processor: start processing batch c26ed093-a126-453f-9ba4-b4a8a1b2d080 into model nwt
I0420 18:24:18.623212 18788 processor.cc:830] Processor: complete processing batch 83756c37-96eb-4334-af0e-e28b6c2001bb into model nwt
I0420 18:24:18.624717 18788 cuckoo_watch.h:44] 104ms in ProcessBatch(lect_batch\aaaaam.batch) [including 5ms in LoadMessage; 2ms in InitializeSparseNdw; 22ms in InferThetaAndUpdateNwtSparse; 57ms in CalculateScore(^^^ItemsProcessedScore^^^); ]
I0420 18:24:18.637223 18788 processor.cc:742] Processor: start processing batch 43e5f07c-b707-449e-b6af-3f1a3abc4d95 into model nwt
I0420 18:24:18.656236 14860 processor.cc:830] Processor: complete processing batch f19fae93-f841-459d-bf3e-7889d79e0ab2 into model nwt
I0420 18:24:18.656236 19248 processor.cc:830] Processor: complete processing batch 4d52cea1-bcd4-4e3e-9acb-13507bc04c2c into model nwt
I0420 18:24:18.657236 14860 cuckoo_watch.h:44] 86ms in ProcessBatch(lect_batch\aaaaap.batch) [including 4ms in LoadMessage; 1ms in InitializeSparseNdw; 17ms in InferThetaAndUpdateNwtSparse; 59ms in CalculateScore(^^^ItemsProcessedScore^^^); ]
I0420 18:24:18.657737 19248 cuckoo_watch.h:44] 111ms in ProcessBatch(lect_batch\aaaaan.batch) [including 5ms in LoadMessage; 11ms in InitializeSparseNdw; 40ms in InferThetaAndUpdateNwtSparse; 48ms in CalculateScore(^^^ItemsProcessedScore^^^); ]
I0420 18:24:18.664742 14860 processor.cc:742] Processor: start processing batch 288a7c66-4706-409c-ab6a-44da1abfcd4e into model nwt
I0420 18:24:18.669745 19248 processor.cc:742] Processor: start processing batch 1cc1ce47-daf0-42f0-b58a-6ee7796456ce into model nwt
I0420 18:24:18.682755 11932 processor.cc:830] Processor: complete processing batch c26ed093-a126-453f-9ba4-b4a8a1b2d080 into model nwt
I0420 18:24:18.684257 11932 cuckoo_watch.h:44] 114ms in ProcessBatch(lect_batch\aaaaao.batch) [including 5ms in LoadMessage; 3ms in InitializeSparseNdw; 54ms in InferThetaAndUpdateNwtSparse; 45ms in CalculateScore(^^^ItemsProcessedScore^^^); ]
I0420 18:24:18.698266 11932 processor.cc:742] Processor: start processing batch d4854b82-2c49-4f4f-b4fa-c1f37d6f044c into model nwt
I0420 18:24:18.718279 18788 processor.cc:830] Processor: complete processing batch 43e5f07c-b707-449e-b6af-3f1a3abc4d95 into model nwt
I0420 18:24:18.719280 18788 cuckoo_watch.h:44] 94ms in ProcessBatch(lect_batch\aaaaaq.batch) [including 7ms in LoadMessage; 5ms in InitializeSparseNdw; 34ms in InferThetaAndUpdateNwtSparse; 39ms in CalculateScore(^^^ItemsProcessedScore^^^); ]
I0420 18:24:18.726289 14860 processor.cc:830] Processor: complete processing batch 288a7c66-4706-409c-ab6a-44da1abfcd4e into model nwt
I0420 18:24:18.728286 14860 cuckoo_watch.h:44] 71ms in ProcessBatch(lect_batch\aaaaar.batch) [including 4ms in LoadMessage; 2ms in InitializeSparseNdw; 41ms in InferThetaAndUpdateNwtSparse; 17ms in CalculateScore(^^^ItemsProcessedScore^^^); ]
I0420 18:24:18.752305 18788 processor.cc:742] Processor: start processing batch df5cfc40-f3eb-4708-82d3-58c84efbe69b into model nwt
I0420 18:24:18.769316 14860 processor.cc:742] Processor: start processing batch 242701f2-b343-4b71-8b56-53eeb3cc61fa into model nwt
I0420 18:24:18.771818 19248 processor.cc:830] Processor: complete processing batch 1cc1ce47-daf0-42f0-b58a-6ee7796456ce into model nwt
I0420 18:24:18.773319 19248 cuckoo_watch.h:44] 115ms in ProcessBatch(lect_batch\aaaaas.batch) [including 7ms in LoadMessage; 2ms in InitializeSparseNdw; 52ms in InferThetaAndUpdateNwtSparse; 46ms in CalculateScore(^^^ItemsProcessedScore^^^); ]
I0420 18:24:18.788830 19248 processor.cc:742] Processor: start processing batch 23d6cf7c-958e-4135-a9ed-a548321129f2 into model nwt
I0420 18:24:18.918921 11932 processor.cc:830] Processor: complete processing batch d4854b82-2c49-4f4f-b4fa-c1f37d6f044c into model nwt
I0420 18:24:18.920923 11932 cuckoo_watch.h:44] 236ms in ProcessBatch(lect_batch\aaaaat.batch) [including 9ms in LoadMessage; 16ms in InitializeSparseNdw; 108ms in InferThetaAndUpdateNwtSparse; 95ms in CalculateScore(^^^ItemsProcessedScore^^^); ]
I0420 18:24:18.936935 11932 processor.cc:742] Processor: start processing batch 69c23a94-e5e1-4f80-8676-7a5cff167645 into model nwt
I0420 18:24:19.000980 14860 processor.cc:830] Processor: complete processing batch 242701f2-b343-4b71-8b56-53eeb3cc61fa into model nwt
I0420 18:24:19.003983 14860 cuckoo_watch.h:44] 275ms in ProcessBatch(lect_batch\aaaaav.batch) [including 36ms in LoadMessage; 9ms in InitializeSparseNdw; 118ms in InferThetaAndUpdateNwtSparse; 102ms in CalculateScore(^^^ItemsProcessedScore^^^); ]
I0420 18:24:19.008486 18788 processor.cc:830] Processor: complete processing batch df5cfc40-f3eb-4708-82d3-58c84efbe69b into model nwt
I0420 18:24:19.010987 18788 cuckoo_watch.h:44] 291ms in ProcessBatch(lect_batch\aaaaau.batch) [including 28ms in LoadMessage; 33ms in InitializeSparseNdw; 128ms in InferThetaAndUpdateNwtSparse; 93ms in CalculateScore(^^^ItemsProcessedScore^^^); ]
I0420 18:24:19.020494 14860 processor.cc:742] Processor: start processing batch 8510b034-6c47-4422-89c3-095354b2f706 into model nwt
I0420 18:24:19.034004 18788 processor.cc:742] Processor: start processing batch e68e1696-9770-4e23-89ed-28c5beeaf64b into model nwt
I0420 18:24:19.065027  2132 c_interface.cc:523] Pass GetScoreValueArgs, score_name=^^^ItemsProcessedScore^^^ to MasterComponent::Request
I0420 18:24:19.065027  2132 c_interface.cc:205] ArtmCopyRequestedMessage is copying 54 bytes...
I0420 18:24:19.066028 19248 processor.cc:830] Processor: complete processing batch 23d6cf7c-958e-4135-a9ed-a548321129f2 into model nwt
I0420 18:24:19.069031 19248 cuckoo_watch.h:44] 295ms in ProcessBatch(lect_batch\aaaaaw.batch) [including 12ms in LoadMessage; 11ms in InitializeSparseNdw; 141ms in InferThetaAndUpdateNwtSparse; 124ms in CalculateScore(^^^ItemsProcessedScore^^^); ]
I0420 18:24:19.086040 19248 processor.cc:742] Processor: start processing batch 97f7f6cc-a95a-4510-a7c5-57e8ebbd8cf8 into model nwt
I0420 18:24:19.177606 11932 processor.cc:830] Processor: complete processing batch 69c23a94-e5e1-4f80-8676-7a5cff167645 into model nwt
I0420 18:24:19.183610 11932 cuckoo_watch.h:44] 262ms in ProcessBatch(lect_batch\aaaaax.batch) [including 12ms in LoadMessage; 39ms in InitializeSparseNdw; 101ms in InferThetaAndUpdateNwtSparse; 99ms in CalculateScore(^^^ItemsProcessedScore^^^); ]
I0420 18:24:19.237648 11932 processor.cc:742] Processor: start processing batch 731b4771-b9ba-472c-9613-a3ef1ed6a4c3 into model nwt
I0420 18:24:19.272673 18788 processor.cc:830] Processor: complete processing batch e68e1696-9770-4e23-89ed-28c5beeaf64b into model nwt
I0420 18:24:19.275676 18788 cuckoo_watch.h:44] 264ms in ProcessBatch(lect_batch\aaaaaz.batch) [including 18ms in LoadMessage; 8ms in InitializeSparseNdw; 87ms in InferThetaAndUpdateNwtSparse; 141ms in CalculateScore(^^^ItemsProcessedScore^^^); ]
I0420 18:24:19.283681 14860 processor.cc:830] Processor: complete processing batch 8510b034-6c47-4422-89c3-095354b2f706 into model nwt
I0420 18:24:19.286682 14860 cuckoo_watch.h:44] 282ms in ProcessBatch(lect_batch\aaaaay.batch) [including 13ms in LoadMessage; 16ms in InitializeSparseNdw; 96ms in InferThetaAndUpdateNwtSparse; 150ms in CalculateScore(^^^ItemsProcessedScore^^^); ]
I0420 18:24:19.289186 18788 processor.cc:742] Processor: start processing batch 8ecb0f11-dfe7-47fd-b195-6ef52282e1ec into model nwt
I0420 18:24:19.316205 14860 processor.cc:742] Processor: start processing batch 8384b06c-f2be-4e54-a5ce-a22324f28de9 into model nwt
I0420 18:24:19.355732 19248 processor.cc:830] Processor: complete processing batch 97f7f6cc-a95a-4510-a7c5-57e8ebbd8cf8 into model nwt
I0420 18:24:19.360735 19248 cuckoo_watch.h:44] 291ms in ProcessBatch(lect_batch\aaaaba.batch) [including 13ms in LoadMessage; 24ms in InitializeSparseNdw; 141ms in InferThetaAndUpdateNwtSparse; 103ms in CalculateScore(^^^ItemsProcessedScore^^^); ]
I0420 18:24:19.382251 11932 processor.cc:830] Processor: complete processing batch 731b4771-b9ba-472c-9613-a3ef1ed6a4c3 into model nwt
I0420 18:24:19.384253 11932 cuckoo_watch.h:44] 200ms in ProcessBatch(lect_batch\aaaabb.batch) [including 22ms in LoadMessage; 8ms in InitializeSparseNdw; 61ms in InferThetaAndUpdateNwtSparse; 72ms in CalculateScore(^^^ItemsProcessedScore^^^); ]
I0420 18:24:19.397763 19248 processor.cc:742] Processor: start processing batch 4d9f02b5-ee08-4635-aae2-2b57f1e0a8f0 into model nwt
I0420 18:24:19.411272 18788 processor.cc:830] Processor: complete processing batch 8ecb0f11-dfe7-47fd-b195-6ef52282e1ec into model nwt
I0420 18:24:19.412772 18788 cuckoo_watch.h:44] 136ms in ProcessBatch(lect_batch\aaaabc.batch) [including 9ms in LoadMessage; 4ms in InitializeSparseNdw; 54ms in InferThetaAndUpdateNwtSparse; 62ms in CalculateScore(^^^ItemsProcessedScore^^^); ]
I0420 18:24:19.424280 11932 processor.cc:742] Processor: start processing batch c37c2ed2-a8a9-47a3-8014-2fe358010d54 into model nwt
I0420 18:24:19.433787 18788 processor.cc:742] Processor: start processing batch 57a3605c-f749-4c76-ae3c-eed8ccccdecb into model nwt
I0420 18:24:19.460806 18788 processor.cc:830] Processor: complete processing batch 57a3605c-f749-4c76-ae3c-eed8ccccdecb into model nwt
I0420 18:24:19.461807 18788 cuckoo_watch.h:44] 48ms in ProcessBatch(lect_batch\aaaabg.batch) [including 4ms in LoadMessage; 1ms in InitializeSparseNdw; 13ms in InferThetaAndUpdateNwtSparse; 11ms in CalculateScore(^^^ItemsProcessedScore^^^); ]
I0420 18:24:19.503837 18788 processor.cc:742] Processor: start processing batch 87a88801-cb0f-4cd9-8137-b93300ae9e79 into model nwt
I0420 18:24:19.524351 18788 processor.cc:830] Processor: complete processing batch 87a88801-cb0f-4cd9-8137-b93300ae9e79 into model nwt
I0420 18:24:19.525352 18788 cuckoo_watch.h:44] 63ms in ProcessBatch(lect_batch\aaaabh.batch) [including 37ms in LoadMessage; 0ms in InitializeSparseNdw; 11ms in InferThetaAndUpdateNwtSparse; 8ms in CalculateScore(^^^ItemsProcessedScore^^^); ]
I0420 18:24:19.531357 18788 processor.cc:742] Processor: start processing batch 32275435-e67e-4e83-aa4e-944b12405678 into model nwt
I0420 18:24:19.547369 18788 processor.cc:830] Processor: complete processing batch 32275435-e67e-4e83-aa4e-944b12405678 into model nwt
I0420 18:24:19.547369 11932 processor.cc:830] Processor: complete processing batch c37c2ed2-a8a9-47a3-8014-2fe358010d54 into model nwt
I0420 18:24:19.547868 18788 cuckoo_watch.h:44] 22ms in ProcessBatch(lect_batch\aaaabi.batch) [including 1ms in LoadMessage; 0ms in InitializeSparseNdw; 11ms in InferThetaAndUpdateNwtSparse; 3ms in CalculateScore(^^^ItemsProcessedScore^^^); ]
I0420 18:24:19.547868 14860 processor.cc:830] Processor: complete processing batch 8384b06c-f2be-4e54-a5ce-a22324f28de9 into model nwt
I0420 18:24:19.552371 11932 cuckoo_watch.h:44] 167ms in ProcessBatch(lect_batch\aaaabf.batch) [including 7ms in LoadMessage; 4ms in InitializeSparseNdw; 74ms in InferThetaAndUpdateNwtSparse; 44ms in CalculateScore(^^^ItemsProcessedScore^^^); ]
I0420 18:24:19.554373 14860 cuckoo_watch.h:44] 267ms in ProcessBatch(lect_batch\aaaabd.batch) [including 25ms in LoadMessage; 8ms in InitializeSparseNdw; 116ms in InferThetaAndUpdateNwtSparse; 106ms in CalculateScore(^^^ItemsProcessedScore^^^); ]
I0420 18:24:19.583397 11932 processor.cc:659] No data in processing queue, waiting...
I0420 18:24:19.588903 19248 processor.cc:830] Processor: complete processing batch 4d9f02b5-ee08-4635-aae2-2b57f1e0a8f0 into model nwt
I0420 18:24:19.590405 18788 processor.cc:659] No data in processing queue, waiting...
