I0420 18:24:19.592901 14860 processor.cc:659] No data in processing queue, waiting...
I0420 18:24:19.593401 19248 cuckoo_watch.h:44] 232ms in ProcessBatch(lect_batch\aaaabe.batch) [including 33ms in LoadMessage; 6ms in InitializeSparseNdw; 107ms in InferThetaAndUpdateNwtSparse; 75ms in CalculateScore(^^^ItemsProcessedScore^^^); ]
I0420 18:24:19.593901 13216 master_component.cc:1200] RegularizeModelArgs: rwt_target_name=rwt, pwt_source_name=pwt, nwt_source_name=nwt
I0420 18:24:19.593901 13216 master_component.cc:785] MasterComponent: start regularizing model pwt
I0420 18:24:19.621142 19248 processor.cc:659] No data in processing queue, waiting...
I0420 18:24:20.065891  2132 c_interface.cc:523] Pass GetScoreValueArgs, score_name=^^^ItemsProcessedScore^^^ to MasterComponent::Request
I0420 18:24:20.065891  2132 c_interface.cc:205] ArtmCopyRequestedMessage is copying 54 bytes...
I0420 18:24:20.088917 13216 master_component.cc:808] MasterComponent: complete regularizing model pwt
I0420 18:24:20.088917 13216 master_component.cc:1211] NormalizeModelArgs: pwt_target_name=pwt, nwt_source_name=nwt, rwt_source_name=rwt
I0420 18:24:20.088917 13216 master_component.cc:812] MasterComponent: start normalizing model nwt
I0420 18:24:20.411865 13216 master_component.cc:834] MasterComponent: complete normalizing model nwt
I0420 18:24:21.066869  2132 c_interface.cc:523] Pass GetScoreValueArgs, score_name=^^^ItemsProcessedScore^^^ to MasterComponent::Request
I0420 18:24:21.066869  2132 c_interface.cc:205] ArtmCopyRequestedMessage is copying 54 bytes...
I0420 18:24:21.600879 13216 master_component.cc:1235] DisposeModel rwt
I0420 18:24:21.634903 13216 master_component.cc:858] FitOffline: ItemsProcessed, num_items=1728, num_batches=35, token_weight=808522, token_weight_in_effect=808522
I0420 18:24:21.636904  2132 c_interface.cc:523] Pass GetScoreValueArgs, score_name=^^^ItemsProcessedScore^^^ to MasterComponent::Request
I0420 18:24:21.636904  2132 c_interface.cc:205] ArtmCopyRequestedMessage is copying 54 bytes...
I0420 18:24:21.639906 13216 c_interface.cc:359] Pass FitOfflineMasterModelArgs, batch_filename_size=35, batch_weight_size=35, num_collection_passes=1 to void (__cdecl artm::core::MasterComponent::*)(class artm::FitOfflineMasterModelArgs const & __ptr64) __ptr64
I0420 18:24:21.639906 13216 master_component.cc:1162] ProcessBatchesArgs: nwt_target_name=nwt, batch_filename_size=35, batch_size=0, batch_weight_size=35, pwt_source_name=pwt, num_document_passes=1, regularizer=(name:SparsePhi, tau:100000), class=(text:1), class=(author:1), reuse_theta=yes, opt_for_avx=yes, predict_class_id=
I0420 18:24:21.839572 14860 processor.cc:666] Processing queue has data, processing started
I0420 18:24:21.841573 19248 processor.cc:666] Processing queue has data, processing started
I0420 18:24:21.842576 11932 processor.cc:666] Processing queue has data, processing started
I0420 18:24:21.847579 14860 processor.cc:742] Processor: start processing batch 89eea304-d5ab-438b-9efa-cecb2608618e into model nwt
I0420 18:24:21.847579 18788 processor.cc:666] Processing queue has data, processing started
I0420 18:24:21.852581 11932 processor.cc:742] Processor: start processing batch 94d56e49-c46d-47f3-ac85-fb497313e2ad into model nwt
I0420 18:24:21.854583 19248 processor.cc:742] Processor: start processing batch 3a94bd7b-574b-4c4c-8b24-25b7e58bf8e0 into model nwt
I0420 18:24:21.866591 18788 processor.cc:742] Processor: start processing batch 6c923f16-c2bd-4b09-889c-e6661382781e into model nwt
I0420 18:24:21.875603 19248 processor.cc:830] Processor: complete processing batch 3a94bd7b-574b-4c4c-8b24-25b7e58bf8e0 into model nwt
I0420 18:24:21.876605 19248 cuckoo_watch.h:44] 34ms in ProcessBatch(lect_batch\aaaaab.batch) [including 3ms in LoadMessage; 0ms in InitializeSparseNdw; 10ms in InferThetaAndUpdateNwtSparse; 9ms in CalculateScore(^^^ItemsProcessedScore^^^); ]
I0420 18:24:21.881108 14860 processor.cc:830] Processor: complete processing batch 89eea304-d5ab-438b-9efa-cecb2608618e into model nwt
I0420 18:24:21.881608 14860 cuckoo_watch.h:44] 42ms in ProcessBatch(lect_batch\aaaaaa.batch) [including 2ms in LoadMessage; 1ms in InitializeSparseNdw; 23ms in InferThetaAndUpdateNwtSparse; 8ms in CalculateScore(^^^ItemsProcessedScore^^^); ]
I0420 18:24:21.890619 14860 processor.cc:742] Processor: start processing batch a4b3f430-17fa-4972-9fe7-e36398e27f77 into model nwt
I0420 18:24:21.900626 19248 processor.cc:742] Processor: start processing batch e8f98400-6be6-4dbe-b465-399aa5c94cc8 into model nwt
I0420 18:24:21.905630 11932 processor.cc:830] Processor: complete processing batch 94d56e49-c46d-47f3-ac85-fb497313e2ad into model nwt
I0420 18:24:21.906630 11932 cuckoo_watch.h:44] 64ms in ProcessBatch(lect_batch\aaaaac.batch) [including 6ms in LoadMessage; 1ms in InitializeSparseNdw; 34ms in InferThetaAndUpdateNwtSparse; 15ms in CalculateScore(^^^ItemsProcessedScore^^^); ]
I0420 18:24:21.915637 11932 processor.cc:742] Processor: start processing batch 434f7b0e-7cec-4f94-a420-dd1a2b522d43 into model nwt
I0420 18:24:21.922642 18788 processor.cc:830] Processor: complete processing batch 6c923f16-c2bd-4b09-889c-e6661382781e into model nwt
I0420 18:24:21.923643 18788 cuckoo_watch.h:44] 76ms in ProcessBatch(lect_batch\aaaaad.batch) [including 12ms in LoadMessage; 1ms in InitializeSparseNdw; 21ms in InferThetaAndUpdateNwtSparse; 30ms in CalculateScore(^^^ItemsProcessedScore^^^); ]
I0420 18:24:21.933650 18788 processor.cc:742] Processor: start processing batch 9d9610e8-b61d-4697-afd4-9fa40ebd8442 into model nwt
I0420 18:24:21.939658 14860 processor.cc:830] Processor: complete processing batch a4b3f430-17fa-4972-9fe7-e36398e27f77 into model nwt
I0420 18:24:21.940654 14860 cuckoo_watch.h:44] 59ms in ProcessBatch(lect_batch\aaaaaf.batch) [including 4ms in LoadMessage; 2ms in InitializeSparseNdw; 28ms in InferThetaAndUpdateNwtSparse; 17ms in CalculateScore(^^^ItemsProcessedScore^^^); ]
I0420 18:24:21.949661 14860 processor.cc:742] Processor: start processing batch 5f8589ed-f350-4c78-bc79-d320c047188a into model nwt
I0420 18:24:21.951663 19248 processor.cc:830] Processor: complete processing batch e8f98400-6be6-4dbe-b465-399aa5c94cc8 into model nwt
I0420 18:24:21.952663 19248 cuckoo_watch.h:44] 76ms in ProcessBatch(lect_batch\aaaaae.batch) [including 4ms in LoadMessage; 3ms in InitializeSparseNdw; 20ms in InferThetaAndUpdateNwtSparse; 25ms in CalculateScore(^^^ItemsProcessedScore^^^); ]
I0420 18:24:21.959667 19248 processor.cc:742] Processor: start processing batch 44addf73-91a5-4d85-bd13-27098a37e4d8 into model nwt
I0420 18:24:21.976183 18788 processor.cc:830] Processor: complete processing batch 9d9610e8-b61d-4697-afd4-9fa40ebd8442 into model nwt
I0420 18:24:21.976685 11932 processor.cc:830] Processor: complete processing batch 434f7b0e-7cec-4f94-a420-dd1a2b522d43 into model nwt
I0420 18:24:21.977684 18788 cuckoo_watch.h:44] 53ms in ProcessBatch(lect_batch\aaaaah.batch) [including 5ms in LoadMessage; 1ms in InitializeSparseNdw; 24ms in InferThetaAndUpdateNwtSparse; 15ms in CalculateScore(^^^ItemsProcessedScore^^^); ]
I0420 18:24:21.978184 11932 cuckoo_watch.h:44] 71ms in ProcessBatch(lect_batch\aaaaag.batch) [including 5ms in LoadMessage; 12ms in InitializeSparseNdw; 24ms in InferThetaAndUpdateNwtSparse; 23ms in CalculateScore(^^^ItemsProcessedScore^^^); ]
I0420 18:24:21.984189 14860 processor.cc:830] Processor: complete processing batch 5f8589ed-f350-4c78-bc79-d320c047188a into model nwt
I0420 18:24:21.985189 18788 processor.cc:742] Processor: start processing batch 306059a4-800c-455a-bcae-c707c939e80c into model nwt
I0420 18:24:21.985189 14860 cuckoo_watch.h:44] 44ms in ProcessBatch(lect_batch\aaaaai.batch) [including 4ms in LoadMessage; 1ms in InitializeSparseNdw; 15ms in InferThetaAndUpdateNwtSparse; 16ms in CalculateScore(^^^ItemsProcessedScore^^^); ]
I0420 18:24:21.987192 11932 processor.cc:742] Processor: start processing batch e832fa18-34c3-47ab-a4a2-c598342a4cc5 into model nwt
I0420 18:24:21.993695 14860 processor.cc:742] Processor: start processing batch 83756c37-96eb-4334-af0e-e28b6c2001bb into model nwt
I0420 18:24:21.998199 19248 processor.cc:830] Processor: complete processing batch 44addf73-91a5-4d85-bd13-27098a37e4d8 into model nwt
I0420 18:24:21.999199 19248 cuckoo_watch.h:44] 46ms in ProcessBatch(lect_batch\aaaaaj.batch) [including 4ms in LoadMessage; 1ms in InitializeSparseNdw; 19ms in InferThetaAndUpdateNwtSparse; 16ms in CalculateScore(^^^ItemsProcessedScore^^^); ]
I0420 18:24:22.009707 19248 processor.cc:742] Processor: start processing batch 4d52cea1-bcd4-4e3e-9acb-13507bc04c2c into model nwt
I0420 18:24:22.037230 11932 processor.cc:830] Processor: complete processing batch e832fa18-34c3-47ab-a4a2-c598342a4cc5 into model nwt
I0420 18:24:22.040228 11932 cuckoo_watch.h:44] 62ms in ProcessBatch(lect_batch\aaaaal.batch) [including 5ms in LoadMessage; 2ms in InitializeSparseNdw; 28ms in InferThetaAndUpdateNwtSparse; 18ms in CalculateScore(^^^ItemsProcessedScore^^^); ]
I0420 18:24:22.041231 18788 processor.cc:830] Processor: complete processing batch 306059a4-800c-455a-bcae-c707c939e80c into model nwt
I0420 18:24:22.042731 18788 cuckoo_watch.h:44] 65ms in ProcessBatch(lect_batch\aaaaak.batch) [including 4ms in LoadMessage; 4ms in InitializeSparseNdw; 16ms in InferThetaAndUpdateNwtSparse; 32ms in CalculateScore(^^^ItemsProcessedScore^^^); ]
I0420 18:24:22.043731 14860 processor.cc:830] Processor: complete processing batch 83756c37-96eb-4334-af0e-e28b6c2001bb into model nwt
I0420 18:24:22.044731 14860 cuckoo_watch.h:44] 59ms in ProcessBatch(lect_batch\aaaaam.batch) [including 4ms in LoadMessage; 2ms in InitializeSparseNdw; 24ms in InferThetaAndUpdateNwtSparse; 22ms in CalculateScore(^^^ItemsProcessedScore^^^); ]
I0420 18:24:22.051738 18788 processor.cc:742] Processor: start processing batch f19fae93-f841-459d-bf3e-7889d79e0ab2 into model nwt
I0420 18:24:22.055739 11932 processor.cc:742] Processor: start processing batch c26ed093-a126-453f-9ba4-b4a8a1b2d080 into model nwt
I0420 18:24:22.058742 14860 processor.cc:742] Processor: start processing batch 43e5f07c-b707-449e-b6af-3f1a3abc4d95 into model nwt
I0420 18:24:22.082258 19248 processor.cc:830] Processor: complete processing batch 4d52cea1-bcd4-4e3e-9acb-13507bc04c2c into model nwt
I0420 18:24:22.083258 19248 cuckoo_watch.h:44] 84ms in ProcessBatch(lect_batch\aaaaan.batch) [including 7ms in LoadMessage; 4ms in InitializeSparseNdw; 37ms in InferThetaAndUpdateNwtSparse; 29ms in CalculateScore(^^^ItemsProcessedScore^^^); ]
I0420 18:24:22.095268 18788 processor.cc:830] Processor: complete processing batch f19fae93-f841-459d-bf3e-7889d79e0ab2 into model nwt
I0420 18:24:22.096268 18788 cuckoo_watch.h:44] 53ms in ProcessBatch(lect_batch\aaaaap.batch) [including 4ms in LoadMessage; 2ms in InitializeSparseNdw; 22ms in InferThetaAndUpdateNwtSparse; 17ms in CalculateScore(^^^ItemsProcessedScore^^^); ]
I0420 18:24:22.098269 19248 processor.cc:742] Processor: start processing batch 288a7c66-4706-409c-ab6a-44da1abfcd4e into model nwt
I0420 18:24:22.101773 14860 processor.cc:830] Processor: complete processing batch 43e5f07c-b707-449e-b6af-3f1a3abc4d95 into model nwt
I0420 18:24:22.102773 14860 cuckoo_watch.h:44] 58ms in ProcessBatch(lect_batch\aaaaaq.batch) [including 10ms in LoadMessage; 2ms in InitializeSparseNdw; 19ms in InferThetaAndUpdateNwtSparse; 20ms in CalculateScore(^^^ItemsProcessedScore^^^); ]
I0420 18:24:22.106276 18788 processor.cc:742] Processor: start processing batch 1cc1ce47-daf0-42f0-b58a-6ee7796456ce into model nwt
I0420 18:24:22.115782 11932 processor.cc:830] Processor: complete processing batch c26ed093-a126-453f-9ba4-b4a8a1b2d080 into model nwt
I0420 18:24:22.116782 14860 processor.cc:742] Processor: start processing batch d4854b82-2c49-4f4f-b4fa-c1f37d6f044c into model nwt
I0420 18:24:22.117282 11932 cuckoo_watch.h:44] 76ms in ProcessBatch(lect_batch\aaaaao.batch) [including 10ms in LoadMessage; 3ms in InitializeSparseNdw; 31ms in InferThetaAndUpdateNwtSparse; 24ms in CalculateScore(^^^ItemsProcessedScore^^^); ]
I0420 18:24:22.137799 11932 processor.cc:742] Processor: start processing batch df5cfc40-f3eb-4708-82d3-58c84efbe69b into model nwt
I0420 18:24:22.152807 19248 processor.cc:830] Processor: complete processing batch 288a7c66-4706-409c-ab6a-44da1abfcd4e into model nwt
I0420 18:24:22.153810 19248 cuckoo_watch.h:44] 70ms in ProcessBatch(lect_batch\aaaaar.batch) [including 9ms in LoadMessage; 1ms in InitializeSparseNdw; 16ms in InferThetaAndUpdateNwtSparse; 36ms in CalculateScore(^^^ItemsProcessedScore^^^); ]
I0420 18:24:22.169821 19248 processor.cc:742] Processor: start processing batch 242701f2-b343-4b71-8b56-53eeb3cc61fa into model nwt
I0420 18:24:22.178326 18788 processor.cc:830] Processor: complete processing batch 1cc1ce47-daf0-42f0-b58a-6ee7796456ce into model nwt
I0420 18:24:22.179828 18788 cuckoo_watch.h:44] 83ms in ProcessBatch(lect_batch\aaaaas.batch) [including 6ms in LoadMessage; 2ms in InitializeSparseNdw; 41ms in InferThetaAndUpdateNwtSparse; 28ms in CalculateScore(^^^ItemsProcessedScore^^^); ]
I0420 18:24:22.199841 18788 processor.cc:742] Processor: start processing batch 23d6cf7c-958e-4135-a9ed-a548321129f2 into model nwt
I0420 18:24:22.246876 14860 processor.cc:830] Processor: complete processing batch d4854b82-2c49-4f4f-b4fa-c1f37d6f044c into model nwt
I0420 18:24:22.248877 14860 cuckoo_watch.h:44] 145ms in ProcessBatch(lect_batch\aaaaat.batch) [including 9ms in LoadMessage; 10ms in InitializeSparseNdw; 56ms in InferThetaAndUpdateNwtSparse; 62ms in CalculateScore(^^^ItemsProcessedScore^^^); ]
I0420 18:24:22.265388 14860 processor.cc:742] Processor: start processing batch 69c23a94-e5e1-4f80-8676-7a5cff167645 into model nwt
I0420 18:24:22.311421 11932 processor.cc:830] Processor: complete processing batch df5cfc40-f3eb-4708-82d3-58c84efbe69b into model nwt
I0420 18:24:22.314924 11932 cuckoo_watch.h:44] 197ms in ProcessBatch(lect_batch\aaaaau.batch) [including 16ms in LoadMessage; 8ms in InitializeSparseNdw; 75ms in InferThetaAndUpdateNwtSparse; 89ms in CalculateScore(^^^ItemsProcessedScore^^^); ]
I0420 18:24:22.332435 11932 processor.cc:742] Processor: start processing batch 8510b034-6c47-4422-89c3-095354b2f706 into model nwt
I0420 18:24:22.369462 19248 processor.cc:830] Processor: complete processing batch 242701f2-b343-4b71-8b56-53eeb3cc61fa into model nwt
I0420 18:24:22.371963 19248 cuckoo_watch.h:44] 217ms in ProcessBatch(lect_batch\aaaaav.batch) [including 12ms in LoadMessage; 14ms in InitializeSparseNdw; 83ms in InferThetaAndUpdateNwtSparse; 100ms in CalculateScore(^^^ItemsProcessedScore^^^); ]
I0420 18:24:22.386975 19248 processor.cc:742] Processor: start processing batch e68e1696-9770-4e23-89ed-28c5beeaf64b into model nwt
I0420 18:24:22.402485 18788 processor.cc:830] Processor: complete processing batch 23d6cf7c-958e-4135-a9ed-a548321129f2 into model nwt
I0420 18:24:22.404988 18788 cuckoo_watch.h:44] 224ms in ProcessBatch(lect_batch\aaaaaw.batch) [including 12ms in LoadMessage; 8ms in InitializeSparseNdw; 82ms in InferThetaAndUpdateNwtSparse; 111ms in CalculateScore(^^^ItemsProcessedScore^^^); ]
I0420 18:24:22.430505 18788 processor.cc:742] Processor: start processing batch 97f7f6cc-a95a-4510-a7c5-57e8ebbd8cf8 into model nwt
I0420 18:24:22.492549 14860 processor.cc:830] Processor: complete processing batch 69c23a94-e5e1-4f80-8676-7a5cff167645 into model nwt
I0420 18:24:22.495051 14860 cuckoo_watch.h:44] 246ms in ProcessBatch(lect_batch\aaaaax.batch) [including 12ms in LoadMessage; 9ms in InitializeSparseNdw; 109ms in InferThetaAndUpdateNwtSparse; 108ms in CalculateScore(^^^ItemsProcessedScore^^^); ]
I0420 18:24:22.508561 14860 processor.cc:742] Processor: start processing batch 731b4771-b9ba-472c-9613-a3ef1ed6a4c3 into model nwt
I0420 18:24:22.562598 11932 processor.cc:830] Processor: complete processing batch 8510b034-6c47-4422-89c3-095354b2f706 into model nwt
I0420 18:24:22.565601 11932 cuckoo_watch.h:44] 250ms in ProcessBatch(lect_batch\aaaaay.batch) [including 12ms in LoadMessage; 26ms in InitializeSparseNdw; 108ms in InferThetaAndUpdateNwtSparse; 95ms in CalculateScore(^^^ItemsProcessedScore^^^); ]
I0420 18:24:22.576109 11932 processor.cc:742] Processor: start processing batch 8ecb0f11-dfe7-47fd-b195-6ef52282e1ec into model nwt
I0420 18:24:22.584614 19248 processor.cc:830] Processor: complete processing batch e68e1696-9770-4e23-89ed-28c5beeaf64b into model nwt
I0420 18:24:22.587116 19248 cuckoo_watch.h:44] 215ms in ProcessBatch(lect_batch\aaaaaz.batch) [including 11ms in LoadMessage; 30ms in InitializeSparseNdw; 86ms in InferThetaAndUpdateNwtSparse; 80ms in CalculateScore(^^^ItemsProcessedScore^^^); ]
I0420 18:24:22.606129 19248 processor.cc:742] Processor: start processing batch 8384b06c-f2be-4e54-a5ce-a22324f28de9 into model nwt
I0420 18:24:22.616637 18788 processor.cc:830] Processor: complete processing batch 97f7f6cc-a95a-4510-a7c5-57e8ebbd8cf8 into model nwt
I0420 18:24:22.619639 18788 cuckoo_watch.h:44] 214ms in ProcessBatch(lect_batch\aaaaba.batch) [including 19ms in LoadMessage; 9ms in InitializeSparseNdw; 103ms in InferThetaAndUpdateNwtSparse; 72ms in CalculateScore(^^^ItemsProcessedScore^^^); ]
I0420 18:24:22.635150 18788 processor.cc:742] Processor: start processing batch 4d9f02b5-ee08-4635-aae2-2b57f1e0a8f0 into model nwt
I0420 18:24:22.642158  2132 c_interface.cc:523] Pass GetScoreValueArgs, score_name=^^^ItemsProcessedScore^^^ to MasterComponent::Request
I0420 18:24:22.642657  2132 c_interface.cc:205] ArtmCopyRequestedMessage is copying 54 bytes...
I0420 18:24:22.643157 14860 processor.cc:830] Processor: complete processing batch 731b4771-b9ba-472c-9613-a3ef1ed6a4c3 into model nwt
I0420 18:24:22.645156 14860 cuckoo_watch.h:44] 149ms in ProcessBatch(lect_batch\aaaabb.batch) [including 10ms in LoadMessage; 6ms in InitializeSparseNdw; 60ms in InferThetaAndUpdateNwtSparse; 67ms in CalculateScore(^^^ItemsProcessedScore^^^); ]
I0420 18:24:22.656666 14860 processor.cc:742] Processor: start processing batch c37c2ed2-a8a9-47a3-8014-2fe358010d54 into model nwt
I0420 18:24:22.668673 11932 processor.cc:830] Processor: complete processing batch 8ecb0f11-dfe7-47fd-b195-6ef52282e1ec into model nwt
I0420 18:24:22.670676 11932 cuckoo_watch.h:44] 104ms in ProcessBatch(lect_batch\aaaabc.batch) [including 7ms in LoadMessage; 3ms in InitializeSparseNdw; 52ms in InferThetaAndUpdateNwtSparse; 36ms in CalculateScore(^^^ItemsProcessedScore^^^); ]
I0420 18:24:22.677681 11932 processor.cc:742] Processor: start processing batch 57a3605c-f749-4c76-ae3c-eed8ccccdecb into model nwt
I0420 18:24:22.718209 11932 processor.cc:830] Processor: complete processing batch 57a3605c-f749-4c76-ae3c-eed8ccccdecb into model nwt
I0420 18:24:22.719210 11932 cuckoo_watch.h:44] 48ms in ProcessBatch(lect_batch\aaaabg.batch) [including 3ms in LoadMessage; 1ms in InitializeSparseNdw; 13ms in InferThetaAndUpdateNwtSparse; 24ms in CalculateScore(^^^ItemsProcessedScore^^^); ]
I0420 18:24:22.726716 11932 processor.cc:742] Processor: start processing batch 87a88801-cb0f-4cd9-8137-b93300ae9e79 into model nwt
I0420 18:24:22.751233 14860 processor.cc:830] Processor: complete processing batch c37c2ed2-a8a9-47a3-8014-2fe358010d54 into model nwt
I0420 18:24:22.754235 14860 cuckoo_watch.h:44] 109ms in ProcessBatch(lect_batch\aaaabf.batch) [including 8ms in LoadMessage; 5ms in InitializeSparseNdw; 41ms in InferThetaAndUpdateNwtSparse; 47ms in CalculateScore(^^^ItemsProcessedScore^^^); ]
I0420 18:24:22.764245 19248 processor.cc:830] Processor: complete processing batch 8384b06c-f2be-4e54-a5ce-a22324f28de9 into model nwt
I0420 18:24:22.770247 11932 processor.cc:830] Processor: complete processing batch 87a88801-cb0f-4cd9-8137-b93300ae9e79 into model nwt
I0420 18:24:22.770747 19248 cuckoo_watch.h:44] 183ms in ProcessBatch(lect_batch\aaaabd.batch) [including 14ms in LoadMessage; 18ms in InitializeSparseNdw; 72ms in InferThetaAndUpdateNwtSparse; 66ms in CalculateScore(^^^ItemsProcessedScore^^^); ]
I0420 18:24:22.771247 11932 cuckoo_watch.h:44] 51ms in ProcessBatch(lect_batch\aaaabh.batch) [including 2ms in LoadMessage; 0ms in InitializeSparseNdw; 9ms in InferThetaAndUpdateNwtSparse; 32ms in CalculateScore(^^^ItemsProcessedScore^^^); ]
I0420 18:24:22.772748 14860 processor.cc:742] Processor: start processing batch 32275435-e67e-4e83-aa4e-944b12405678 into model nwt
I0420 18:24:22.783756 14860 processor.cc:830] Processor: complete processing batch 32275435-e67e-4e83-aa4e-944b12405678 into model nwt
I0420 18:24:22.784256 14860 cuckoo_watch.h:44] 29ms in ProcessBatch(lect_batch\aaaabi.batch) [including 1ms in LoadMessage; 0ms in InitializeSparseNdw; 5ms in InferThetaAndUpdateNwtSparse; 4ms in CalculateScore(^^^ItemsProcessedScore^^^); ]
I0420 18:24:22.785758 18788 processor.cc:830] Processor: complete processing batch 4d9f02b5-ee08-4635-aae2-2b57f1e0a8f0 into model nwt
I0420 18:24:22.787760 18788 cuckoo_watch.h:44] 167ms in ProcessBatch(lect_batch\aaaabe.batch) [including 11ms in LoadMessage; 7ms in InitializeSparseNdw; 71ms in InferThetaAndUpdateNwtSparse; 71ms in CalculateScore(^^^ItemsProcessedScore^^^); ]
I0420 18:24:22.788259 13216 master_component.cc:1200] RegularizeModelArgs: rwt_target_name=rwt, pwt_source_name=pwt, nwt_source_name=nwt
I0420 18:24:22.788259 13216 master_component.cc:785] MasterComponent: start regularizing model pwt
I0420 18:24:22.801769 19248 processor.cc:659] No data in processing queue, waiting...
I0420 18:24:22.801769 11932 processor.cc:659] No data in processing queue, waiting...
I0420 18:24:22.810776 14860 processor.cc:659] No data in processing queue, waiting...
I0420 18:24:22.815279 18788 processor.cc:659] No data in processing queue, waiting...
I0420 18:24:23.361305 13216 master_component.cc:808] MasterComponent: complete regularizing model pwt
I0420 18:24:23.361305 13216 master_component.cc:1211] NormalizeModelArgs: pwt_target_name=pwt, nwt_source_name=nwt, rwt_source_name=rwt
I0420 18:24:23.361305 13216 master_component.cc:812] MasterComponent: start normalizing model nwt
I0420 18:24:23.642539  2132 c_interface.cc:523] Pass GetScoreValueArgs, score_name=^^^ItemsProcessedScore^^^ to MasterComponent::Request
I0420 18:24:23.642539  2132 c_interface.cc:205] ArtmCopyRequestedMessage is copying 54 bytes...
I0420 18:24:23.648542 13216 master_component.cc:834] MasterComponent: complete normalizing model nwt
I0420 18:24:24.643965  2132 c_interface.cc:523] Pass GetScoreValueArgs, score_name=^^^ItemsProcessedScore^^^ to MasterComponent::Request
I0420 18:24:24.643965  2132 c_interface.cc:205] ArtmCopyRequestedMessage is copying 54 bytes...
I0420 18:24:24.742049 13216 master_component.cc:1235] DisposeModel rwt
I0420 18:24:24.775074 13216 master_component.cc:858] FitOffline: ItemsProcessed, num_items=1728, num_batches=35, token_weight=808522, token_weight_in_effect=808522
I0420 18:24:24.808944  2132 c_interface.cc:523] Pass GetScoreValueArgs, score_name=^^^ItemsProcessedScore^^^ to MasterComponent::Request
I0420 18:24:24.808944  2132 c_interface.cc:205] ArtmCopyRequestedMessage is copying 54 bytes...
I0420 18:24:24.811946 13216 c_interface.cc:359] Pass FitOfflineMasterModelArgs, batch_filename_size=35, batch_weight_size=35, num_collection_passes=1 to void (__cdecl artm::core::MasterComponent::*)(class artm::FitOfflineMasterModelArgs const & __ptr64) __ptr64
I0420 18:24:24.811946 13216 master_component.cc:1162] ProcessBatchesArgs: nwt_target_name=nwt, batch_filename_size=35, batch_size=0, batch_weight_size=35, pwt_source_name=pwt, num_document_passes=1, regularizer=(name:SparsePhi, tau:100000), class=(text:1), class=(author:1), reuse_theta=yes, opt_for_avx=yes, predict_class_id=
I0420 18:24:24.993494 19248 processor.cc:666] Processing queue has data, processing started
I0420 18:24:24.993494 14860 processor.cc:666] Processing queue has data, processing started
I0420 18:24:24.994997 18788 processor.cc:666] Processing queue has data, processing started
I0420 18:24:25.001003 14860 processor.cc:742] Processor: start processing batch 3a94bd7b-574b-4c4c-8b24-25b7e58bf8e0 into model nwt
I0420 18:24:25.006018 18788 processor.cc:742] Processor: start processing batch 94d56e49-c46d-47f3-ac85-fb497313e2ad into model nwt
I0420 18:24:25.009019 19248 processor.cc:742] Processor: start processing batch 89eea304-d5ab-438b-9efa-cecb2608618e into model nwt
I0420 18:24:25.010020 11932 processor.cc:666] Processing queue has data, processing started
I0420 18:24:25.019026 11932 processor.cc:742] Processor: start processing batch 6c923f16-c2bd-4b09-889c-e6661382781e into model nwt
I0420 18:24:25.022028 14860 processor.cc:830] Processor: complete processing batch 3a94bd7b-574b-4c4c-8b24-25b7e58bf8e0 into model nwt
I0420 18:24:25.022028 14860 cuckoo_watch.h:44] 29ms in ProcessBatch(lect_batch\aaaaab.batch) [including 3ms in LoadMessage; 1ms in InitializeSparseNdw; 10ms in InferThetaAndUpdateNwtSparse; 9ms in CalculateScore(^^^ItemsProcessedScore^^^); ]
I0420 18:24:25.025030 19248 processor.cc:830] Processor: complete processing batch 89eea304-d5ab-438b-9efa-cecb2608618e into model nwt
I0420 18:24:25.025030 19248 cuckoo_watch.h:44] 32ms in ProcessBatch(lect_batch\aaaaaa.batch) [including 11ms in LoadMessage; 0ms in InitializeSparseNdw; 8ms in InferThetaAndUpdateNwtSparse; 7ms in CalculateScore(^^^ItemsProcessedScore^^^); ]
I0420 18:24:25.034037 19248 processor.cc:742] Processor: start processing batch a4b3f430-17fa-4972-9fe7-e36398e27f77 into model nwt
I0420 18:24:25.039041 14860 processor.cc:742] Processor: start processing batch e8f98400-6be6-4dbe-b465-399aa5c94cc8 into model nwt
I0420 18:24:25.046046 18788 processor.cc:830] Processor: complete processing batch 94d56e49-c46d-47f3-ac85-fb497313e2ad into model nwt
I0420 18:24:25.048048 18788 cuckoo_watch.h:44] 53ms in ProcessBatch(lect_batch\aaaaac.batch) [including 4ms in LoadMessage; 1ms in InitializeSparseNdw; 15ms in InferThetaAndUpdateNwtSparse; 22ms in CalculateScore(^^^ItemsProcessedScore^^^); ]
I0420 18:24:25.057054 18788 processor.cc:742] Processor: start processing batch 434f7b0e-7cec-4f94-a420-dd1a2b522d43 into model nwt
I0420 18:24:25.080070 11932 processor.cc:830] Processor: complete processing batch 6c923f16-c2bd-4b09-889c-e6661382781e into model nwt
I0420 18:24:25.081071 14860 processor.cc:830] Processor: complete processing batch e8f98400-6be6-4dbe-b465-399aa5c94cc8 into model nwt
I0420 18:24:25.081071 11932 cuckoo_watch.h:44] 71ms in ProcessBatch(lect_batch\aaaaad.batch) [including 5ms in LoadMessage; 1ms in InitializeSparseNdw; 20ms in InferThetaAndUpdateNwtSparse; 38ms in CalculateScore(^^^ItemsProcessedScore^^^); ]
I0420 18:24:25.082072 14860 cuckoo_watch.h:44] 59ms in ProcessBatch(lect_batch\aaaaae.batch) [including 12ms in LoadMessage; 2ms in InitializeSparseNdw; 19ms in InferThetaAndUpdateNwtSparse; 19ms in CalculateScore(^^^ItemsProcessedScore^^^); ]
I0420 18:24:25.089581 14860 processor.cc:742] Processor: start processing batch 5f8589ed-f350-4c78-bc79-d320c047188a into model nwt
I0420 18:24:25.089581 11932 processor.cc:742] Processor: start processing batch 9d9610e8-b61d-4697-afd4-9fa40ebd8442 into model nwt
I0420 18:24:25.094584 19248 processor.cc:830] Processor: complete processing batch a4b3f430-17fa-4972-9fe7-e36398e27f77 into model nwt
I0420 18:24:25.095584 19248 cuckoo_watch.h:44] 69ms in ProcessBatch(lect_batch\aaaaaf.batch) [including 5ms in LoadMessage; 9ms in InitializeSparseNdw; 19ms in InferThetaAndUpdateNwtSparse; 30ms in CalculateScore(^^^ItemsProcessedScore^^^); ]
I0420 18:24:25.102089 18788 processor.cc:830] Processor: complete processing batch 434f7b0e-7cec-4f94-a420-dd1a2b522d43 into model nwt
I0420 18:24:25.103590 18788 cuckoo_watch.h:44] 54ms in ProcessBatch(lect_batch\aaaaag.batch) [including 5ms in LoadMessage; 1ms in InitializeSparseNdw; 24ms in InferThetaAndUpdateNwtSparse; 17ms in CalculateScore(^^^ItemsProcessedScore^^^); ]
I0420 18:24:25.104090 19248 processor.cc:742] Processor: start processing batch 44addf73-91a5-4d85-bd13-27098a37e4d8 into model nwt
I0420 18:24:25.117600 18788 processor.cc:742] Processor: start processing batch 306059a4-800c-455a-bcae-c707c939e80c into model nwt
I0420 18:24:25.130110 11932 processor.cc:830] Processor: complete processing batch 9d9610e8-b61d-4697-afd4-9fa40ebd8442 into model nwt
I0420 18:24:25.131611 11932 cuckoo_watch.h:44] 49ms in ProcessBatch(lect_batch\aaaaah.batch) [including 4ms in LoadMessage; 1ms in InitializeSparseNdw; 22ms in InferThetaAndUpdateNwtSparse; 15ms in CalculateScore(^^^ItemsProcessedScore^^^); ]
I0420 18:24:25.134114 14860 processor.cc:830] Processor: complete processing batch 5f8589ed-f350-4c78-bc79-d320c047188a into model nwt
I0420 18:24:25.135614 14860 cuckoo_watch.h:44] 53ms in ProcessBatch(lect_batch\aaaaai.batch) [including 4ms in LoadMessage; 1ms in InitializeSparseNdw; 25ms in InferThetaAndUpdateNwtSparse; 17ms in CalculateScore(^^^ItemsProcessedScore^^^); ]
I0420 18:24:25.144619 11932 processor.cc:742] Processor: start processing batch e832fa18-34c3-47ab-a4a2-c598342a4cc5 into model nwt
I0420 18:24:25.153627 19248 processor.cc:830] Processor: complete processing batch 44addf73-91a5-4d85-bd13-27098a37e4d8 into model nwt
I0420 18:24:25.155628 19248 cuckoo_watch.h:44] 59ms in ProcessBatch(lect_batch\aaaaaj.batch) [including 5ms in LoadMessage; 1ms in InitializeSparseNdw; 28ms in InferThetaAndUpdateNwtSparse; 18ms in CalculateScore(^^^ItemsProcessedScore^^^); ]
I0420 18:24:25.159633 14860 processor.cc:742] Processor: start processing batch 83756c37-96eb-4334-af0e-e28b6c2001bb into model nwt
I0420 18:24:25.170137 19248 processor.cc:742] Processor: start processing batch 4d52cea1-bcd4-4e3e-9acb-13507bc04c2c into model nwt
I0420 18:24:25.175142 18788 processor.cc:830] Processor: complete processing batch 306059a4-800c-455a-bcae-c707c939e80c into model nwt
I0420 18:24:25.176142 18788 cuckoo_watch.h:44] 72ms in ProcessBatch(lect_batch\aaaaak.batch) [including 9ms in LoadMessage; 1ms in InitializeSparseNdw; 20ms in InferThetaAndUpdateNwtSparse; 34ms in CalculateScore(^^^ItemsProcessedScore^^^); ]
I0420 18:24:25.191153 18788 processor.cc:742] Processor: start processing batch c26ed093-a126-453f-9ba4-b4a8a1b2d080 into model nwt
I0420 18:24:25.210166 11932 processor.cc:830] Processor: complete processing batch e832fa18-34c3-47ab-a4a2-c598342a4cc5 into model nwt
I0420 18:24:25.211668 11932 cuckoo_watch.h:44] 80ms in ProcessBatch(lect_batch\aaaaal.batch) [including 9ms in LoadMessage; 3ms in InitializeSparseNdw; 40ms in InferThetaAndUpdateNwtSparse; 21ms in CalculateScore(^^^ItemsProcessedScore^^^); ]
I0420 18:24:25.226678 14860 processor.cc:830] Processor: complete processing batch 83756c37-96eb-4334-af0e-e28b6c2001bb into model nwt
I0420 18:24:25.227679 14860 cuckoo_watch.h:44] 92ms in ProcessBatch(lect_batch\aaaaam.batch) [including 13ms in LoadMessage; 3ms in InitializeSparseNdw; 40ms in InferThetaAndUpdateNwtSparse; 21ms in CalculateScore(^^^ItemsProcessedScore^^^); ]
I0420 18:24:25.233685 11932 processor.cc:742] Processor: start processing batch f19fae93-f841-459d-bf3e-7889d79e0ab2 into model nwt
I0420 18:24:25.241689 14860 processor.cc:742] Processor: start processing batch 43e5f07c-b707-449e-b6af-3f1a3abc4d95 into model nwt
I0420 18:24:25.274212 11932 processor.cc:830] Processor: complete processing batch f19fae93-f841-459d-bf3e-7889d79e0ab2 into model nwt
I0420 18:24:25.274713 19248 processor.cc:830] Processor: complete processing batch 4d52cea1-bcd4-4e3e-9acb-13507bc04c2c into model nwt
I0420 18:24:25.275712 11932 cuckoo_watch.h:44] 63ms in ProcessBatch(lect_batch\aaaaap.batch) [including 5ms in LoadMessage; 2ms in InitializeSparseNdw; 16ms in InferThetaAndUpdateNwtSparse; 20ms in CalculateScore(^^^ItemsProcessedScore^^^); ]
I0420 18:24:25.276213 19248 cuckoo_watch.h:44] 120ms in ProcessBatch(lect_batch\aaaaan.batch) [including 10ms in LoadMessage; 15ms in InitializeSparseNdw; 54ms in InferThetaAndUpdateNwtSparse; 33ms in CalculateScore(^^^ItemsProcessedScore^^^); ]
I0420 18:24:25.283718 11932 processor.cc:742] Processor: start processing batch 288a7c66-4706-409c-ab6a-44da1abfcd4e into model nwt
I0420 18:24:25.285220 19248 processor.cc:742] Processor: start processing batch 1cc1ce47-daf0-42f0-b58a-6ee7796456ce into model nwt
I0420 18:24:25.289722 18788 processor.cc:830] Processor: complete processing batch c26ed093-a126-453f-9ba4-b4a8a1b2d080 into model nwt
I0420 18:24:25.290724 18788 cuckoo_watch.h:44] 114ms in ProcessBatch(lect_batch\aaaaao.batch) [including 9ms in LoadMessage; 3ms in InitializeSparseNdw; 56ms in InferThetaAndUpdateNwtSparse; 38ms in CalculateScore(^^^ItemsProcessedScore^^^); ]
I0420 18:24:25.304733 14860 processor.cc:830] Processor: complete processing batch 43e5f07c-b707-449e-b6af-3f1a3abc4d95 into model nwt
I0420 18:24:25.306234 14860 cuckoo_watch.h:44] 78ms in ProcessBatch(lect_batch\aaaaaq.batch) [including 10ms in LoadMessage; 3ms in InitializeSparseNdw; 22ms in InferThetaAndUpdateNwtSparse; 37ms in CalculateScore(^^^ItemsProcessedScore^^^); ]
I0420 18:24:25.307235 18788 processor.cc:742] Processor: start processing batch d4854b82-2c49-4f4f-b4fa-c1f37d6f044c into model nwt
I0420 18:24:25.323246 14860 processor.cc:742] Processor: start processing batch df5cfc40-f3eb-4708-82d3-58c84efbe69b into model nwt
I0420 18:24:25.331753 11932 processor.cc:830] Processor: complete processing batch 288a7c66-4706-409c-ab6a-44da1abfcd4e into model nwt
I0420 18:24:25.332753 11932 cuckoo_watch.h:44] 57ms in ProcessBatch(lect_batch\aaaaar.batch) [including 4ms in LoadMessage; 1ms in InitializeSparseNdw; 16ms in InferThetaAndUpdateNwtSparse; 28ms in CalculateScore(^^^ItemsProcessedScore^^^); ]
I0420 18:24:25.347764 11932 processor.cc:742] Processor: start processing batch 242701f2-b343-4b71-8b56-53eeb3cc61fa into model nwt
I0420 18:24:25.384790 19248 processor.cc:830] Processor: complete processing batch 1cc1ce47-daf0-42f0-b58a-6ee7796456ce into model nwt
I0420 18:24:25.386292 19248 cuckoo_watch.h:44] 109ms in ProcessBatch(lect_batch\aaaaas.batch) [including 5ms in LoadMessage; 2ms in InitializeSparseNdw; 45ms in InferThetaAndUpdateNwtSparse; 51ms in CalculateScore(^^^ItemsProcessedScore^^^); ]
I0420 18:24:25.402304 19248 processor.cc:742] Processor: start processing batch 23d6cf7c-958e-4135-a9ed-a548321129f2 into model nwt
I0420 18:24:25.448334 18788 processor.cc:830] Processor: complete processing batch d4854b82-2c49-4f4f-b4fa-c1f37d6f044c into model nwt
I0420 18:24:25.450336 18788 cuckoo_watch.h:44] 159ms in ProcessBatch(lect_batch\aaaaat.batch) [including 9ms in LoadMessage; 6ms in InitializeSparseNdw; 58ms in InferThetaAndUpdateNwtSparse; 75ms in CalculateScore(^^^ItemsProcessedScore^^^); ]
I0420 18:24:25.465347 18788 processor.cc:742] Processor: start processing batch 69c23a94-e5e1-4f80-8676-7a5cff167645 into model nwt
I0420 18:24:25.512881 14860 processor.cc:830] Processor: complete processing batch df5cfc40-f3eb-4708-82d3-58c84efbe69b into model nwt
I0420 18:24:25.515883 14860 cuckoo_watch.h:44] 209ms in ProcessBatch(lect_batch\aaaaau.batch) [including 13ms in LoadMessage; 26ms in InitializeSparseNdw; 84ms in InferThetaAndUpdateNwtSparse; 78ms in CalculateScore(^^^ItemsProcessedScore^^^); ]
I0420 18:24:25.531894 14860 processor.cc:742] Processor: start processing batch 8510b034-6c47-4422-89c3-095354b2f706 into model nwt
I0420 18:24:25.552909 11932 processor.cc:830] Processor: complete processing batch 242701f2-b343-4b71-8b56-53eeb3cc61fa into model nwt
I0420 18:24:25.555411 11932 cuckoo_watch.h:44] 222ms in ProcessBatch(lect_batch\aaaaav.batch) [including 11ms in LoadMessage; 24ms in InitializeSparseNdw; 95ms in InferThetaAndUpdateNwtSparse; 84ms in CalculateScore(^^^ItemsProcessedScore^^^); ]
I0420 18:24:25.572423 11932 processor.cc:742] Processor: start processing batch e68e1696-9770-4e23-89ed-28c5beeaf64b into model nwt
I0420 18:24:25.589936 19248 processor.cc:830] Processor: complete processing batch 23d6cf7c-958e-4135-a9ed-a548321129f2 into model nwt
I0420 18:24:25.591936 19248 cuckoo_watch.h:44] 205ms in ProcessBatch(lect_batch\aaaaaw.batch) [including 12ms in LoadMessage; 8ms in InitializeSparseNdw; 89ms in InferThetaAndUpdateNwtSparse; 88ms in CalculateScore(^^^ItemsProcessedScore^^^); ]
I0420 18:24:25.622959 19248 processor.cc:742] Processor: start processing batch 97f7f6cc-a95a-4510-a7c5-57e8ebbd8cf8 into model nwt
I0420 18:24:25.644975 18788 processor.cc:830] Processor: complete processing batch 69c23a94-e5e1-4f80-8676-7a5cff167645 into model nwt
I0420 18:24:25.647476 18788 cuckoo_watch.h:44] 197ms in ProcessBatch(lect_batch\aaaaax.batch) [including 11ms in LoadMessage; 24ms in InitializeSparseNdw; 76ms in InferThetaAndUpdateNwtSparse; 79ms in CalculateScore(^^^ItemsProcessedScore^^^); ]
I0420 18:24:25.660485 18788 processor.cc:742] Processor: start processing batch 731b4771-b9ba-472c-9613-a3ef1ed6a4c3 into model nwt
I0420 18:24:25.712021 14860 processor.cc:830] Processor: complete processing batch 8510b034-6c47-4422-89c3-095354b2f706 into model nwt
I0420 18:24:25.714524 14860 cuckoo_watch.h:44] 198ms in ProcessBatch(lect_batch\aaaaay.batch) [including 12ms in LoadMessage; 16ms in InitializeSparseNdw; 81ms in InferThetaAndUpdateNwtSparse; 81ms in CalculateScore(^^^ItemsProcessedScore^^^); ]
I0420 18:24:25.728034 14860 processor.cc:742] Processor: start processing batch 8ecb0f11-dfe7-47fd-b195-6ef52282e1ec into model nwt
I0420 18:24:25.734539 11932 processor.cc:830] Processor: complete processing batch e68e1696-9770-4e23-89ed-28c5beeaf64b into model nwt
I0420 18:24:25.736539 11932 cuckoo_watch.h:44] 181ms in ProcessBatch(lect_batch\aaaaaz.batch) [including 13ms in LoadMessage; 11ms in InitializeSparseNdw; 79ms in InferThetaAndUpdateNwtSparse; 70ms in CalculateScore(^^^ItemsProcessedScore^^^); ]
I0420 18:24:25.751550 11932 processor.cc:742] Processor: start processing batch 8384b06c-f2be-4e54-a5ce-a22324f28de9 into model nwt
I0420 18:24:25.784073 19248 processor.cc:830] Processor: complete processing batch 97f7f6cc-a95a-4510-a7c5-57e8ebbd8cf8 into model nwt
I0420 18:24:25.785574 18788 processor.cc:830] Processor: complete processing batch 731b4771-b9ba-472c-9613-a3ef1ed6a4c3 into model nwt
I0420 18:24:25.786576 19248 cuckoo_watch.h:44] 194ms in ProcessBatch(lect_batch\aaaaba.batch) [including 23ms in LoadMessage; 10ms in InitializeSparseNdw; 81ms in InferThetaAndUpdateNwtSparse; 68ms in CalculateScore(^^^ItemsProcessedScore^^^); ]
I0420 18:24:25.787575 18788 cuckoo_watch.h:44] 139ms in ProcessBatch(lect_batch\aaaabb.batch) [including 9ms in LoadMessage; 6ms in InitializeSparseNdw; 68ms in InferThetaAndUpdateNwtSparse; 49ms in CalculateScore(^^^ItemsProcessedScore^^^); ]
I0420 18:24:25.806591 18788 processor.cc:742] Processor: start processing batch c37c2ed2-a8a9-47a3-8014-2fe358010d54 into model nwt
I0420 18:24:25.808090 19248 processor.cc:742] Processor: start processing batch 4d9f02b5-ee08-4635-aae2-2b57f1e0a8f0 into model nwt
I0420 18:24:25.810092 14860 processor.cc:830] Processor: complete processing batch 8ecb0f11-dfe7-47fd-b195-6ef52282e1ec into model nwt
I0420 18:24:25.814707 14860 cuckoo_watch.h:44] 100ms in ProcessBatch(lect_batch\aaaabc.batch) [including 9ms in LoadMessage; 4ms in InitializeSparseNdw; 37ms in InferThetaAndUpdateNwtSparse; 39ms in CalculateScore(^^^ItemsProcessedScore^^^); ]
I0420 18:24:25.822712 14860 processor.cc:742] Processor: start processing batch 57a3605c-f749-4c76-ae3c-eed8ccccdecb into model nwt
I0420 18:24:25.832218  2132 c_interface.cc:523] Pass GetScoreValueArgs, score_name=^^^ItemsProcessedScore^^^ to MasterComponent::Request
I0420 18:24:25.832726  2132 c_interface.cc:205] ArtmCopyRequestedMessage is copying 54 bytes...
I0420 18:24:25.859738 14860 processor.cc:830] Processor: complete processing batch 57a3605c-f749-4c76-ae3c-eed8ccccdecb into model nwt
I0420 18:24:25.860739 14860 cuckoo_watch.h:44] 45ms in ProcessBatch(lect_batch\aaaabg.batch) [including 3ms in LoadMessage; 1ms in InitializeSparseNdw; 23ms in InferThetaAndUpdateNwtSparse; 11ms in CalculateScore(^^^ItemsProcessedScore^^^); ]
I0420 18:24:25.866742 14860 processor.cc:742] Processor: start processing batch 87a88801-cb0f-4cd9-8137-b93300ae9e79 into model nwt
I0420 18:24:25.890259 14860 processor.cc:830] Processor: complete processing batch 87a88801-cb0f-4cd9-8137-b93300ae9e79 into model nwt
I0420 18:24:25.890759 14860 cuckoo_watch.h:44] 30ms in ProcessBatch(lect_batch\aaaabh.batch) [including 2ms in LoadMessage; 0ms in InitializeSparseNdw; 12ms in InferThetaAndUpdateNwtSparse; 9ms in CalculateScore(^^^ItemsProcessedScore^^^); ]
I0420 18:24:25.893761 18788 processor.cc:830] Processor: complete processing batch c37c2ed2-a8a9-47a3-8014-2fe358010d54 into model nwt
I0420 18:24:25.895262 18788 cuckoo_watch.h:44] 107ms in ProcessBatch(lect_batch\aaaabf.batch) [including 15ms in LoadMessage; 4ms in InitializeSparseNdw; 42ms in InferThetaAndUpdateNwtSparse; 39ms in CalculateScore(^^^ItemsProcessedScore^^^); ]
I0420 18:24:25.896263 14860 processor.cc:742] Processor: start processing batch 32275435-e67e-4e83-aa4e-944b12405678 into model nwt
I0420 18:24:25.905771 14860 processor.cc:830] Processor: complete processing batch 32275435-e67e-4e83-aa4e-944b12405678 into model nwt
I0420 18:24:25.906271 14860 cuckoo_watch.h:44] 15ms in ProcessBatch(lect_batch\aaaabi.batch) [including 1ms in LoadMessage; 0ms in InitializeSparseNdw; 4ms in InferThetaAndUpdateNwtSparse; 3ms in CalculateScore(^^^ItemsProcessedScore^^^); ]
I0420 18:24:25.917280 11932 processor.cc:830] Processor: complete processing batch 8384b06c-f2be-4e54-a5ce-a22324f28de9 into model nwt
I0420 18:24:25.919781 11932 cuckoo_watch.h:44] 183ms in ProcessBatch(lect_batch\aaaabd.batch) [including 11ms in LoadMessage; 13ms in InitializeSparseNdw; 76ms in InferThetaAndUpdateNwtSparse; 74ms in CalculateScore(^^^ItemsProcessedScore^^^); ]
I0420 18:24:25.938793 18788 processor.cc:659] No data in processing queue, waiting...
I0420 18:24:25.939296 14860 processor.cc:659] No data in processing queue, waiting...
I0420 18:24:25.946300 11932 processor.cc:659] No data in processing queue, waiting...
I0420 18:24:25.957307 19248 processor.cc:830] Processor: complete processing batch 4d9f02b5-ee08-4635-aae2-2b57f1e0a8f0 into model nwt
I0420 18:24:25.960813 19248 cuckoo_watch.h:44] 174ms in ProcessBatch(lect_batch\aaaabe.batch) [including 17ms in LoadMessage; 8ms in InitializeSparseNdw; 69ms in InferThetaAndUpdateNwtSparse; 71ms in CalculateScore(^^^ItemsProcessedScore^^^); ]
I0420 18:24:25.961310 13216 master_component.cc:1200] RegularizeModelArgs: rwt_target_name=rwt, pwt_source_name=pwt, nwt_source_name=nwt
I0420 18:24:25.961310 13216 master_component.cc:785] MasterComponent: start regularizing model pwt
I0420 18:24:25.990830 19248 processor.cc:659] No data in processing queue, waiting...
I0420 18:24:26.759369 13216 master_component.cc:808] MasterComponent: complete regularizing model pwt
I0420 18:24:26.759369 13216 master_component.cc:1211] NormalizeModelArgs: pwt_target_name=pwt, nwt_source_name=nwt, rwt_source_name=rwt
I0420 18:24:26.759369 13216 master_component.cc:812] MasterComponent: start normalizing model nwt
I0420 18:24:26.835428  2132 c_interface.cc:523] Pass GetScoreValueArgs, score_name=^^^ItemsProcessedScore^^^ to MasterComponent::Request
I0420 18:24:26.835428  2132 c_interface.cc:205] ArtmCopyRequestedMessage is copying 54 bytes...
I0420 18:24:27.142066 13216 master_component.cc:834] MasterComponent: complete normalizing model nwt
I0420 18:24:27.837510  2132 c_interface.cc:523] Pass GetScoreValueArgs, score_name=^^^ItemsProcessedScore^^^ to MasterComponent::Request
I0420 18:24:27.837510  2132 c_interface.cc:205] ArtmCopyRequestedMessage is copying 54 bytes...
I0420 18:24:28.318893 13216 master_component.cc:1235] DisposeModel rwt
I0420 18:24:28.360925 13216 master_component.cc:858] FitOffline: ItemsProcessed, num_items=1728, num_batches=35, token_weight=808522, token_weight_in_effect=808522
I0420 18:24:28.410645  2132 c_interface.cc:523] Pass GetScoreValueArgs, score_name=^^^ItemsProcessedScore^^^ to MasterComponent::Request
I0420 18:24:28.410645  2132 c_interface.cc:205] ArtmCopyRequestedMessage is copying 54 bytes...
I0420 18:24:28.412644 13216 c_interface.cc:359] Pass FitOfflineMasterModelArgs, batch_filename_size=35, batch_weight_size=35, num_collection_passes=1 to void (__cdecl artm::core::MasterComponent::*)(class artm::FitOfflineMasterModelArgs const & __ptr64) __ptr64
I0420 18:24:28.412644 13216 master_component.cc:1162] ProcessBatchesArgs: nwt_target_name=nwt, batch_filename_size=35, batch_size=0, batch_weight_size=35, pwt_source_name=pwt, num_document_passes=1, regularizer=(name:SparsePhi, tau:100000), class=(text:1), class=(author:1), reuse_theta=yes, opt_for_avx=yes, predict_class_id=
I0420 18:24:28.660342 18788 processor.cc:666] Processing queue has data, processing started
I0420 18:24:28.661345 14860 processor.cc:666] Processing queue has data, processing started
I0420 18:24:28.666347 18788 processor.cc:742] Processor: start processing batch 89eea304-d5ab-438b-9efa-cecb2608618e into model nwt
I0420 18:24:28.667348 11932 processor.cc:666] Processing queue has data, processing started
I0420 18:24:28.670352 19248 processor.cc:666] Processing queue has data, processing started
I0420 18:24:28.676354 14860 processor.cc:742] Processor: start processing batch 3a94bd7b-574b-4c4c-8b24-25b7e58bf8e0 into model nwt
I0420 18:24:28.682358 19248 processor.cc:742] Processor: start processing batch 6c923f16-c2bd-4b09-889c-e6661382781e into model nwt
I0420 18:24:28.685362 11932 processor.cc:742] Processor: start processing batch 94d56e49-c46d-47f3-ac85-fb497313e2ad into model nwt
I0420 18:24:28.698875 18788 processor.cc:830] Processor: complete processing batch 89eea304-d5ab-438b-9efa-cecb2608618e into model nwt
I0420 18:24:28.699376 18788 cuckoo_watch.h:44] 39ms in ProcessBatch(lect_batch\aaaaaa.batch) [including 2ms in LoadMessage; 0ms in InitializeSparseNdw; 23ms in InferThetaAndUpdateNwtSparse; 7ms in CalculateScore(^^^ItemsProcessedScore^^^); ]
I0420 18:24:28.707387 18788 processor.cc:742] Processor: start processing batch e8f98400-6be6-4dbe-b465-399aa5c94cc8 into model nwt
I0420 18:24:28.714393 14860 processor.cc:830] Processor: complete processing batch 3a94bd7b-574b-4c4c-8b24-25b7e58bf8e0 into model nwt
I0420 18:24:28.714393 14860 cuckoo_watch.h:44] 53ms in ProcessBatch(lect_batch\aaaaab.batch) [including 6ms in LoadMessage; 1ms in InitializeSparseNdw; 27ms in InferThetaAndUpdateNwtSparse; 8ms in CalculateScore(^^^ItemsProcessedScore^^^); ]
I0420 18:24:28.723399 14860 processor.cc:742] Processor: start processing batch a4b3f430-17fa-4972-9fe7-e36398e27f77 into model nwt
I0420 18:24:28.735407 11932 processor.cc:830] Processor: complete processing batch 94d56e49-c46d-47f3-ac85-fb497313e2ad into model nwt
I0420 18:24:28.737409 11932 cuckoo_watch.h:44] 69ms in ProcessBatch(lect_batch\aaaaac.batch) [including 9ms in LoadMessage; 1ms in InitializeSparseNdw; 28ms in InferThetaAndUpdateNwtSparse; 20ms in CalculateScore(^^^ItemsProcessedScore^^^); ]
I0420 18:24:28.746415 11932 processor.cc:742] Processor: start processing batch 434f7b0e-7cec-4f94-a420-dd1a2b522d43 into model nwt
I0420 18:24:28.753419 19248 processor.cc:830] Processor: complete processing batch 6c923f16-c2bd-4b09-889c-e6661382781e into model nwt
I0420 18:24:28.754421 19248 cuckoo_watch.h:44] 84ms in ProcessBatch(lect_batch\aaaaad.batch) [including 7ms in LoadMessage; 2ms in InitializeSparseNdw; 50ms in InferThetaAndUpdateNwtSparse; 18ms in CalculateScore(^^^ItemsProcessedScore^^^); ]
I0420 18:24:28.762426 19248 processor.cc:742] Processor: start processing batch 9d9610e8-b61d-4697-afd4-9fa40ebd8442 into model nwt
I0420 18:24:28.767431 14860 processor.cc:830] Processor: complete processing batch a4b3f430-17fa-4972-9fe7-e36398e27f77 into model nwt
I0420 18:24:28.769431 14860 cuckoo_watch.h:44] 54ms in ProcessBatch(lect_batch\aaaaaf.batch) [including 4ms in LoadMessage; 1ms in InitializeSparseNdw; 25ms in InferThetaAndUpdateNwtSparse; 17ms in CalculateScore(^^^ItemsProcessedScore^^^); ]
I0420 18:24:28.773434 18788 processor.cc:830] Processor: complete processing batch e8f98400-6be6-4dbe-b465-399aa5c94cc8 into model nwt
I0420 18:24:28.774435 18788 cuckoo_watch.h:44] 74ms in ProcessBatch(lect_batch\aaaaae.batch) [including 4ms in LoadMessage; 2ms in InitializeSparseNdw; 38ms in InferThetaAndUpdateNwtSparse; 24ms in CalculateScore(^^^ItemsProcessedScore^^^); ]
I0420 18:24:28.781440 14860 processor.cc:742] Processor: start processing batch 5f8589ed-f350-4c78-bc79-d320c047188a into model nwt
I0420 18:24:28.785444 18788 processor.cc:742] Processor: start processing batch 44addf73-91a5-4d85-bd13-27098a37e4d8 into model nwt
I0420 18:24:28.790951 11932 processor.cc:830] Processor: complete processing batch 434f7b0e-7cec-4f94-a420-dd1a2b522d43 into model nwt
I0420 18:24:28.791951 11932 cuckoo_watch.h:44] 54ms in ProcessBatch(lect_batch\aaaaag.batch) [including 5ms in LoadMessage; 2ms in InitializeSparseNdw; 24ms in InferThetaAndUpdateNwtSparse; 16ms in CalculateScore(^^^ItemsProcessedScore^^^); ]
I0420 18:24:28.799957 11932 processor.cc:742] Processor: start processing batch 306059a4-800c-455a-bcae-c707c939e80c into model nwt
I0420 18:24:28.810966 19248 processor.cc:830] Processor: complete processing batch 9d9610e8-b61d-4697-afd4-9fa40ebd8442 into model nwt
I0420 18:24:28.812469 19248 cuckoo_watch.h:44] 57ms in ProcessBatch(lect_batch\aaaaah.batch) [including 4ms in LoadMessage; 9ms in InitializeSparseNdw; 16ms in InferThetaAndUpdateNwtSparse; 21ms in CalculateScore(^^^ItemsProcessedScore^^^); ]
I0420 18:24:28.821974 14860 processor.cc:830] Processor: complete processing batch 5f8589ed-f350-4c78-bc79-d320c047188a into model nwt
I0420 18:24:28.823473 19248 processor.cc:742] Processor: start processing batch e832fa18-34c3-47ab-a4a2-c598342a4cc5 into model nwt
