I0420 18:25:18.518613 18788 cuckoo_watch.h:44] 95ms in ProcessBatch(lect_batch\aaaaar.batch) [including 5ms in LoadMessage; 1ms in InitializeSparseNdw; 18ms in InferThetaAndUpdateNwtSparse; 38ms in CalculateScore(^^^ItemsProcessedScore^^^); ]
I0420 18:25:18.525117 19248 processor.cc:830] Processor: complete processing batch 1cc1ce47-daf0-42f0-b58a-6ee7796456ce into model nwt
I0420 18:25:18.526619 19248 cuckoo_watch.h:44] 97ms in ProcessBatch(lect_batch\aaaaas.batch) [including 5ms in LoadMessage; 2ms in InitializeSparseNdw; 42ms in InferThetaAndUpdateNwtSparse; 41ms in CalculateScore(^^^ItemsProcessedScore^^^); ]
I0420 18:25:18.534124 18788 processor.cc:742] Processor: start processing batch 242701f2-b343-4b71-8b56-53eeb3cc61fa into model nwt
I0420 18:25:18.542630 19248 processor.cc:742] Processor: start processing batch 23d6cf7c-958e-4135-a9ed-a548321129f2 into model nwt
I0420 18:25:18.651708 11932 processor.cc:830] Processor: complete processing batch d4854b82-2c49-4f4f-b4fa-c1f37d6f044c into model nwt
I0420 18:25:18.653709 11932 cuckoo_watch.h:44] 210ms in ProcessBatch(lect_batch\aaaaat.batch) [including 11ms in LoadMessage; 31ms in InitializeSparseNdw; 78ms in InferThetaAndUpdateNwtSparse; 82ms in CalculateScore(^^^ItemsProcessedScore^^^); ]
I0420 18:25:18.670220 11932 processor.cc:742] Processor: start processing batch 69c23a94-e5e1-4f80-8676-7a5cff167645 into model nwt
I0420 18:25:18.697741 14860 processor.cc:830] Processor: complete processing batch df5cfc40-f3eb-4708-82d3-58c84efbe69b into model nwt
I0420 18:25:18.700242 14860 cuckoo_watch.h:44] 235ms in ProcessBatch(lect_batch\aaaaau.batch) [including 13ms in LoadMessage; 10ms in InitializeSparseNdw; 122ms in InferThetaAndUpdateNwtSparse; 81ms in CalculateScore(^^^ItemsProcessedScore^^^); ]
I0420 18:25:18.715754 14860 processor.cc:742] Processor: start processing batch 8510b034-6c47-4422-89c3-095354b2f706 into model nwt
I0420 18:25:18.716754 18788 processor.cc:830] Processor: complete processing batch 242701f2-b343-4b71-8b56-53eeb3cc61fa into model nwt
I0420 18:25:18.719256 18788 cuckoo_watch.h:44] 200ms in ProcessBatch(lect_batch\aaaaav.batch) [including 11ms in LoadMessage; 11ms in InitializeSparseNdw; 100ms in InferThetaAndUpdateNwtSparse; 69ms in CalculateScore(^^^ItemsProcessedScore^^^); ]
I0420 18:25:18.727762 19248 processor.cc:830] Processor: complete processing batch 23d6cf7c-958e-4135-a9ed-a548321129f2 into model nwt
I0420 18:25:18.730764 19248 cuckoo_watch.h:44] 203ms in ProcessBatch(lect_batch\aaaaaw.batch) [including 11ms in LoadMessage; 21ms in InitializeSparseNdw; 86ms in InferThetaAndUpdateNwtSparse; 77ms in CalculateScore(^^^ItemsProcessedScore^^^); ]
I0420 18:25:18.746480 18788 processor.cc:742] Processor: start processing batch e68e1696-9770-4e23-89ed-28c5beeaf64b into model nwt
I0420 18:25:18.756487 19248 processor.cc:742] Processor: start processing batch 97f7f6cc-a95a-4510-a7c5-57e8ebbd8cf8 into model nwt
I0420 18:25:18.866065  2132 c_interface.cc:523] Pass GetScoreValueArgs, score_name=^^^ItemsProcessedScore^^^ to MasterComponent::Request
I0420 18:25:18.866065  2132 c_interface.cc:205] ArtmCopyRequestedMessage is copying 54 bytes...
I0420 18:25:18.905092 11932 processor.cc:830] Processor: complete processing batch 69c23a94-e5e1-4f80-8676-7a5cff167645 into model nwt
I0420 18:25:18.907595 11932 cuckoo_watch.h:44] 253ms in ProcessBatch(lect_batch\aaaaax.batch) [including 12ms in LoadMessage; 16ms in InitializeSparseNdw; 129ms in InferThetaAndUpdateNwtSparse; 88ms in CalculateScore(^^^ItemsProcessedScore^^^); ]
I0420 18:25:18.911597 14860 processor.cc:830] Processor: complete processing batch 8510b034-6c47-4422-89c3-095354b2f706 into model nwt
I0420 18:25:18.914100 14860 cuckoo_watch.h:44] 213ms in ProcessBatch(lect_batch\aaaaay.batch) [including 11ms in LoadMessage; 15ms in InitializeSparseNdw; 100ms in InferThetaAndUpdateNwtSparse; 79ms in CalculateScore(^^^ItemsProcessedScore^^^); ]
I0420 18:25:18.921604 11932 processor.cc:742] Processor: start processing batch 731b4771-b9ba-472c-9613-a3ef1ed6a4c3 into model nwt
I0420 18:25:18.924106 14860 processor.cc:742] Processor: start processing batch 8ecb0f11-dfe7-47fd-b195-6ef52282e1ec into model nwt
I0420 18:25:18.932612 18788 processor.cc:830] Processor: complete processing batch e68e1696-9770-4e23-89ed-28c5beeaf64b into model nwt
I0420 18:25:18.934614 18788 cuckoo_watch.h:44] 215ms in ProcessBatch(lect_batch\aaaaaz.batch) [including 22ms in LoadMessage; 10ms in InitializeSparseNdw; 95ms in InferThetaAndUpdateNwtSparse; 79ms in CalculateScore(^^^ItemsProcessedScore^^^); ]
I0420 18:25:18.961633 18788 processor.cc:742] Processor: start processing batch 8384b06c-f2be-4e54-a5ce-a22324f28de9 into model nwt
I0420 18:25:18.972141 19248 processor.cc:830] Processor: complete processing batch 97f7f6cc-a95a-4510-a7c5-57e8ebbd8cf8 into model nwt
I0420 18:25:18.974642 19248 cuckoo_watch.h:44] 243ms in ProcessBatch(lect_batch\aaaaba.batch) [including 22ms in LoadMessage; 8ms in InitializeSparseNdw; 119ms in InferThetaAndUpdateNwtSparse; 87ms in CalculateScore(^^^ItemsProcessedScore^^^); ]
I0420 18:25:18.994156 19248 processor.cc:742] Processor: start processing batch 4d9f02b5-ee08-4635-aae2-2b57f1e0a8f0 into model nwt
I0420 18:25:19.005170 14860 processor.cc:830] Processor: complete processing batch 8ecb0f11-dfe7-47fd-b195-6ef52282e1ec into model nwt
I0420 18:25:19.008669 14860 cuckoo_watch.h:44] 94ms in ProcessBatch(lect_batch\aaaabc.batch) [including 6ms in LoadMessage; 3ms in InitializeSparseNdw; 41ms in InferThetaAndUpdateNwtSparse; 35ms in CalculateScore(^^^ItemsProcessedScore^^^); ]
I0420 18:25:19.026680 14860 processor.cc:742] Processor: start processing batch c37c2ed2-a8a9-47a3-8014-2fe358010d54 into model nwt
I0420 18:25:19.043691 11932 processor.cc:830] Processor: complete processing batch 731b4771-b9ba-472c-9613-a3ef1ed6a4c3 into model nwt
I0420 18:25:19.045692 11932 cuckoo_watch.h:44] 138ms in ProcessBatch(lect_batch\aaaabb.batch) [including 10ms in LoadMessage; 5ms in InitializeSparseNdw; 58ms in InferThetaAndUpdateNwtSparse; 58ms in CalculateScore(^^^ItemsProcessedScore^^^); ]
I0420 18:25:19.054699 11932 processor.cc:742] Processor: start processing batch 57a3605c-f749-4c76-ae3c-eed8ccccdecb into model nwt
I0420 18:25:19.097729 11932 processor.cc:830] Processor: complete processing batch 57a3605c-f749-4c76-ae3c-eed8ccccdecb into model nwt
I0420 18:25:19.098731 11932 cuckoo_watch.h:44] 52ms in ProcessBatch(lect_batch\aaaabg.batch) [including 4ms in LoadMessage; 1ms in InitializeSparseNdw; 28ms in InferThetaAndUpdateNwtSparse; 12ms in CalculateScore(^^^ItemsProcessedScore^^^); ]
I0420 18:25:19.139760 14860 processor.cc:830] Processor: complete processing batch c37c2ed2-a8a9-47a3-8014-2fe358010d54 into model nwt
I0420 18:25:19.141260 11932 processor.cc:742] Processor: start processing batch 87a88801-cb0f-4cd9-8137-b93300ae9e79 into model nwt
I0420 18:25:19.141762 14860 cuckoo_watch.h:44] 132ms in ProcessBatch(lect_batch\aaaabf.batch) [including 13ms in LoadMessage; 4ms in InitializeSparseNdw; 47ms in InferThetaAndUpdateNwtSparse; 60ms in CalculateScore(^^^ItemsProcessedScore^^^); ]
I0420 18:25:19.147766 14860 processor.cc:742] Processor: start processing batch 32275435-e67e-4e83-aa4e-944b12405678 into model nwt
I0420 18:25:19.164278 11932 processor.cc:830] Processor: complete processing batch 87a88801-cb0f-4cd9-8137-b93300ae9e79 into model nwt
I0420 18:25:19.165277 11932 cuckoo_watch.h:44] 66ms in ProcessBatch(lect_batch\aaaabh.batch) [including 3ms in LoadMessage; 0ms in InitializeSparseNdw; 11ms in InferThetaAndUpdateNwtSparse; 10ms in CalculateScore(^^^ItemsProcessedScore^^^); ]
I0420 18:25:19.180289 14860 processor.cc:830] Processor: complete processing batch 32275435-e67e-4e83-aa4e-944b12405678 into model nwt
I0420 18:25:19.180788 14860 cuckoo_watch.h:44] 38ms in ProcessBatch(lect_batch\aaaabi.batch) [including 1ms in LoadMessage; 0ms in InitializeSparseNdw; 4ms in InferThetaAndUpdateNwtSparse; 27ms in CalculateScore(^^^ItemsProcessedScore^^^); ]
I0420 18:25:19.184792 18788 processor.cc:830] Processor: complete processing batch 8384b06c-f2be-4e54-a5ce-a22324f28de9 into model nwt
I0420 18:25:19.187294 18788 cuckoo_watch.h:44] 252ms in ProcessBatch(lect_batch\aaaabd.batch) [including 23ms in LoadMessage; 7ms in InitializeSparseNdw; 101ms in InferThetaAndUpdateNwtSparse; 114ms in CalculateScore(^^^ItemsProcessedScore^^^); ]
I0420 18:25:19.208808 19248 processor.cc:830] Processor: complete processing batch 4d9f02b5-ee08-4635-aae2-2b57f1e0a8f0 into model nwt
I0420 18:25:19.211810 19248 cuckoo_watch.h:44] 237ms in ProcessBatch(lect_batch\aaaabe.batch) [including 15ms in LoadMessage; 7ms in InitializeSparseNdw; 102ms in InferThetaAndUpdateNwtSparse; 104ms in CalculateScore(^^^ItemsProcessedScore^^^); ]
I0420 18:25:19.219816 13216 master_component.cc:1200] RegularizeModelArgs: rwt_target_name=rwt, pwt_source_name=pwt, nwt_source_name=nwt
I0420 18:25:19.219816 13216 master_component.cc:785] MasterComponent: start regularizing model pwt
I0420 18:25:19.265918 14860 processor.cc:659] No data in processing queue, waiting...
I0420 18:25:19.265918 11932 processor.cc:659] No data in processing queue, waiting...
I0420 18:25:19.272423 18788 processor.cc:659] No data in processing queue, waiting...
I0420 18:25:19.282430 19248 processor.cc:659] No data in processing queue, waiting...
I0420 18:25:19.870860  2132 c_interface.cc:523] Pass GetScoreValueArgs, score_name=^^^ItemsProcessedScore^^^ to MasterComponent::Request
I0420 18:25:19.870860  2132 c_interface.cc:205] ArtmCopyRequestedMessage is copying 54 bytes...
I0420 18:25:20.036478 13216 master_component.cc:808] MasterComponent: complete regularizing model pwt
I0420 18:25:20.036478 13216 master_component.cc:1211] NormalizeModelArgs: pwt_target_name=pwt, nwt_source_name=nwt, rwt_source_name=rwt
I0420 18:25:20.036478 13216 master_component.cc:812] MasterComponent: start normalizing model nwt
I0420 18:25:20.632400 13216 master_component.cc:834] MasterComponent: complete normalizing model nwt
I0420 18:25:20.872570  2132 c_interface.cc:523] Pass GetScoreValueArgs, score_name=^^^ItemsProcessedScore^^^ to MasterComponent::Request
I0420 18:25:20.872570  2132 c_interface.cc:205] ArtmCopyRequestedMessage is copying 54 bytes...
I0420 18:25:21.873781  2132 c_interface.cc:523] Pass GetScoreValueArgs, score_name=^^^ItemsProcessedScore^^^ to MasterComponent::Request
I0420 18:25:21.873781  2132 c_interface.cc:205] ArtmCopyRequestedMessage is copying 54 bytes...
I0420 18:25:22.036397 13216 master_component.cc:1235] DisposeModel rwt
I0420 18:25:22.067418 13216 master_component.cc:858] FitOffline: ItemsProcessed, num_items=1728, num_batches=35, token_weight=808522, token_weight_in_effect=808522
I0420 18:25:22.098016  2132 c_interface.cc:523] Pass GetScoreValueArgs, score_name=^^^ItemsProcessedScore^^^ to MasterComponent::Request
I0420 18:25:22.098016  2132 c_interface.cc:205] ArtmCopyRequestedMessage is copying 54 bytes...
I0420 18:25:22.101517 13216 c_interface.cc:359] Pass FitOfflineMasterModelArgs, batch_filename_size=35, batch_weight_size=35, num_collection_passes=1 to void (__cdecl artm::core::MasterComponent::*)(class artm::FitOfflineMasterModelArgs const & __ptr64) __ptr64
I0420 18:25:22.101517 13216 master_component.cc:1162] ProcessBatchesArgs: nwt_target_name=nwt, batch_filename_size=35, batch_size=0, batch_weight_size=35, pwt_source_name=pwt, num_document_passes=1, regularizer=(name:SparsePhi, tau:100000), class=(text:1), class=(author:1), reuse_theta=yes, opt_for_avx=yes, predict_class_id=
I0420 18:25:22.398505 14860 processor.cc:666] Processing queue has data, processing started
I0420 18:25:22.403507 18788 processor.cc:666] Processing queue has data, processing started
I0420 18:25:22.405009 19248 processor.cc:666] Processing queue has data, processing started
I0420 18:25:22.408511 14860 processor.cc:742] Processor: start processing batch 89eea304-d5ab-438b-9efa-cecb2608618e into model nwt
I0420 18:25:22.411514 18788 processor.cc:742] Processor: start processing batch 3a94bd7b-574b-4c4c-8b24-25b7e58bf8e0 into model nwt
I0420 18:25:22.412513 19248 processor.cc:742] Processor: start processing batch 94d56e49-c46d-47f3-ac85-fb497313e2ad into model nwt
I0420 18:25:22.419018 11932 processor.cc:666] Processing queue has data, processing started
I0420 18:25:22.427024 11932 processor.cc:742] Processor: start processing batch 6c923f16-c2bd-4b09-889c-e6661382781e into model nwt
I0420 18:25:22.449539 14860 processor.cc:830] Processor: complete processing batch 89eea304-d5ab-438b-9efa-cecb2608618e into model nwt
I0420 18:25:22.450541 14860 cuckoo_watch.h:44] 51ms in ProcessBatch(lect_batch\aaaaaa.batch) [including 3ms in LoadMessage; 0ms in InitializeSparseNdw; 32ms in InferThetaAndUpdateNwtSparse; 6ms in CalculateScore(^^^ItemsProcessedScore^^^); ]
I0420 18:25:22.454545 18788 processor.cc:830] Processor: complete processing batch 3a94bd7b-574b-4c4c-8b24-25b7e58bf8e0 into model nwt
I0420 18:25:22.455044 18788 cuckoo_watch.h:44] 51ms in ProcessBatch(lect_batch\aaaaab.batch) [including 4ms in LoadMessage; 0ms in InitializeSparseNdw; 10ms in InferThetaAndUpdateNwtSparse; 31ms in CalculateScore(^^^ItemsProcessedScore^^^); ]
I0420 18:25:22.458546 14860 processor.cc:742] Processor: start processing batch e8f98400-6be6-4dbe-b465-399aa5c94cc8 into model nwt
I0420 18:25:22.463049 18788 processor.cc:742] Processor: start processing batch a4b3f430-17fa-4972-9fe7-e36398e27f77 into model nwt
I0420 18:25:22.479562 19248 processor.cc:830] Processor: complete processing batch 94d56e49-c46d-47f3-ac85-fb497313e2ad into model nwt
I0420 18:25:22.481063 19248 cuckoo_watch.h:44] 75ms in ProcessBatch(lect_batch\aaaaac.batch) [including 4ms in LoadMessage; 1ms in InitializeSparseNdw; 48ms in InferThetaAndUpdateNwtSparse; 15ms in CalculateScore(^^^ItemsProcessedScore^^^); ]
I0420 18:25:22.504580 11932 processor.cc:830] Processor: complete processing batch 6c923f16-c2bd-4b09-889c-e6661382781e into model nwt
I0420 18:25:22.506080 11932 cuckoo_watch.h:44] 87ms in ProcessBatch(lect_batch\aaaaad.batch) [including 4ms in LoadMessage; 1ms in InitializeSparseNdw; 19ms in InferThetaAndUpdateNwtSparse; 55ms in CalculateScore(^^^ItemsProcessedScore^^^); ]
I0420 18:25:22.509083 19248 processor.cc:742] Processor: start processing batch 434f7b0e-7cec-4f94-a420-dd1a2b522d43 into model nwt
I0420 18:25:22.513586 11932 processor.cc:742] Processor: start processing batch 9d9610e8-b61d-4697-afd4-9fa40ebd8442 into model nwt
I0420 18:25:22.522091 14860 processor.cc:830] Processor: complete processing batch e8f98400-6be6-4dbe-b465-399aa5c94cc8 into model nwt
I0420 18:25:22.523092 14860 cuckoo_watch.h:44] 72ms in ProcessBatch(lect_batch\aaaaae.batch) [including 4ms in LoadMessage; 1ms in InitializeSparseNdw; 44ms in InferThetaAndUpdateNwtSparse; 17ms in CalculateScore(^^^ItemsProcessedScore^^^); ]
I0420 18:25:22.531599 14860 processor.cc:742] Processor: start processing batch 5f8589ed-f350-4c78-bc79-d320c047188a into model nwt
I0420 18:25:22.536103 18788 processor.cc:830] Processor: complete processing batch a4b3f430-17fa-4972-9fe7-e36398e27f77 into model nwt
I0420 18:25:22.537102 18788 cuckoo_watch.h:44] 81ms in ProcessBatch(lect_batch\aaaaaf.batch) [including 4ms in LoadMessage; 1ms in InitializeSparseNdw; 17ms in InferThetaAndUpdateNwtSparse; 53ms in CalculateScore(^^^ItemsProcessedScore^^^); ]
I0420 18:25:22.547610 18788 processor.cc:742] Processor: start processing batch 44addf73-91a5-4d85-bd13-27098a37e4d8 into model nwt
I0420 18:25:22.581634 11932 processor.cc:830] Processor: complete processing batch 9d9610e8-b61d-4697-afd4-9fa40ebd8442 into model nwt
I0420 18:25:22.582635 11932 cuckoo_watch.h:44] 76ms in ProcessBatch(lect_batch\aaaaah.batch) [including 4ms in LoadMessage; 1ms in InitializeSparseNdw; 48ms in InferThetaAndUpdateNwtSparse; 17ms in CalculateScore(^^^ItemsProcessedScore^^^); ]
I0420 18:25:22.583636 19248 processor.cc:830] Processor: complete processing batch 434f7b0e-7cec-4f94-a420-dd1a2b522d43 into model nwt
I0420 18:25:22.584635 19248 cuckoo_watch.h:44] 103ms in ProcessBatch(lect_batch\aaaaag.batch) [including 24ms in LoadMessage; 1ms in InitializeSparseNdw; 56ms in InferThetaAndUpdateNwtSparse; 15ms in CalculateScore(^^^ItemsProcessedScore^^^); ]
I0420 18:25:22.598145 14860 processor.cc:830] Processor: complete processing batch 5f8589ed-f350-4c78-bc79-d320c047188a into model nwt
I0420 18:25:22.599145 14860 cuckoo_watch.h:44] 75ms in ProcessBatch(lect_batch\aaaaai.batch) [including 4ms in LoadMessage; 2ms in InitializeSparseNdw; 48ms in InferThetaAndUpdateNwtSparse; 15ms in CalculateScore(^^^ItemsProcessedScore^^^); ]
I0420 18:25:22.599647 18788 processor.cc:830] Processor: complete processing batch 44addf73-91a5-4d85-bd13-27098a37e4d8 into model nwt
I0420 18:25:22.600647 18788 cuckoo_watch.h:44] 63ms in ProcessBatch(lect_batch\aaaaaj.batch) [including 4ms in LoadMessage; 2ms in InitializeSparseNdw; 34ms in InferThetaAndUpdateNwtSparse; 14ms in CalculateScore(^^^ItemsProcessedScore^^^); ]
I0420 18:25:22.628667 11932 processor.cc:742] Processor: start processing batch 306059a4-800c-455a-bcae-c707c939e80c into model nwt
I0420 18:25:22.636673 19248 processor.cc:742] Processor: start processing batch e832fa18-34c3-47ab-a4a2-c598342a4cc5 into model nwt
I0420 18:25:22.655686 14860 processor.cc:742] Processor: start processing batch 83756c37-96eb-4334-af0e-e28b6c2001bb into model nwt
I0420 18:25:22.661690 18788 processor.cc:742] Processor: start processing batch 4d52cea1-bcd4-4e3e-9acb-13507bc04c2c into model nwt
I0420 18:25:22.726737 19248 processor.cc:830] Processor: complete processing batch e832fa18-34c3-47ab-a4a2-c598342a4cc5 into model nwt
I0420 18:25:22.728237 11932 processor.cc:830] Processor: complete processing batch 306059a4-800c-455a-bcae-c707c939e80c into model nwt
I0420 18:25:22.728237 19248 cuckoo_watch.h:44] 143ms in ProcessBatch(lect_batch\aaaaal.batch) [including 47ms in LoadMessage; 2ms in InitializeSparseNdw; 23ms in InferThetaAndUpdateNwtSparse; 64ms in CalculateScore(^^^ItemsProcessedScore^^^); ]
I0420 18:25:22.729238 11932 cuckoo_watch.h:44] 146ms in ProcessBatch(lect_batch\aaaaak.batch) [including 5ms in LoadMessage; 6ms in InitializeSparseNdw; 20ms in InferThetaAndUpdateNwtSparse; 72ms in CalculateScore(^^^ItemsProcessedScore^^^); ]
I0420 18:25:22.738245 11932 processor.cc:742] Processor: start processing batch f19fae93-f841-459d-bf3e-7889d79e0ab2 into model nwt
I0420 18:25:22.742748 19248 processor.cc:742] Processor: start processing batch c26ed093-a126-453f-9ba4-b4a8a1b2d080 into model nwt
I0420 18:25:22.769266 14860 processor.cc:830] Processor: complete processing batch 83756c37-96eb-4334-af0e-e28b6c2001bb into model nwt
I0420 18:25:22.770768 14860 cuckoo_watch.h:44] 171ms in ProcessBatch(lect_batch\aaaaam.batch) [including 53ms in LoadMessage; 2ms in InitializeSparseNdw; 87ms in InferThetaAndUpdateNwtSparse; 21ms in CalculateScore(^^^ItemsProcessedScore^^^); ]
I0420 18:25:22.803292 11932 processor.cc:830] Processor: complete processing batch f19fae93-f841-459d-bf3e-7889d79e0ab2 into model nwt
I0420 18:25:22.804292 11932 cuckoo_watch.h:44] 74ms in ProcessBatch(lect_batch\aaaaap.batch) [including 5ms in LoadMessage; 2ms in InitializeSparseNdw; 45ms in InferThetaAndUpdateNwtSparse; 16ms in CalculateScore(^^^ItemsProcessedScore^^^); ]
I0420 18:25:22.809797 14860 processor.cc:742] Processor: start processing batch 43e5f07c-b707-449e-b6af-3f1a3abc4d95 into model nwt
I0420 18:25:22.811797 11932 processor.cc:742] Processor: start processing batch 288a7c66-4706-409c-ab6a-44da1abfcd4e into model nwt
I0420 18:25:22.814298 18788 processor.cc:830] Processor: complete processing batch 4d52cea1-bcd4-4e3e-9acb-13507bc04c2c into model nwt
I0420 18:25:22.815800 18788 cuckoo_watch.h:44] 214ms in ProcessBatch(lect_batch\aaaaan.batch) [including 56ms in LoadMessage; 5ms in InitializeSparseNdw; 90ms in InferThetaAndUpdateNwtSparse; 56ms in CalculateScore(^^^ItemsProcessedScore^^^); ]
I0420 18:25:22.828809 18788 processor.cc:742] Processor: start processing batch 1cc1ce47-daf0-42f0-b58a-6ee7796456ce into model nwt
I0420 18:25:22.848323 19248 processor.cc:830] Processor: complete processing batch c26ed093-a126-453f-9ba4-b4a8a1b2d080 into model nwt
I0420 18:25:22.849824 19248 cuckoo_watch.h:44] 121ms in ProcessBatch(lect_batch\aaaaao.batch) [including 10ms in LoadMessage; 24ms in InitializeSparseNdw; 28ms in InferThetaAndUpdateNwtSparse; 51ms in CalculateScore(^^^ItemsProcessedScore^^^); ]
I0420 18:25:22.863834 14860 processor.cc:830] Processor: complete processing batch 43e5f07c-b707-449e-b6af-3f1a3abc4d95 into model nwt
I0420 18:25:22.865335 14860 cuckoo_watch.h:44] 94ms in ProcessBatch(lect_batch\aaaaaq.batch) [including 35ms in LoadMessage; 2ms in InitializeSparseNdw; 23ms in InferThetaAndUpdateNwtSparse; 28ms in CalculateScore(^^^ItemsProcessedScore^^^); ]
I0420 18:25:22.894356 19248 processor.cc:742] Processor: start processing batch d4854b82-2c49-4f4f-b4fa-c1f37d6f044c into model nwt
I0420 18:25:22.894856 14860 processor.cc:742] Processor: start processing batch df5cfc40-f3eb-4708-82d3-58c84efbe69b into model nwt
I0420 18:25:22.895357 11932 processor.cc:830] Processor: complete processing batch 288a7c66-4706-409c-ab6a-44da1abfcd4e into model nwt
I0420 18:25:22.896358 11932 cuckoo_watch.h:44] 92ms in ProcessBatch(lect_batch\aaaaar.batch) [including 4ms in LoadMessage; 1ms in InitializeSparseNdw; 49ms in InferThetaAndUpdateNwtSparse; 32ms in CalculateScore(^^^ItemsProcessedScore^^^); ]
I0420 18:25:22.911867 11932 processor.cc:742] Processor: start processing batch 242701f2-b343-4b71-8b56-53eeb3cc61fa into model nwt
I0420 18:25:22.933883 18788 processor.cc:830] Processor: complete processing batch 1cc1ce47-daf0-42f0-b58a-6ee7796456ce into model nwt
I0420 18:25:22.934883 18788 cuckoo_watch.h:44] 119ms in ProcessBatch(lect_batch\aaaaas.batch) [including 8ms in LoadMessage; 2ms in InitializeSparseNdw; 40ms in InferThetaAndUpdateNwtSparse; 60ms in CalculateScore(^^^ItemsProcessedScore^^^); ]
I0420 18:25:22.950896 18788 processor.cc:742] Processor: start processing batch 23d6cf7c-958e-4135-a9ed-a548321129f2 into model nwt
I0420 18:25:23.061975 19248 processor.cc:830] Processor: complete processing batch d4854b82-2c49-4f4f-b4fa-c1f37d6f044c into model nwt
I0420 18:25:23.066977 19248 cuckoo_watch.h:44] 216ms in ProcessBatch(lect_batch\aaaaat.batch) [including 41ms in LoadMessage; 5ms in InitializeSparseNdw; 86ms in InferThetaAndUpdateNwtSparse; 74ms in CalculateScore(^^^ItemsProcessedScore^^^); ]
I0420 18:25:23.107007 19248 processor.cc:742] Processor: start processing batch 69c23a94-e5e1-4f80-8676-7a5cff167645 into model nwt
I0420 18:25:23.117514  2132 c_interface.cc:523] Pass GetScoreValueArgs, score_name=^^^ItemsProcessedScore^^^ to MasterComponent::Request
I0420 18:25:23.117514  2132 c_interface.cc:205] ArtmCopyRequestedMessage is copying 54 bytes...
I0420 18:25:23.148036 14860 processor.cc:830] Processor: complete processing batch df5cfc40-f3eb-4708-82d3-58c84efbe69b into model nwt
I0420 18:25:23.150038 11932 processor.cc:830] Processor: complete processing batch 242701f2-b343-4b71-8b56-53eeb3cc61fa into model nwt
I0420 18:25:23.150537 14860 cuckoo_watch.h:44] 285ms in ProcessBatch(lect_batch\aaaaau.batch) [including 11ms in LoadMessage; 10ms in InitializeSparseNdw; 119ms in InferThetaAndUpdateNwtSparse; 123ms in CalculateScore(^^^ItemsProcessedScore^^^); ]
I0420 18:25:23.152539 11932 cuckoo_watch.h:44] 256ms in ProcessBatch(lect_batch\aaaaav.batch) [including 11ms in LoadMessage; 8ms in InitializeSparseNdw; 105ms in InferThetaAndUpdateNwtSparse; 123ms in CalculateScore(^^^ItemsProcessedScore^^^); ]
I0420 18:25:23.169550 11932 processor.cc:742] Processor: start processing batch e68e1696-9770-4e23-89ed-28c5beeaf64b into model nwt
I0420 18:25:23.188063 18788 processor.cc:830] Processor: complete processing batch 23d6cf7c-958e-4135-a9ed-a548321129f2 into model nwt
I0420 18:25:23.191066 18788 cuckoo_watch.h:44] 255ms in ProcessBatch(lect_batch\aaaaaw.batch) [including 12ms in LoadMessage; 16ms in InitializeSparseNdw; 111ms in InferThetaAndUpdateNwtSparse; 108ms in CalculateScore(^^^ItemsProcessedScore^^^); ]
I0420 18:25:23.191566 14860 processor.cc:742] Processor: start processing batch 8510b034-6c47-4422-89c3-095354b2f706 into model nwt
I0420 18:25:23.207077 18788 processor.cc:742] Processor: start processing batch 97f7f6cc-a95a-4510-a7c5-57e8ebbd8cf8 into model nwt
I0420 18:25:23.348177 19248 processor.cc:830] Processor: complete processing batch 69c23a94-e5e1-4f80-8676-7a5cff167645 into model nwt
I0420 18:25:23.350679 19248 cuckoo_watch.h:44] 283ms in ProcessBatch(lect_batch\aaaaax.batch) [including 12ms in LoadMessage; 9ms in InitializeSparseNdw; 143ms in InferThetaAndUpdateNwtSparse; 87ms in CalculateScore(^^^ItemsProcessedScore^^^); ]
I0420 18:25:23.363188 19248 processor.cc:742] Processor: start processing batch 731b4771-b9ba-472c-9613-a3ef1ed6a4c3 into model nwt
I0420 18:25:23.416226 11932 processor.cc:830] Processor: complete processing batch e68e1696-9770-4e23-89ed-28c5beeaf64b into model nwt
I0420 18:25:23.418727 11932 cuckoo_watch.h:44] 265ms in ProcessBatch(lect_batch\aaaaaz.batch) [including 12ms in LoadMessage; 11ms in InitializeSparseNdw; 150ms in InferThetaAndUpdateNwtSparse; 83ms in CalculateScore(^^^ItemsProcessedScore^^^); ]
I0420 18:25:23.436740 11932 processor.cc:742] Processor: start processing batch 8ecb0f11-dfe7-47fd-b195-6ef52282e1ec into model nwt
I0420 18:25:23.439743 14860 processor.cc:830] Processor: complete processing batch 8510b034-6c47-4422-89c3-095354b2f706 into model nwt
I0420 18:25:23.442744 14860 cuckoo_watch.h:44] 291ms in ProcessBatch(lect_batch\aaaaay.batch) [including 37ms in LoadMessage; 12ms in InitializeSparseNdw; 141ms in InferThetaAndUpdateNwtSparse; 93ms in CalculateScore(^^^ItemsProcessedScore^^^); ]
I0420 18:25:23.464260 18788 processor.cc:830] Processor: complete processing batch 97f7f6cc-a95a-4510-a7c5-57e8ebbd8cf8 into model nwt
I0420 18:25:23.466761 18788 cuckoo_watch.h:44] 275ms in ProcessBatch(lect_batch\aaaaba.batch) [including 12ms in LoadMessage; 13ms in InitializeSparseNdw; 128ms in InferThetaAndUpdateNwtSparse; 113ms in CalculateScore(^^^ItemsProcessedScore^^^); ]
I0420 18:25:23.471266 14860 processor.cc:742] Processor: start processing batch 8384b06c-f2be-4e54-a5ce-a22324f28de9 into model nwt
I0420 18:25:23.480772 18788 processor.cc:742] Processor: start processing batch 4d9f02b5-ee08-4635-aae2-2b57f1e0a8f0 into model nwt
I0420 18:25:23.548820 19248 processor.cc:830] Processor: complete processing batch 731b4771-b9ba-472c-9613-a3ef1ed6a4c3 into model nwt
I0420 18:25:23.551322 19248 cuckoo_watch.h:44] 200ms in ProcessBatch(lect_batch\aaaabb.batch) [including 9ms in LoadMessage; 12ms in InitializeSparseNdw; 88ms in InferThetaAndUpdateNwtSparse; 84ms in CalculateScore(^^^ItemsProcessedScore^^^); ]
I0420 18:25:23.562328 11932 processor.cc:830] Processor: complete processing batch 8ecb0f11-dfe7-47fd-b195-6ef52282e1ec into model nwt
I0420 18:25:23.562328 19248 processor.cc:742] Processor: start processing batch c37c2ed2-a8a9-47a3-8014-2fe358010d54 into model nwt
I0420 18:25:23.563832 11932 cuckoo_watch.h:44] 145ms in ProcessBatch(lect_batch\aaaabc.batch) [including 14ms in LoadMessage; 8ms in InitializeSparseNdw; 58ms in InferThetaAndUpdateNwtSparse; 58ms in CalculateScore(^^^ItemsProcessedScore^^^); ]
I0420 18:25:23.583845 11932 processor.cc:742] Processor: start processing batch 57a3605c-f749-4c76-ae3c-eed8ccccdecb into model nwt
I0420 18:25:23.621371 11932 processor.cc:830] Processor: complete processing batch 57a3605c-f749-4c76-ae3c-eed8ccccdecb into model nwt
I0420 18:25:23.622872 11932 cuckoo_watch.h:44] 58ms in ProcessBatch(lect_batch\aaaabg.batch) [including 16ms in LoadMessage; 1ms in InitializeSparseNdw; 15ms in InferThetaAndUpdateNwtSparse; 20ms in CalculateScore(^^^ItemsProcessedScore^^^); ]
I0420 18:25:23.631377 11932 processor.cc:742] Processor: start processing batch 87a88801-cb0f-4cd9-8137-b93300ae9e79 into model nwt
I0420 18:25:23.642386 18788 processor.cc:830] Processor: complete processing batch 4d9f02b5-ee08-4635-aae2-2b57f1e0a8f0 into model nwt
I0420 18:25:23.644887 18788 cuckoo_watch.h:44] 177ms in ProcessBatch(lect_batch\aaaabe.batch) [including 10ms in LoadMessage; 19ms in InitializeSparseNdw; 71ms in InferThetaAndUpdateNwtSparse; 70ms in CalculateScore(^^^ItemsProcessedScore^^^); ]
I0420 18:25:23.649891 18788 processor.cc:742] Processor: start processing batch 32275435-e67e-4e83-aa4e-944b12405678 into model nwt
I0420 18:25:23.650892 11932 processor.cc:830] Processor: complete processing batch 87a88801-cb0f-4cd9-8137-b93300ae9e79 into model nwt
I0420 18:25:23.651892 11932 cuckoo_watch.h:44] 28ms in ProcessBatch(lect_batch\aaaabh.batch) [including 4ms in LoadMessage; 0ms in InitializeSparseNdw; 10ms in InferThetaAndUpdateNwtSparse; 8ms in CalculateScore(^^^ItemsProcessedScore^^^); ]
I0420 18:25:23.654394 19248 processor.cc:830] Processor: complete processing batch c37c2ed2-a8a9-47a3-8014-2fe358010d54 into model nwt
I0420 18:25:23.656397 19248 cuckoo_watch.h:44] 104ms in ProcessBatch(lect_batch\aaaabf.batch) [including 7ms in LoadMessage; 4ms in InitializeSparseNdw; 52ms in InferThetaAndUpdateNwtSparse; 34ms in CalculateScore(^^^ItemsProcessedScore^^^); ]
I0420 18:25:23.659399 18788 processor.cc:830] Processor: complete processing batch 32275435-e67e-4e83-aa4e-944b12405678 into model nwt
I0420 18:25:23.659899 18788 cuckoo_watch.h:44] 15ms in ProcessBatch(lect_batch\aaaabi.batch) [including 1ms in LoadMessage; 0ms in InitializeSparseNdw; 4ms in InferThetaAndUpdateNwtSparse; 4ms in CalculateScore(^^^ItemsProcessedScore^^^); ]
I0420 18:25:23.663401 14860 processor.cc:830] Processor: complete processing batch 8384b06c-f2be-4e54-a5ce-a22324f28de9 into model nwt
I0420 18:25:23.666402 14860 cuckoo_watch.h:44] 223ms in ProcessBatch(lect_batch\aaaabd.batch) [including 25ms in LoadMessage; 8ms in InitializeSparseNdw; 107ms in InferThetaAndUpdateNwtSparse; 76ms in CalculateScore(^^^ItemsProcessedScore^^^); ]
I0420 18:25:23.667904 13216 master_component.cc:1200] RegularizeModelArgs: rwt_target_name=rwt, pwt_source_name=pwt, nwt_source_name=nwt
I0420 18:25:23.667904 13216 master_component.cc:785] MasterComponent: start regularizing model pwt
I0420 18:25:23.728446 11932 processor.cc:659] No data in processing queue, waiting...
I0420 18:25:23.729449 19248 processor.cc:659] No data in processing queue, waiting...
I0420 18:25:23.734452 18788 processor.cc:659] No data in processing queue, waiting...
I0420 18:25:23.736454 14860 processor.cc:659] No data in processing queue, waiting...
I0420 18:25:24.122728  2132 c_interface.cc:523] Pass GetScoreValueArgs, score_name=^^^ItemsProcessedScore^^^ to MasterComponent::Request
I0420 18:25:24.122728  2132 c_interface.cc:205] ArtmCopyRequestedMessage is copying 54 bytes...
I0420 18:25:24.379910 13216 master_component.cc:808] MasterComponent: complete regularizing model pwt
I0420 18:25:24.380410 13216 master_component.cc:1211] NormalizeModelArgs: pwt_target_name=pwt, nwt_source_name=nwt, rwt_source_name=rwt
I0420 18:25:24.380410 13216 master_component.cc:812] MasterComponent: start normalizing model nwt
I0420 18:25:24.812503 13216 master_component.cc:834] MasterComponent: complete normalizing model nwt
I0420 18:25:25.124191  2132 c_interface.cc:523] Pass GetScoreValueArgs, score_name=^^^ItemsProcessedScore^^^ to MasterComponent::Request
I0420 18:25:25.124191  2132 c_interface.cc:205] ArtmCopyRequestedMessage is copying 54 bytes...
I0420 18:25:25.962365 13216 master_component.cc:1235] DisposeModel rwt
I0420 18:25:25.986387 13216 master_component.cc:858] FitOffline: ItemsProcessed, num_items=1728, num_batches=35, token_weight=808522, token_weight_in_effect=808522
I0420 18:25:26.004398  2132 c_interface.cc:523] Pass GetScoreValueArgs, score_name=^^^ItemsProcessedScore^^^ to MasterComponent::Request
I0420 18:25:26.004398  2132 c_interface.cc:205] ArtmCopyRequestedMessage is copying 54 bytes...
I0420 18:25:26.006400 13216 c_interface.cc:359] Pass FitOfflineMasterModelArgs, batch_filename_size=35, batch_weight_size=35, num_collection_passes=1 to void (__cdecl artm::core::MasterComponent::*)(class artm::FitOfflineMasterModelArgs const & __ptr64) __ptr64
I0420 18:25:26.006400 13216 master_component.cc:1162] ProcessBatchesArgs: nwt_target_name=nwt, batch_filename_size=35, batch_size=0, batch_weight_size=35, pwt_source_name=pwt, num_document_passes=1, regularizer=(name:SparsePhi, tau:100000), class=(text:1), class=(author:1), reuse_theta=yes, opt_for_avx=yes, predict_class_id=
I0420 18:25:26.204527 14860 processor.cc:666] Processing queue has data, processing started
I0420 18:25:26.205528 18788 processor.cc:666] Processing queue has data, processing started
I0420 18:25:26.211532 19248 processor.cc:666] Processing queue has data, processing started
I0420 18:25:26.211532 14860 processor.cc:742] Processor: start processing batch 89eea304-d5ab-438b-9efa-cecb2608618e into model nwt
I0420 18:25:26.214535 18788 processor.cc:742] Processor: start processing batch 3a94bd7b-574b-4c4c-8b24-25b7e58bf8e0 into model nwt
I0420 18:25:26.218538 11932 processor.cc:666] Processing queue has data, processing started
I0420 18:25:26.220538 19248 processor.cc:742] Processor: start processing batch 94d56e49-c46d-47f3-ac85-fb497313e2ad into model nwt
I0420 18:25:26.226542 11932 processor.cc:742] Processor: start processing batch 6c923f16-c2bd-4b09-889c-e6661382781e into model nwt
I0420 18:25:26.233547 14860 processor.cc:830] Processor: complete processing batch 89eea304-d5ab-438b-9efa-cecb2608618e into model nwt
I0420 18:25:26.234549 14860 cuckoo_watch.h:44] 29ms in ProcessBatch(lect_batch\aaaaaa.batch) [including 3ms in LoadMessage; 0ms in InitializeSparseNdw; 12ms in InferThetaAndUpdateNwtSparse; 8ms in CalculateScore(^^^ItemsProcessedScore^^^); ]
I0420 18:25:26.240552 18788 processor.cc:830] Processor: complete processing batch 3a94bd7b-574b-4c4c-8b24-25b7e58bf8e0 into model nwt
I0420 18:25:26.241554 18788 cuckoo_watch.h:44] 35ms in ProcessBatch(lect_batch\aaaaab.batch) [including 4ms in LoadMessage; 0ms in InitializeSparseNdw; 13ms in InferThetaAndUpdateNwtSparse; 11ms in CalculateScore(^^^ItemsProcessedScore^^^); ]
I0420 18:25:26.247557 14860 processor.cc:742] Processor: start processing batch e8f98400-6be6-4dbe-b465-399aa5c94cc8 into model nwt
I0420 18:25:26.252560 18788 processor.cc:742] Processor: start processing batch a4b3f430-17fa-4972-9fe7-e36398e27f77 into model nwt
I0420 18:25:26.274581 19248 processor.cc:830] Processor: complete processing batch 94d56e49-c46d-47f3-ac85-fb497313e2ad into model nwt
I0420 18:25:26.275583 19248 cuckoo_watch.h:44] 64ms in ProcessBatch(lect_batch\aaaaac.batch) [including 5ms in LoadMessage; 1ms in InitializeSparseNdw; 18ms in InferThetaAndUpdateNwtSparse; 33ms in CalculateScore(^^^ItemsProcessedScore^^^); ]
I0420 18:25:26.284595 19248 processor.cc:742] Processor: start processing batch 434f7b0e-7cec-4f94-a420-dd1a2b522d43 into model nwt
I0420 18:25:26.294601 14860 processor.cc:830] Processor: complete processing batch e8f98400-6be6-4dbe-b465-399aa5c94cc8 into model nwt
I0420 18:25:26.295603 14860 cuckoo_watch.h:44] 61ms in ProcessBatch(lect_batch\aaaaae.batch) [including 5ms in LoadMessage; 2ms in InitializeSparseNdw; 27ms in InferThetaAndUpdateNwtSparse; 17ms in CalculateScore(^^^ItemsProcessedScore^^^); ]
I0420 18:25:26.300606 11932 processor.cc:830] Processor: complete processing batch 6c923f16-c2bd-4b09-889c-e6661382781e into model nwt
I0420 18:25:26.301606 11932 cuckoo_watch.h:44] 83ms in ProcessBatch(lect_batch\aaaaad.batch) [including 4ms in LoadMessage; 2ms in InitializeSparseNdw; 37ms in InferThetaAndUpdateNwtSparse; 33ms in CalculateScore(^^^ItemsProcessedScore^^^); ]
I0420 18:25:26.309612 11932 processor.cc:742] Processor: start processing batch 5f8589ed-f350-4c78-bc79-d320c047188a into model nwt
I0420 18:25:26.322621 14860 processor.cc:742] Processor: start processing batch 9d9610e8-b61d-4697-afd4-9fa40ebd8442 into model nwt
I0420 18:25:26.336630 18788 processor.cc:830] Processor: complete processing batch a4b3f430-17fa-4972-9fe7-e36398e27f77 into model nwt
I0420 18:25:26.337631 18788 cuckoo_watch.h:44] 95ms in ProcessBatch(lect_batch\aaaaaf.batch) [including 7ms in LoadMessage; 2ms in InitializeSparseNdw; 35ms in InferThetaAndUpdateNwtSparse; 45ms in CalculateScore(^^^ItemsProcessedScore^^^); ]
I0420 18:25:26.345638 19248 processor.cc:830] Processor: complete processing batch 434f7b0e-7cec-4f94-a420-dd1a2b522d43 into model nwt
I0420 18:25:26.346638 18788 processor.cc:742] Processor: start processing batch 44addf73-91a5-4d85-bd13-27098a37e4d8 into model nwt
I0420 18:25:26.350641 19248 cuckoo_watch.h:44] 75ms in ProcessBatch(lect_batch\aaaaag.batch) [including 5ms in LoadMessage; 2ms in InitializeSparseNdw; 32ms in InferThetaAndUpdateNwtSparse; 26ms in CalculateScore(^^^ItemsProcessedScore^^^); ]
I0420 18:25:26.359647 19248 processor.cc:742] Processor: start processing batch 306059a4-800c-455a-bcae-c707c939e80c into model nwt
I0420 18:25:26.361649 11932 processor.cc:830] Processor: complete processing batch 5f8589ed-f350-4c78-bc79-d320c047188a into model nwt
I0420 18:25:26.362649 11932 cuckoo_watch.h:44] 60ms in ProcessBatch(lect_batch\aaaaai.batch) [including 4ms in LoadMessage; 1ms in InitializeSparseNdw; 32ms in InferThetaAndUpdateNwtSparse; 16ms in CalculateScore(^^^ItemsProcessedScore^^^); ]
I0420 18:25:26.374680 11932 processor.cc:742] Processor: start processing batch e832fa18-34c3-47ab-a4a2-c598342a4cc5 into model nwt
I0420 18:25:26.378684 14860 processor.cc:830] Processor: complete processing batch 9d9610e8-b61d-4697-afd4-9fa40ebd8442 into model nwt
I0420 18:25:26.381188 14860 cuckoo_watch.h:44] 84ms in ProcessBatch(lect_batch\aaaaah.batch) [including 22ms in LoadMessage; 5ms in InitializeSparseNdw; 21ms in InferThetaAndUpdateNwtSparse; 28ms in CalculateScore(^^^ItemsProcessedScore^^^); ]
I0420 18:25:26.392192 14860 processor.cc:742] Processor: start processing batch 83756c37-96eb-4334-af0e-e28b6c2001bb into model nwt
I0420 18:25:26.396695 18788 processor.cc:830] Processor: complete processing batch 44addf73-91a5-4d85-bd13-27098a37e4d8 into model nwt
I0420 18:25:26.397697 18788 cuckoo_watch.h:44] 59ms in ProcessBatch(lect_batch\aaaaaj.batch) [including 4ms in LoadMessage; 2ms in InitializeSparseNdw; 28ms in InferThetaAndUpdateNwtSparse; 19ms in CalculateScore(^^^ItemsProcessedScore^^^); ]
I0420 18:25:26.408205 18788 processor.cc:742] Processor: start processing batch 4d52cea1-bcd4-4e3e-9acb-13507bc04c2c into model nwt
I0420 18:25:26.412207 19248 processor.cc:830] Processor: complete processing batch 306059a4-800c-455a-bcae-c707c939e80c into model nwt
I0420 18:25:26.413708 19248 cuckoo_watch.h:44] 62ms in ProcessBatch(lect_batch\aaaaak.batch) [including 4ms in LoadMessage; 1ms in InitializeSparseNdw; 33ms in InferThetaAndUpdateNwtSparse; 17ms in CalculateScore(^^^ItemsProcessedScore^^^); ]
I0420 18:25:26.428218 19248 processor.cc:742] Processor: start processing batch c26ed093-a126-453f-9ba4-b4a8a1b2d080 into model nwt
I0420 18:25:26.437724 11932 processor.cc:830] Processor: complete processing batch e832fa18-34c3-47ab-a4a2-c598342a4cc5 into model nwt
I0420 18:25:26.439226 11932 cuckoo_watch.h:44] 76ms in ProcessBatch(lect_batch\aaaaal.batch) [including 7ms in LoadMessage; 13ms in InitializeSparseNdw; 24ms in InferThetaAndUpdateNwtSparse; 25ms in CalculateScore(^^^ItemsProcessedScore^^^); ]
I0420 18:25:26.450234 11932 processor.cc:742] Processor: start processing batch f19fae93-f841-459d-bf3e-7889d79e0ab2 into model nwt
I0420 18:25:26.457239 14860 processor.cc:830] Processor: complete processing batch 83756c37-96eb-4334-af0e-e28b6c2001bb into model nwt
I0420 18:25:26.458742 14860 cuckoo_watch.h:44] 77ms in ProcessBatch(lect_batch\aaaaam.batch) [including 7ms in LoadMessage; 2ms in InitializeSparseNdw; 32ms in InferThetaAndUpdateNwtSparse; 29ms in CalculateScore(^^^ItemsProcessedScore^^^); ]
I0420 18:25:26.470748 14860 processor.cc:742] Processor: start processing batch 43e5f07c-b707-449e-b6af-3f1a3abc4d95 into model nwt
I0420 18:25:26.491763 11932 processor.cc:830] Processor: complete processing batch f19fae93-f841-459d-bf3e-7889d79e0ab2 into model nwt
I0420 18:25:26.492763 11932 cuckoo_watch.h:44] 53ms in ProcessBatch(lect_batch\aaaaap.batch) [including 4ms in LoadMessage; 2ms in InitializeSparseNdw; 22ms in InferThetaAndUpdateNwtSparse; 16ms in CalculateScore(^^^ItemsProcessedScore^^^); ]
I0420 18:25:26.501770 18788 processor.cc:830] Processor: complete processing batch 4d52cea1-bcd4-4e3e-9acb-13507bc04c2c into model nwt
I0420 18:25:26.502271 19248 processor.cc:830] Processor: complete processing batch c26ed093-a126-453f-9ba4-b4a8a1b2d080 into model nwt
I0420 18:25:26.503772 18788 cuckoo_watch.h:44] 105ms in ProcessBatch(lect_batch\aaaaan.batch) [including 6ms in LoadMessage; 11ms in InitializeSparseNdw; 46ms in InferThetaAndUpdateNwtSparse; 35ms in CalculateScore(^^^ItemsProcessedScore^^^); ]
I0420 18:25:26.504272 11932 processor.cc:742] Processor: start processing batch 288a7c66-4706-409c-ab6a-44da1abfcd4e into model nwt
I0420 18:25:26.507274 19248 cuckoo_watch.h:44] 93ms in ProcessBatch(lect_batch\aaaaao.batch) [including 7ms in LoadMessage; 3ms in InitializeSparseNdw; 42ms in InferThetaAndUpdateNwtSparse; 27ms in CalculateScore(^^^ItemsProcessedScore^^^); ]
I0420 18:25:26.513278 18788 processor.cc:742] Processor: start processing batch 1cc1ce47-daf0-42f0-b58a-6ee7796456ce into model nwt
I0420 18:25:26.520783 19248 processor.cc:742] Processor: start processing batch d4854b82-2c49-4f4f-b4fa-c1f37d6f044c into model nwt
I0420 18:25:26.528789 14860 processor.cc:830] Processor: complete processing batch 43e5f07c-b707-449e-b6af-3f1a3abc4d95 into model nwt
I0420 18:25:26.530791 14860 cuckoo_watch.h:44] 71ms in ProcessBatch(lect_batch\aaaaaq.batch) [including 6ms in LoadMessage; 2ms in InitializeSparseNdw; 35ms in InferThetaAndUpdateNwtSparse; 20ms in CalculateScore(^^^ItemsProcessedScore^^^); ]
I0420 18:25:26.544301 11932 processor.cc:830] Processor: complete processing batch 288a7c66-4706-409c-ab6a-44da1abfcd4e into model nwt
I0420 18:25:26.545801 11932 cuckoo_watch.h:44] 52ms in ProcessBatch(lect_batch\aaaaar.batch) [including 7ms in LoadMessage; 2ms in InitializeSparseNdw; 20ms in InferThetaAndUpdateNwtSparse; 17ms in CalculateScore(^^^ItemsProcessedScore^^^); ]
I0420 18:25:26.545801 14860 processor.cc:742] Processor: start processing batch df5cfc40-f3eb-4708-82d3-58c84efbe69b into model nwt
I0420 18:25:26.561312 11932 processor.cc:742] Processor: start processing batch 242701f2-b343-4b71-8b56-53eeb3cc61fa into model nwt
I0420 18:25:26.590834 18788 processor.cc:830] Processor: complete processing batch 1cc1ce47-daf0-42f0-b58a-6ee7796456ce into model nwt
I0420 18:25:26.592334 18788 cuckoo_watch.h:44] 88ms in ProcessBatch(lect_batch\aaaaas.batch) [including 5ms in LoadMessage; 3ms in InitializeSparseNdw; 29ms in InferThetaAndUpdateNwtSparse; 44ms in CalculateScore(^^^ItemsProcessedScore^^^); ]
I0420 18:25:26.608846 18788 processor.cc:742] Processor: start processing batch 23d6cf7c-958e-4135-a9ed-a548321129f2 into model nwt
I0420 18:25:26.662384 19248 processor.cc:830] Processor: complete processing batch d4854b82-2c49-4f4f-b4fa-c1f37d6f044c into model nwt
I0420 18:25:26.664386 19248 cuckoo_watch.h:44] 157ms in ProcessBatch(lect_batch\aaaaat.batch) [including 10ms in LoadMessage; 5ms in InitializeSparseNdw; 75ms in InferThetaAndUpdateNwtSparse; 59ms in CalculateScore(^^^ItemsProcessedScore^^^); ]
I0420 18:25:26.693406 19248 processor.cc:742] Processor: start processing batch 69c23a94-e5e1-4f80-8676-7a5cff167645 into model nwt
I0420 18:25:26.769459 11932 processor.cc:830] Processor: complete processing batch 242701f2-b343-4b71-8b56-53eeb3cc61fa into model nwt
I0420 18:25:26.769961 14860 processor.cc:830] Processor: complete processing batch df5cfc40-f3eb-4708-82d3-58c84efbe69b into model nwt
I0420 18:25:26.772464 11932 cuckoo_watch.h:44] 226ms in ProcessBatch(lect_batch\aaaaav.batch) [including 12ms in LoadMessage; 27ms in InitializeSparseNdw; 95ms in InferThetaAndUpdateNwtSparse; 85ms in CalculateScore(^^^ItemsProcessedScore^^^); ]
I0420 18:25:26.773463 14860 cuckoo_watch.h:44] 242ms in ProcessBatch(lect_batch\aaaaau.batch) [including 11ms in LoadMessage; 8ms in InitializeSparseNdw; 117ms in InferThetaAndUpdateNwtSparse; 97ms in CalculateScore(^^^ItemsProcessedScore^^^); ]
I0420 18:25:26.797981 14860 processor.cc:742] Processor: start processing batch e68e1696-9770-4e23-89ed-28c5beeaf64b into model nwt
I0420 18:25:26.801482 11932 processor.cc:742] Processor: start processing batch 8510b034-6c47-4422-89c3-095354b2f706 into model nwt
I0420 18:25:26.827003 18788 processor.cc:830] Processor: complete processing batch 23d6cf7c-958e-4135-a9ed-a548321129f2 into model nwt
I0420 18:25:26.829004 18788 cuckoo_watch.h:44] 236ms in ProcessBatch(lect_batch\aaaaaw.batch) [including 13ms in LoadMessage; 9ms in InitializeSparseNdw; 104ms in InferThetaAndUpdateNwtSparse; 104ms in CalculateScore(^^^ItemsProcessedScore^^^); ]
I0420 18:25:26.848517 18788 processor.cc:742] Processor: start processing batch 97f7f6cc-a95a-4510-a7c5-57e8ebbd8cf8 into model nwt
I0420 18:25:26.917565 19248 processor.cc:830] Processor: complete processing batch 69c23a94-e5e1-4f80-8676-7a5cff167645 into model nwt
I0420 18:25:26.920068 19248 cuckoo_watch.h:44] 255ms in ProcessBatch(lect_batch\aaaaax.batch) [including 25ms in LoadMessage; 12ms in InitializeSparseNdw; 112ms in InferThetaAndUpdateNwtSparse; 98ms in CalculateScore(^^^ItemsProcessedScore^^^); ]
I0420 18:25:26.933076 19248 processor.cc:742] Processor: start processing batch 731b4771-b9ba-472c-9613-a3ef1ed6a4c3 into model nwt
I0420 18:25:26.979609 14860 processor.cc:830] Processor: complete processing batch e68e1696-9770-4e23-89ed-28c5beeaf64b into model nwt
I0420 18:25:26.982611 11932 processor.cc:830] Processor: complete processing batch 8510b034-6c47-4422-89c3-095354b2f706 into model nwt
I0420 18:25:26.983613 14860 cuckoo_watch.h:44] 209ms in ProcessBatch(lect_batch\aaaaaz.batch) [including 12ms in LoadMessage; 8ms in InitializeSparseNdw; 94ms in InferThetaAndUpdateNwtSparse; 78ms in CalculateScore(^^^ItemsProcessedScore^^^); ]
I0420 18:25:26.993619 11932 cuckoo_watch.h:44] 221ms in ProcessBatch(lect_batch\aaaaay.batch) [including 25ms in LoadMessage; 8ms in InitializeSparseNdw; 97ms in InferThetaAndUpdateNwtSparse; 74ms in CalculateScore(^^^ItemsProcessedScore^^^); ]
I0420 18:25:26.994621 14860 processor.cc:742] Processor: start processing batch 8ecb0f11-dfe7-47fd-b195-6ef52282e1ec into model nwt
I0420 18:25:27.010131 11932 processor.cc:742] Processor: start processing batch 8384b06c-f2be-4e54-a5ce-a22324f28de9 into model nwt
I0420 18:25:27.034647  2132 c_interface.cc:523] Pass GetScoreValueArgs, score_name=^^^ItemsProcessedScore^^^ to MasterComponent::Request
I0420 18:25:27.035150  2132 c_interface.cc:205] ArtmCopyRequestedMessage is copying 54 bytes...
I0420 18:25:27.043654 18788 processor.cc:830] Processor: complete processing batch 97f7f6cc-a95a-4510-a7c5-57e8ebbd8cf8 into model nwt
I0420 18:25:27.045656 18788 cuckoo_watch.h:44] 216ms in ProcessBatch(lect_batch\aaaaba.batch) [including 15ms in LoadMessage; 8ms in InitializeSparseNdw; 99ms in InferThetaAndUpdateNwtSparse; 86ms in CalculateScore(^^^ItemsProcessedScore^^^); ]
I0420 18:25:27.059165 18788 processor.cc:742] Processor: start processing batch 4d9f02b5-ee08-4635-aae2-2b57f1e0a8f0 into model nwt
I0420 18:25:27.070174 19248 processor.cc:830] Processor: complete processing batch 731b4771-b9ba-472c-9613-a3ef1ed6a4c3 into model nwt
I0420 18:25:27.072175 19248 cuckoo_watch.h:44] 152ms in ProcessBatch(lect_batch\aaaabb.batch) [including 9ms in LoadMessage; 6ms in InitializeSparseNdw; 74ms in InferThetaAndUpdateNwtSparse; 55ms in CalculateScore(^^^ItemsProcessedScore^^^); ]
I0420 18:25:27.116206 19248 processor.cc:742] Processor: start processing batch c37c2ed2-a8a9-47a3-8014-2fe358010d54 into model nwt
I0420 18:25:27.125212 14860 processor.cc:830] Processor: complete processing batch 8ecb0f11-dfe7-47fd-b195-6ef52282e1ec into model nwt
I0420 18:25:27.127213 14860 cuckoo_watch.h:44] 143ms in ProcessBatch(lect_batch\aaaabc.batch) [including 7ms in LoadMessage; 31ms in InitializeSparseNdw; 51ms in InferThetaAndUpdateNwtSparse; 46ms in CalculateScore(^^^ItemsProcessedScore^^^); ]
I0420 18:25:27.134219 14860 processor.cc:742] Processor: start processing batch 57a3605c-f749-4c76-ae3c-eed8ccccdecb into model nwt
I0420 18:25:27.170744 14860 processor.cc:830] Processor: complete processing batch 57a3605c-f749-4c76-ae3c-eed8ccccdecb into model nwt
I0420 18:25:27.171746 14860 cuckoo_watch.h:44] 44ms in ProcessBatch(lect_batch\aaaabg.batch) [including 3ms in LoadMessage; 1ms in InitializeSparseNdw; 23ms in InferThetaAndUpdateNwtSparse; 11ms in CalculateScore(^^^ItemsProcessedScore^^^); ]
I0420 18:25:27.178249 14860 processor.cc:742] Processor: start processing batch 87a88801-cb0f-4cd9-8137-b93300ae9e79 into model nwt
I0420 18:25:27.210273 11932 processor.cc:830] Processor: complete processing batch 8384b06c-f2be-4e54-a5ce-a22324f28de9 into model nwt
I0420 18:25:27.212774 11932 cuckoo_watch.h:44] 218ms in ProcessBatch(lect_batch\aaaabd.batch) [including 12ms in LoadMessage; 8ms in InitializeSparseNdw; 98ms in InferThetaAndUpdateNwtSparse; 93ms in CalculateScore(^^^ItemsProcessedScore^^^); ]
I0420 18:25:27.215777 14860 processor.cc:830] Processor: complete processing batch 87a88801-cb0f-4cd9-8137-b93300ae9e79 into model nwt
I0420 18:25:27.215777 19248 processor.cc:830] Processor: complete processing batch c37c2ed2-a8a9-47a3-8014-2fe358010d54 into model nwt
I0420 18:25:27.216778 14860 cuckoo_watch.h:44] 44ms in ProcessBatch(lect_batch\aaaabh.batch) [including 3ms in LoadMessage; 0ms in InitializeSparseNdw; 11ms in InferThetaAndUpdateNwtSparse; 24ms in CalculateScore(^^^ItemsProcessedScore^^^); ]
